
 frequency_dependence   1

 band_index   711   732
 sigma_matrix     0   0

 finite_difference_form   2
 finite_difference_spacing  1.000000

 symmetries
 ntran  =  1
 mtrx01 =  1  0  0  0  1  0  0  0  1

       k =  0.000000  0.000000  0.000000 ik =   1 spin = 1

   n         Emf          Eo           X        SX-X          CH         Sig         Vxc        Eqp0        Eqp1         CH`        Sig`       Eqp0`       Eqp1`         Znk
 711   -4.712051   -4.712051  -15.281315    8.960098   -8.258147  -14.579365  -13.843209   -5.448207   -5.325268   -7.253940  -13.575157   -4.444000   -4.488765    0.832998
 712   -4.627792   -4.627792  -15.114313    8.863170   -8.232951  -14.484095  -13.789305   -5.322582   -5.207680   -7.231742  -13.482886   -4.321373   -4.372047    0.834624
 713   -4.618420   -4.618420  -15.204923    8.913801   -8.252783  -14.543905  -13.821506   -5.340819   -5.220912   -7.245652  -13.536774   -4.333688   -4.380949    0.834015
 714   -4.610974   -4.610974  -15.174747    8.892771   -8.224504  -14.506480  -13.777321   -5.340133   -5.219030   -7.221410  -13.503385   -4.337038   -4.382535    0.833914
 715   -4.559063   -4.559063  -15.300730    8.957110   -8.323531  -14.667151  -13.942859   -5.283355   -5.163111   -7.300281  -13.643902   -4.260106   -4.309737    0.833984
 716   -4.363436   -4.363436  -14.977355    8.756657   -8.168400  -14.389098  -13.640915   -5.111618   -4.987180   -7.162757  -13.383454   -4.105975   -4.148796    0.833679
 717   -4.325918   -4.325918  -14.943049    8.721821   -8.286500  -14.507727  -13.859152   -4.974493   -4.867582   -7.263776  -13.485003   -3.951769   -4.013443    0.835161
 718   -4.225853   -4.225853  -14.819569    8.633867   -7.990095  -14.175797  -13.356946   -5.044704   -4.907852   -7.003133  -13.188835   -4.057741   -4.085837    0.832874
 719   -4.197941   -4.197941  -14.668041    8.520338   -8.295133  -14.442836  -13.847809   -4.792968   -4.695393   -7.265743  -13.413446   -3.763578   -3.834807    0.836016
 720   -4.182920   -4.182920  -14.673462    8.528003   -8.231570  -14.377029  -13.741300   -4.818648   -4.714005   -7.210999  -13.356458   -3.798077   -3.861424    0.835396
 721   -4.103096   -4.103096  -14.688219    8.515189   -8.355922  -14.528953  -13.939071   -4.692977   -4.596320   -7.309071  -13.482102   -3.646126   -3.721004    0.836141
 722   -4.071901   -4.071901  -14.642777    8.479708   -8.351532  -14.514601  -13.926714   -4.659787   -4.563473   -7.303446  -13.466515   -3.611701   -3.687096    0.836169
 723   -4.022228   -4.022228  -14.506967    8.361664   -8.337490  -14.482793  -13.901633   -4.603387   -4.508348   -7.288930  -13.434233   -3.554828   -3.631264    0.836466
 724   -3.991371   -3.991371  -14.589675    8.443203   -7.801885  -13.948358  -13.054452   -4.885276   -4.735869   -6.828940  -12.975412   -3.912331   -3.925542    0.832861
 725   -3.856910   -3.856910  -14.414987    8.353445   -8.128257  -14.189799  -13.512347   -4.534363   -4.422451   -7.108002  -13.169544   -3.514108   -3.570737    0.834805
 726   -3.855458   -3.855458  -14.331271    8.250489   -8.356792  -14.437575  -13.925270   -4.367763   -4.284369   -7.301140  -13.381923   -3.312111   -3.400558    0.837218
 727   -3.781776   -3.781776  -14.364242    8.275427   -8.169035  -14.257851  -13.625687   -4.413939   -4.310076   -7.136397  -13.225213   -3.381301   -3.447098    0.835702
 728   -3.739108   -3.739108  -14.282322    8.211096   -8.360610  -14.431836  -13.931647   -4.239298   -4.157816   -7.302450  -13.373676   -3.181138   -3.272032    0.837099
 729   -3.621032   -3.621032  -14.228242    8.219445   -8.199959  -14.208756  -13.605089   -4.224698   -4.125314   -7.160795  -13.169591   -3.185533   -3.257231    0.835366
 730   -3.351722   -3.351722  -13.851291    7.860711   -8.424998  -14.415578  -14.008497   -3.758803   -3.692898   -7.335345  -13.325925   -2.669150   -2.779657    0.838103
 731   -3.257259   -3.257259  -13.659478    7.779890   -8.351874  -14.231462  -13.812223   -3.676498   -3.608144   -7.273189  -13.152776   -2.597812   -2.705330    0.836957
 732   -2.641590   -2.641590  -10.819695    6.420733   -8.404604  -12.803566  -13.738853   -1.706304   -1.862014   -7.295326  -11.694288   -0.597025   -0.937413    0.833516


================================================================================

    n = band index.
  Emf = "inner" mean-field energy eigenvalue used to construct Sigma(E),
        read from WFN_inner.
   Eo = "outer" mean-field energy eigenvalue where we center the evaluation
        frequency grid {E} of Sigma(E). Defaults to Emf, unless
        you use WFN_outer and eqp_outer.dat / scissors_outer.
  Vxc = exchange-correlation pot., calculated from VXC or read from vxc.dat.
  KIH = Kinetic energy + Ionic potential + Hartree, read from kih.dat.
    X = bare exchange.
   SX = screened exchange contrib. to Sigma(E) at energy E=Eo
   CH = Coulomb hole contrib. to Sigma(E) at energy E=Eo
  Cor = SX-X + CH = correlation portion of Sigma(E) at energy E=Eo.
  Sig = X + Cor = self energy, Sigma(E), at energy E=Eo.
 Eqp0 = on-shell QP energy = Emf - Vxc + Sig(Eo)
        Eqp0 is *not* the recommended quantity to use for QP properties.
 Eqp1 = off-shell solution to the linearized  Dyson`s equation
      = Eqp0 + (dSig/dE) / (1 - dSig/dE) * (Eqp0 - Eo),
        or a full linear interpolation if more freq. points where computed.
        Eqp1 is the recommended quantity to use for QP properties.
  Znk = quasiparticle renormalization factor

 Notes on the static remainder:
 - Unprimed values, such as Eqp0, are evaluated WITH the static remainder
 - Primed values, such as Eqp0`, are evaluated WITHOUT the static remainder

 Notes on the finite_difference_form from sigma.inp file:
   none    : -2 => dSig/dE = 0 (skip the expansion)
   backward: -1 => dSig/dE = (Sig(Eo) - Sig(Eo-dE)) / dE
   central :  0 => dSig/dE = (Sig(Eo+dE) - Sig(Eo-dE)) / (2*dE)
   forward :  1 => dSig/dE = (Sig(Eo+dE) - Sig(Eo)) / dE
   default :  2 => forward for diagonal and none for off-diagonal
   dE is finite_difference_spacing from Sigma.inp file.
   We are using the form #2 with dE = 1.000 eV.

 General notes:
 - All energies are reported here in eV.
 - Both Emf and Vxc contain the average pot. Vxc0, so Vxc0 doesn`t affect Sigma.
 - Eqp1 and Eqp0 are Eqs. (36-37) from Hybertsen & Louie PRB 34 5390.
 - We recommend you use Eqp1 for QP properties of materials.

================================================================================

