
 BerkeleyGW version 3.0
 Sigma code, Complex version, run on 14-Jun-2024 at 09:21:58 -0700

                                                                 ..o.          
                                                                .oxxo.         
                                                               .oxxxxo...      
                                                               oxxxxxxo.       
                                                              .oxxxxxxx.       
                                                              .ooooooxxo..     
                                                              .oooooooxo..     
                                                              .oooooxxo...     
                                                       .........oxooo......    
                                                 ............................  
                                             ................................. 
                                          .................................... 
           .          ..oo. ....  .................................oooxxxxxxxo.
     .............oxxxx@ox@@@x@x.....................o...........ooooooooooxx. 
    .o.........oox@x.oo........xxx@@............ooxxxxo..........ooooxxxxxoxo  
    .x........x@xxo...............o@xxo........oxxx@@@xoooooooooooooooxxxo...  
    .o......ox@@o..................oox@o.....ooxxx@xoooxxxxxxxoooooooooooo.... 
    o..ooooo@@xoooo....ooo...........x@o.....ooxxxxo   .oxxxxxxxxxxooooooo.... 
    . .oooo@@@@@@@@@@@@@@@@@@@@@@@@@@@@@@....ooooox.     .oxx@@@@@xxoo........ 
      .ooooxxxxxxxooooooxooooooooooooooxo...oooooxx.        ..ox@xxxoo.........
      .ooooooxxxx@xoooooooooooooxxoooooooooooxxxxx.            .oxxooooooooxxo.
     .oooooxxxxx@@@xxxxxxxxxxxxxxxxxxxxxxxxoxxxxo.                .oxxxxxxxxo. 
   ....oooxxxxx@@@xo..oxxx@@@@@@xxxxoxxoooooooxx.                  .oxxxoo..   
  .....ooxxxx@@xo.       ........    .ooooooooxxo                              
  ..oooxxxx@@@o                       .oooooooxoo.                             
  ....oxooxxxxx.                       .ooo..oooo.                             
  .....o.ooxxxxxo.                     .oooooooxo.                             
 ......ooooxxxxxxo.                     .ooooooxoo..                           
........ooxxxxxxxo..                     .o....oxoo...                         
.......ooooxxxxxxxo.                     ........oooo.                         
.ooooooo..ooxxxxoooo.                    .........ooo...                       
..oxo...ooooxxxoooo..                    .ooo......oooo...                     
  .ooooo....o.                            .oxxxoo....ooo....                   
    .oooooo...                              ...ooooo...ooo..                   
       ...                                     .oo.......                      
                                               ....ooo...                      
                      __              __                                       
 ______              [  |            [  |                 ._____  _          _ 
|_   _ \              | |  _          | |                /  ___ \| |        | |
  | |_) | .---.  _. _.| | / |  .---.  | | .---.  _    _ / /    \_|\ \  /\  / / 
  |  __'./ /__\\[ /`\_| '' <  / /__\\ | |/ /__\\| \  | | |   _____ \ \/  \/ /  
 _| |__| | \__. | |   | |`\ \ | \___. | || \___. \ \/ / \ \.___| |  \  /\  /   
|_______/ \.__./[_]  [__|  \_] \.__./[___]\.__./  \  /   \.____./    \/  \/    
                                                  / /                          
                                                 /_/                           
 --------------------------------------------------------------------------------
 Please cite the main BerkeleyGW paper when using results from this calculation:

 Jack Deslippe, Georgy Samsonidze, David A. Strubbe, Manish Jain, Marvin L.
 Cohen, and Steven G. Louie, "BerkeleyGW: A Massively Parallel Computer Package
 for the Calculation of the Quasiparticle and Optical Properties of Materials
 and Nanostructures," Comput. Phys. Commun. 183, 1269 (2012)

 Aditionally, PLEASE CITE ALL PAPERS REPORTED AT THE END OF THIS CALCULATION.
 --------------------------------------------------------------------------------

 Running MPI version (parallel)
 Running with 1206 MPI task(s)
 Using OpenMP. Number of threads per MPI task: 2

 Compilation flags:
 - Compiler: GNU
 - Para. flags: MPI, OMP
 - Math  flags: USESCALAPACK, UNPACKED, USEFFTW3, HDF5
 - Debug flags: 

 Running with verbosity level 1 (default).

 Using the Generalized Plasmon Pole model

 We are communicating via MPI

 Computing CH as a partial sum over empty bands with the static remainder

 Running with semiconductor screening

 We are using a truncated Coulomb interaction: cell wire
 Cutoff for Monte-Carlo average of Coulomb potential: 1.000E-012 Ry

 Reading exchange-correlation matrix elements from vxc.dat file

 Treating W within the Hybertsen-Louie Generalized Plasmon Pole model

 Memory available: 25567.1 MB per PE

 Read from eps0mat.h5:
 - Number of G-vectors in the charge-density grid: 11053081
 - Max. number of G-vectors for dielectric matrices: 123471
 - Cutoff of the dielectric matrix (Ry): 12.000
 - Number of imaginary frequencies: 0
 - Total number of frequencies: 1
 - Frequency dependence: 0
 - Number of q-points: 1
 - Q grid: 1 1 2

 Read from epsmat.h5:
 - Number of G-vectors in the charge-density grid: 11053081
 - Max. number of G-vectors for dielectric matrices: 123668
 - Cutoff of the dielectric matrix: 12.000
 - Number of imaginary frequencies: 0
 - Total number of frequencies: 1
 - Frequency dependence: 0
 - Number of q-points: 1
 - Q grid: 1 1 2

 Reading header of WFN_inner
 Highest occupied band (unshifted grid) = 731
 Valence max    (unshifted grid) = -3.257259 eV
 Conduction min (unshifted grid) = -2.641590 eV
 Middle energy  (unshifted grid) = -2.949425 eV
 Fermi  energy  (unshifted grid) = -2.949425 eV


 Calculation parameters:
 - Cutoff of the bare Coulomb interaction (Ry): 60.00
 - Cutoff of the screened Coulomb interaction (Ry): 12.00
 - Number of G-vectors up to the bare int. cutoff: 1381955
 - Number of G-vectors up to the screened int. cutoff: 123471
 - Total number of bands in the calculation: 4824
 - Number of fully occupied valence bands: 731
 - Number of partially occ. conduction bands: 0

 Memory required for execution: 3966.8 MB per PE
 Memory required for vcoul: 162.2 MB per PE

 Number of electrons per unit cell (from ifmax) = 1462.000000
 Number of electrons per unit cell (from occupations) = 1462.000000
 Plasma Frequency = .646097 Ry

 Q-grid symmetries are being used.

 Parallelization report:
 - Using 1206 processor(s), 1 pool(s), 1206 processor(s) per pool.
 - Each pool is computing 41 diagonal sigma matrix element(s).
 - Each pool is computing 0 off-diagonal sigma matrix element(s).
 - Each processor is holding 4 band(s).


 Started reading wavefunctions (WFN_inner) with 9648 state(s) at 09:22:03.
 [ 09:22:03 |   0% ] state    1 / 9648.
 [ 09:22:03 |   0% ] state    3 / 9648, remaining: 357 s.
 [ 09:22:39 |  10% ] state  965 / 9648, remaining: 322 s.
 [ 09:23:15 |  20% ] state 1930 / 9648, remaining: 287 s.
 [ 09:23:50 |  30% ] state 2895 / 9648, remaining: 251 s.
 [ 09:24:26 |  40% ] state 3860 / 9648, remaining: 215 s.
 [ 09:25:02 |  50% ] state 4824 / 9648, remaining: 179 s.
 [ 09:25:39 |  60% ] state 5789 / 9648, remaining: 144 s.
 [ 09:26:13 |  70% ] state 6754 / 9648, remaining: 107 s.
 [ 09:26:46 |  80% ] state 7719 / 9648, remaining: 71 s.
 [ 09:27:20 |  90% ] state 8684 / 9648, remaining: 35 s.
 [ 09:27:53 | 100% ] state 9648 / 9648, remaining: 0 s.
 Finished reading wavefunctions (WFN_inner) at 09:27:54.
 Elapsed time: 351 s.


 Scissors parameters:
 - Valence:    es =   0.0000 eV, e0 =   0.0000 eV, edel =   0.0000
 - Conduction: es =   0.0000 eV, e0 =   0.0000 eV, edel =   0.0000

 Scissors parameters (outer):
 - Valence:    es =   0.0000 eV, e0 =   0.0000 eV, edel =   0.0000
 - Conduction: es =   0.0000 eV, e0 =   0.0000 eV, edel =   0.0000


 Data for sum rule:
 - rho(0,1) = 1462.000000 electrons
 - wp = 8.790598 eV

 Number of bands to compute diagonal self-energy matrix elements: 41
 Bands:
 - 711
 - 712
 - 713
 - 714
 - 715
 - 716
 - 717
 - 718
 - 719
 - 720
 - 721
 - 722
 - 723
 - 724
 - 725
 - 726
 - 727
 - 728
 - 729
 - 730
 - 731
 - 732
 - 733
 - 734
 - 735
 - 736
 - 737
 - 738
 - 739
 - 740
 - 741
 - 742
 - 743
 - 744
 - 745
 - 746
 - 747
 - 748
 - 749
 - 750
 - 751
 Number of off-diagonal bands to compute self-energy matrix elements: 0

 GPU acceleration is : DISABLED

 Algorithms used:
 - mtxel     : CPU_ALGO
 - sigma_gpp : CPU_ALGO

 Total number of frequencies in the dielectric matrix: 1
 Number of imag. frequencies in the dielectric matrix: 0


 Started reading eps0mat.h5 with 1 q-point(s) at 09:27:55.
 [ 09:27:55 |   0% ] q-point 1 / 1.
 Finished reading eps0mat.h5 at 09:30:23.
 Elapsed time: 147 s.


 Started reading epsmat.h5 with 1 q-point(s) at 09:30:23.
 [ 09:30:23 |   0% ] q-point 1 / 1.
 Finished reading epsmat.h5 at 09:32:51.
 Elapsed time: 148 s.

 Number of k-points in WFN_inner: 2
 Number of k-points in the full BZ of WFN_inner: 2

================================================================================
 09:32:51   Dealing with k =  0.000000  0.000000  0.500000                 1 / 1
================================================================================

 Reading vxc.dat
 Number of q-points in the irreducible BZ(k) (nrq): 2

 Started calculating Sigma with 82 block(s) at 09:32:51.
 [ 09:32:55 |   0% ] block  1 / 82.
 [ 10:02:00 |   2% ] block  3 / 82, remaining: 69750 s.
 [ 11:29:11 |  10% ] block  9 / 82, remaining: 64516 s.
 [ 13:25:19 |  20% ] block 17 / 82, remaining: 57510 s.
 [ 15:21:28 |  29% ] block 25 / 82, remaining: 50535 s.
 [ 17:17:44 |  39% ] block 33 / 82, remaining: 43574 s.
 [ 19:14:01 |  49% ] block 41 / 82, remaining: 36607 s.
 [ 21:25:00 |  60% ] block 50 / 82, remaining: 28773 s.
 [ 23:21:20 |  70% ] block 58 / 82, remaining: 21800 s.
 [ 01:17:39 |  79% ] block 66 / 82, remaining: 14825 s.
 [ 03:13:59 |  89% ] block 74 / 82, remaining: 7849 s.
 [ 05:10:21 |  99% ] block 82 / 82, remaining: 872 s.
 Finished calculating Sigma at 05:24:54.
 Elapsed time: 71522 s.

 Unsymmetrized values for ik =   2 spin = 1

     n      Emf       Eo      Vxc        X     SX-X       CH      Cor      Sig
   711   -4.580   -4.580  -13.846  -15.197    8.910   -8.267    0.643  -14.554
   712   -4.557   -4.557  -13.902  -15.234    8.917   -8.298    0.620  -14.615
   713   -4.546   -4.546  -13.864  -15.193    8.904   -8.278    0.626  -14.567
   714   -4.520   -4.520  -13.824  -15.018    8.766   -8.265    0.501  -14.517
   715   -4.517   -4.517  -13.813  -14.971    8.730   -8.264    0.466  -14.506
   716   -4.476   -4.476  -13.866  -15.008    8.759   -8.295    0.464  -14.544
   717   -4.467   -4.467  -13.864  -14.998    8.750   -8.295    0.455  -14.543
   718   -4.406   -4.406  -13.816  -14.878    8.682   -8.263    0.419  -14.459
   719   -4.403   -4.403  -13.680  -14.863    8.671   -8.176    0.495  -14.368
   720   -4.211   -4.211  -13.141  -14.775    8.624   -7.884    0.740  -14.036
   721   -4.058   -4.058  -13.881  -14.617    8.472   -8.317    0.156  -14.462
   722   -4.043   -4.043  -13.190  -14.649    8.500   -7.883    0.618  -14.031
   723   -3.978   -3.978  -13.891  -14.458    8.356   -8.331    0.025  -14.432
   724   -3.950   -3.950  -13.828  -14.461    8.367   -8.299    0.068  -14.394
   725   -3.873   -3.873  -13.967  -14.433    8.320   -8.381   -0.061  -14.493
   726   -3.841   -3.841  -13.856  -14.408    8.325   -8.328   -0.003  -14.411
   727   -3.796   -3.796  -13.040  -14.550    8.441   -7.817    0.624  -13.926
   728   -3.594   -3.594  -13.980  -14.088    8.037   -8.402   -0.365  -14.453
   729   -3.534   -3.534  -13.904  -14.007    7.998   -8.366   -0.368  -14.375
   730   -3.468   -3.468  -13.965  -13.942    7.948   -8.394   -0.447  -14.389
   731   -3.339   -3.339  -13.703  -13.760    7.884   -8.295   -0.411  -14.171
   732   -2.587   -2.587  -13.667  -10.605    6.287   -8.388   -2.101  -12.707
   733   -2.292   -2.292  -14.042  -10.964    6.411   -8.509   -2.098  -13.062
   734   -2.274   -2.274  -14.042  -10.922    6.384   -8.508   -2.125  -13.047
   735   -2.220   -2.220  -14.056  -10.846    6.342   -8.523   -2.182  -13.027
   736   -2.054   -2.054  -13.851  -10.253    5.940   -8.453   -2.513  -12.766
   737   -1.961   -1.961  -13.980  -10.455    6.039   -8.495   -2.456  -12.911
   738   -1.959   -1.959  -13.934  -10.311    5.945   -8.481   -2.535  -12.847
   739   -1.795   -1.795  -14.108  -10.517    6.060   -8.573   -2.513  -13.030
   740   -1.780   -1.780  -14.068  -10.437    6.008   -8.552   -2.545  -12.982
   741   -1.749   -1.749  -13.923  -10.163    5.817   -8.469   -2.652  -12.815
   742   -1.746   -1.746  -13.906  -10.075    5.752   -8.461   -2.709  -12.784
   743   -1.612   -1.612  -13.597   -9.066    5.093   -8.370   -3.276  -12.343
   744   -1.602   -1.602  -13.643   -9.158    5.147   -8.383   -3.236  -12.393
   745   -1.584   -1.584  -13.870   -9.637    5.446   -8.465   -3.019  -12.656
   746   -1.582   -1.582  -13.860   -9.612    5.428   -8.459   -3.030  -12.642
   747   -1.575   -1.575  -13.707   -9.280    5.221   -8.406   -3.185  -12.465
   748   -1.573   -1.573  -13.696   -9.252    5.201   -8.400   -3.199  -12.451
   749   -1.559   -1.559  -13.754   -9.375    5.281   -8.424   -3.143  -12.518
   750   -1.509   -1.509  -13.957   -9.809    5.565   -8.517   -2.951  -12.760
   751   -1.492   -1.492  -13.964   -9.816    5.567   -8.518   -2.950  -12.766

 Symmetrized values from band-averaging:

       k =  0.000000  0.000000  0.500000 ik =   2 spin = 1

     n      Emf       Eo      Vxc        X      Cor     Eqp0     Eqp1      Znk
   711   -4.580   -4.580  -13.846  -15.197    0.643   -5.288   -5.170    0.834
   712   -4.557   -4.557  -13.902  -15.234    0.620   -5.269   -5.151    0.834
   713   -4.546   -4.546  -13.864  -15.193    0.626   -5.248   -5.132    0.834
   714   -4.520   -4.520  -13.824  -15.018    0.501   -5.213   -5.098    0.834
   715   -4.517   -4.517  -13.813  -14.971    0.466   -5.209   -5.094    0.834
   716   -4.476   -4.476  -13.866  -15.008    0.464   -5.155   -5.043    0.835
   717   -4.467   -4.467  -13.864  -14.998    0.455   -5.146   -5.034    0.835
   718   -4.406   -4.406  -13.816  -14.878    0.419   -5.048   -4.942    0.836
   719   -4.403   -4.403  -13.680  -14.863    0.495   -5.090   -4.977    0.835
   720   -4.211   -4.211  -13.141  -14.775    0.740   -5.105   -4.955    0.832
   721   -4.058   -4.058  -13.881  -14.617    0.156   -4.639   -4.544    0.836
   722   -4.043   -4.043  -13.190  -14.649    0.618   -4.884   -4.744    0.833
   723   -3.978   -3.978  -13.891  -14.458    0.025   -4.519   -4.431    0.837
   724   -3.950   -3.950  -13.828  -14.461    0.068   -4.515   -4.423    0.836
   725   -3.873   -3.873  -13.967  -14.433   -0.061   -4.399   -4.314    0.837
   726   -3.841   -3.841  -13.856  -14.408   -0.003   -4.397   -4.306    0.836
   727   -3.796   -3.796  -13.040  -14.550    0.624   -4.682   -4.534    0.833
   728   -3.594   -3.594  -13.980  -14.088   -0.365   -4.067   -3.990    0.838
   729   -3.534   -3.534  -13.904  -14.007   -0.368   -4.005   -3.928    0.837
   730   -3.468   -3.468  -13.965  -13.942   -0.447   -3.892   -3.823    0.838
   731   -3.339   -3.339  -13.703  -13.760   -0.411   -3.807   -3.731    0.836
   732   -2.587   -2.587  -13.667  -10.605   -2.101   -1.626   -1.787    0.833
   733   -2.292   -2.292  -14.042  -10.964   -2.098   -1.312   -1.474    0.835
   734   -2.274   -2.274  -14.042  -10.922   -2.125   -1.278   -1.443    0.834
   735   -2.220   -2.220  -14.056  -10.846   -2.182   -1.191   -1.363    0.833
   736   -2.054   -2.054  -13.851  -10.253   -2.513   -0.970   -1.152    0.833
   737   -1.961   -1.961  -13.980  -10.455   -2.456   -0.892   -1.070    0.833
   738   -1.959   -1.959  -13.934  -10.311   -2.535   -0.871   -1.053    0.833
   739   -1.795   -1.795  -14.108  -10.517   -2.513   -0.717   -0.897    0.833
   740   -1.780   -1.780  -14.068  -10.437   -2.545   -0.695   -0.876    0.833
   741   -1.749   -1.749  -13.923  -10.163   -2.652   -0.641   -0.826    0.833
   742   -1.746   -1.746  -13.906  -10.075   -2.709   -0.625   -0.812    0.833
   743   -1.612   -1.612  -13.597   -9.066   -3.276   -0.358   -0.569    0.832
   744   -1.602   -1.602  -13.643   -9.158   -3.236   -0.352   -0.562    0.832
   745   -1.584   -1.584  -13.870   -9.637   -3.019   -0.369   -0.574    0.832
   746   -1.582   -1.582  -13.860   -9.612   -3.030   -0.364   -0.569    0.832
   747   -1.575   -1.575  -13.707   -9.280   -3.185   -0.332   -0.542    0.831
   748   -1.573   -1.573  -13.696   -9.252   -3.199   -0.327   -0.537    0.831
   749   -1.559   -1.559  -13.754   -9.375   -3.143   -0.323   -0.532    0.831
   750   -1.509   -1.509  -13.957   -9.809   -2.951   -0.312   -0.516    0.829
   751   -1.492   -1.492  -13.964   -9.816   -2.950   -0.294   -0.497    0.830

================================================================================

    n = band index.
  Emf = "inner" mean-field energy eigenvalue used to construct Sigma(E),
        read from WFN_inner.
   Eo = "outer" mean-field energy eigenvalue where we center the evaluation
        frequency grid {E} of Sigma(E). Defaults to Emf, unless
        you use WFN_outer and eqp_outer.dat / scissors_outer.
  Vxc = exchange-correlation pot., calculated from VXC or read from vxc.dat.
  KIH = Kinetic energy + Ionic potential + Hartree, read from kih.dat.
    X = bare exchange.
   SX = screened exchange contrib. to Sigma(E) at energy E=Eo
   CH = Coulomb hole contrib. to Sigma(E) at energy E=Eo
  Cor = SX-X + CH = correlation portion of Sigma(E) at energy E=Eo.
  Sig = X + Cor = self energy, Sigma(E), at energy E=Eo.
 Eqp0 = on-shell QP energy = Emf - Vxc + Sig(Eo)
        Eqp0 is *not* the recommended quantity to use for QP properties.
 Eqp1 = off-shell solution to the linearized  Dyson`s equation
      = Eqp0 + (dSig/dE) / (1 - dSig/dE) * (Eqp0 - Eo),
        or a full linear interpolation if more freq. points where computed.
        Eqp1 is the recommended quantity to use for QP properties.
  Znk = quasiparticle renormalization factor

 Notes on the static remainder:
 - Unprimed values, such as Eqp0, are evaluated WITH the static remainder
 - Primed values, such as Eqp0`, are evaluated WITHOUT the static remainder

 Notes on the finite_difference_form from sigma.inp file:
   none    : -2 => dSig/dE = 0 (skip the expansion)
   backward: -1 => dSig/dE = (Sig(Eo) - Sig(Eo-dE)) / dE
   central :  0 => dSig/dE = (Sig(Eo+dE) - Sig(Eo-dE)) / (2*dE)
   forward :  1 => dSig/dE = (Sig(Eo+dE) - Sig(Eo)) / dE
   default :  2 => forward for diagonal and none for off-diagonal
   dE is finite_difference_spacing from Sigma.inp file.
   We are using the form #2 with dE = 1.000 eV.

 General notes:
 - All energies are reported here in eV.
 - Both Emf and Vxc contain the average pot. Vxc0, so Vxc0 doesn`t affect Sigma.
 - Eqp1 and Eqp0 are Eqs. (36-37) from Hybertsen & Louie PRB 34 5390.
 - We recommend you use Eqp1 for QP properties of materials.

================================================================================


WARNING: |Eqp0 - Eo| > finite_difference_spacing. Linear extrapolation for eqp1
may be inaccurate. You should test the validity of eqp1 by rerunning the
calculation with the self energy evaluated at the eqp0 energies. For that,
use the eqp_outer.dat file, created with eqp.py script and point WFN_outer to
WFN_inner, if you were not already using WFN_outer.


********************************************************************************
*                                                                              *
* Your calculation employed methods and algorithms published in peer-reviewed  *
* papers. Please, cite the following references to give proper credit to their *
*          authors and help support future development of BerkeleyGW.          *
*                                                                              *
********************************************************************************

 J. Deslippe, G. Samsonidze, D. A. Strubbe, M. Jain, M. L. Cohen, and S. G.
 Louie, BerkeleyGW: A Massively Parallel Computer Package for the Calculation
 of the Quasiparticle and Optical Properties of Materials and Nanostructures,
 Computer Physics Communications 183, 1269 (2012).

 M. S. Hybertsen and S. G. Louie, Electron Correlation in Semiconductors and
 Insulators: Band Gaps and Quasiparticle Energies, Phys. Rev. B 34, 5390
 (1986).

 S. Ismail-Beigi, Truncation of Periodic Image Interactions for Confined
 Systems, Phys. Rev. B 73, 233103 (2006).

********************************************************************************

 
 Timing information
 
                                CPU time (s)          WALL time (s)       Number
 Routine                       min        max        min        max     of calls
 -------------------------  ---------  ---------  ---------  ---------  --------
 - Input I/O                    10.90     107.35      10.84     111.74     10005
 - Input Comm                  151.00     342.12     163.37     342.24     10005
 - FFT Zero                     44.34     152.34      22.22      76.40       492
 - FFT Put                      17.08      34.85       8.52      17.45       492
 - FFT Plan                      0.51       0.84       0.23       0.42       863
 - FFT Exec                    773.71    1186.71     386.88     595.66       863
 - FFT Mltply                   41.52     105.46      20.77      52.80       369
 - FFT Conjg                    10.20      30.02       5.10      15.02       123
 - FFT Get                      22.87      58.56      11.43      30.85       369
 - INPUT                       338.77     356.68     355.11     356.73         1
 - EPSCOPY                     274.90     296.01     296.06     296.15         1
 - FULLBZ                        0.00       0.00      -0.00       0.02         2
 - VXC                           0.00       0.00      -0.00       0.13         2
 - SUBGRP                      134.05     195.17      67.04      97.83        42
 - IRRBZ                         0.00       0.00      -0.00       0.00         1
 - GMAP                          0.16       0.52       0.16       0.52         2
 - GENWF                         1.85       3.68       1.85       3.68         2
 - MTXEL                       781.17    1328.51     390.68     672.10        82
 - MTXEL_COR TOT            106817.06  140709.52   70744.30   71057.04        82
 - VCOUL                         0.47       2.03       0.44       2.03         2
 - EPSREAD                       0.52       0.85       0.52       0.85         2
 - INPUT_OUTER                   0.00       1.61      -0.00       1.61         1
 - MTXEL COMM                    0.00       0.00      -0.00       0.00         2
 - BARE X                        0.00       6.72      -0.00       6.50        83
 - WF COMM                       0.00       0.00      -0.00       0.00         1
 - INPUT (READ)                259.20     352.60     275.94     352.63     10003
 - INPUT (WRITE)                 0.04       0.11       0.04       0.11      9648
 - SUB-TRANSF TOT                0.00       0.00      -0.00       0.00        82
 - M.COR INIT                    9.21      18.03       4.72       9.10        82
 - M.COR EPSINIT               356.32     584.80     186.61     293.18        82
 - M.COR COMM                 2221.33   36612.45    1375.57   35825.37     98892
 - M.COR PP PREP               119.29     147.20      61.13      74.31      8446
 - M.COR SX+CH               60406.49   95265.37   30205.70   47640.36    395568
 - M.COR REMAIN               9382.59   44717.84    4793.07   22493.18    395568
 - READ NEPS                     0.00       0.90      -0.00       0.90         1
 - EPSCOPY IO                  274.13     295.24     295.28     295.36         2
 - TOTAL                    108427.15  142795.85   72175.32   72175.41         1
 
 Job Done
 
