srun: Job 26891178 step creation temporarily disabled, retrying (Requested nodes are busy)
srun: Step created for StepId=26891178.1

 BerkeleyGW version 3.0
 Sigma code, Complex version, run on 18-Jun-2024 at 11:34:11 -0700

                                                                 ..o.          
                                                                .oxxo.         
                                                               .oxxxxo...      
                                                               oxxxxxxo.       
                                                              .oxxxxxxx.       
                                                              .ooooooxxo..     
                                                              .oooooooxo..     
                                                              .oooooxxo...     
                                                       .........oxooo......    
                                                 ............................  
                                             ................................. 
                                          .................................... 
           .          ..oo. ....  .................................oooxxxxxxxo.
     .............oxxxx@ox@@@x@x.....................o...........ooooooooooxx. 
    .o.........oox@x.oo........xxx@@............ooxxxxo..........ooooxxxxxoxo  
    .x........x@xxo...............o@xxo........oxxx@@@xoooooooooooooooxxxo...  
    .o......ox@@o..................oox@o.....ooxxx@xoooxxxxxxxoooooooooooo.... 
    o..ooooo@@xoooo....ooo...........x@o.....ooxxxxo   .oxxxxxxxxxxooooooo.... 
    . .oooo@@@@@@@@@@@@@@@@@@@@@@@@@@@@@@....ooooox.     .oxx@@@@@xxoo........ 
      .ooooxxxxxxxooooooxooooooooooooooxo...oooooxx.        ..ox@xxxoo.........
      .ooooooxxxx@xoooooooooooooxxoooooooooooxxxxx.            .oxxooooooooxxo.
     .oooooxxxxx@@@xxxxxxxxxxxxxxxxxxxxxxxxoxxxxo.                .oxxxxxxxxo. 
   ....oooxxxxx@@@xo..oxxx@@@@@@xxxxoxxoooooooxx.                  .oxxxoo..   
  .....ooxxxx@@xo.       ........    .ooooooooxxo                              
  ..oooxxxx@@@o                       .oooooooxoo.                             
  ....oxooxxxxx.                       .ooo..oooo.                             
  .....o.ooxxxxxo.                     .oooooooxo.                             
 ......ooooxxxxxxo.                     .ooooooxoo..                           
........ooxxxxxxxo..                     .o....oxoo...                         
.......ooooxxxxxxxo.                     ........oooo.                         
.ooooooo..ooxxxxoooo.                    .........ooo...                       
..oxo...ooooxxxoooo..                    .ooo......oooo...                     
  .ooooo....o.                            .oxxxoo....ooo....                   
    .oooooo...                              ...ooooo...ooo..                   
       ...                                     .oo.......                      
                                               ....ooo...                      
                      __              __                                       
 ______              [  |            [  |                 ._____  _          _ 
|_   _ \              | |  _          | |                /  ___ \| |        | |
  | |_) | .---.  _. _.| | / |  .---.  | | .---.  _    _ / /    \_|\ \  /\  / / 
  |  __'./ /__\\[ /`\_| '' <  / /__\\ | |/ /__\\| \  | | |   _____ \ \/  \/ /  
 _| |__| | \__. | |   | |`\ \ | \___. | || \___. \ \/ / \ \.___| |  \  /\  /   
|_______/ \.__./[_]  [__|  \_] \.__./[___]\.__./  \  /   \.____./    \/  \/    
                                                  / /                          
                                                 /_/                           
 --------------------------------------------------------------------------------
 Please cite the main BerkeleyGW paper when using results from this calculation:

 Jack Deslippe, Georgy Samsonidze, David A. Strubbe, Manish Jain, Marvin L.
 Cohen, and Steven G. Louie, "BerkeleyGW: A Massively Parallel Computer Package
 for the Calculation of the Quasiparticle and Optical Properties of Materials
 and Nanostructures," Comput. Phys. Commun. 183, 1269 (2012)

 Aditionally, PLEASE CITE ALL PAPERS REPORTED AT THE END OF THIS CALCULATION.
 --------------------------------------------------------------------------------

 Running MPI version (parallel)
 Running with 2412 MPI task(s)
 Using OpenMP. Number of threads per MPI task: 2

 Compilation flags:
 - Compiler: GNU
 - Para. flags: MPI, OMP
 - Math  flags: USESCALAPACK, UNPACKED, USEFFTW3, HDF5
 - Debug flags: 

 Running with verbosity level 1 (default).

 Using the Generalized Plasmon Pole model

 We are communicating via MPI

 Computing CH as a partial sum over empty bands with the static remainder

 Running with semiconductor screening

 We are using a truncated Coulomb interaction: cell wire
 Cutoff for Monte-Carlo average of Coulomb potential: 1.000E-012 Ry

 Reading exchange-correlation matrix elements from vxc.dat file

 Treating W within the Hybertsen-Louie Generalized Plasmon Pole model

 Memory available: 12879.5 MB per PE

 Read from eps0mat.h5:
 - Number of G-vectors in the charge-density grid: 11053081
 - Max. number of G-vectors for dielectric matrices: 123471
 - Cutoff of the dielectric matrix (Ry): 12.000
 - Number of imaginary frequencies: 0
 - Total number of frequencies: 1
 - Frequency dependence: 0
 - Number of q-points: 1
 - Q grid: 1 1 2

 Read from epsmat.h5:
 - Number of G-vectors in the charge-density grid: 11053081
 - Max. number of G-vectors for dielectric matrices: 123668
 - Cutoff of the dielectric matrix: 12.000
 - Number of imaginary frequencies: 0
 - Total number of frequencies: 1
 - Frequency dependence: 0
 - Number of q-points: 1
 - Q grid: 1 1 2

 Reading header of WFN_inner
 Highest occupied band (unshifted grid) = 731
 Valence max    (unshifted grid) = -3.257259 eV
 Conduction min (unshifted grid) = -2.641590 eV
 Middle energy  (unshifted grid) = -2.949425 eV
 Fermi  energy  (unshifted grid) = -2.949425 eV


 Calculation parameters:
 - Cutoff of the bare Coulomb interaction (Ry): 60.00
 - Cutoff of the screened Coulomb interaction (Ry): 12.00
 - Number of G-vectors up to the bare int. cutoff: 1381955
 - Number of G-vectors up to the screened int. cutoff: 123471
 - Total number of bands in the calculation: 4824
 - Number of fully occupied valence bands: 731
 - Number of partially occ. conduction bands: 0

 Memory required for execution: 2359.0 MB per PE
 Memory required for vcoul: 162.2 MB per PE

 Number of electrons per unit cell (from ifmax) = 1462.000000
 Number of electrons per unit cell (from occupations) = 1462.000000
 Plasma Frequency = .646097 Ry

 Q-grid symmetries are being used.

 Parallelization report:
 - Using 2412 processor(s), 1 pool(s), 2412 processor(s) per pool.
 - Each pool is computing 19 diagonal sigma matrix element(s).
 - Each pool is computing 0 off-diagonal sigma matrix element(s).
 - Each processor is holding 2 band(s).


 Started reading wavefunctions (WFN_inner) with 9648 state(s) at 11:34:16.
 [ 11:34:17 |   0% ] state    1 / 9648.
 [ 11:34:17 |   0% ] state    3 / 9648, remaining: 733 s.
 [ 11:35:08 |  10% ] state  965 / 9648, remaining: 460 s.
 [ 11:35:59 |  20% ] state 1930 / 9648, remaining: 408 s.
 [ 11:36:50 |  30% ] state 2895 / 9648, remaining: 356 s.
 [ 11:37:41 |  40% ] state 3860 / 9648, remaining: 305 s.
 [ 11:38:32 |  50% ] state 4824 / 9648, remaining: 255 s.
 [ 11:39:26 |  60% ] state 5789 / 9648, remaining: 206 s.
 [ 11:40:17 |  70% ] state 6754 / 9648, remaining: 154 s.
 [ 11:41:08 |  80% ] state 7719 / 9648, remaining: 103 s.
 [ 11:41:59 |  90% ] state 8684 / 9648, remaining: 51 s.
 [ 11:42:50 | 100% ] state 9648 / 9648, remaining: 0 s.
 Finished reading wavefunctions (WFN_inner) at 11:42:53.
 Elapsed time: 516 s.


 Scissors parameters:
 - Valence:    es =   0.0000 eV, e0 =   0.0000 eV, edel =   0.0000
 - Conduction: es =   0.0000 eV, e0 =   0.0000 eV, edel =   0.0000

 Scissors parameters (outer):
 - Valence:    es =   0.0000 eV, e0 =   0.0000 eV, edel =   0.0000
 - Conduction: es =   0.0000 eV, e0 =   0.0000 eV, edel =   0.0000


 Data for sum rule:
 - rho(0,1) = 1462.000000 electrons
 - wp = 8.790598 eV

 Number of bands to compute diagonal self-energy matrix elements: 19
 Bands:
 - 733
 - 734
 - 735
 - 736
 - 737
 - 738
 - 739
 - 740
 - 741
 - 742
 - 743
 - 744
 - 745
 - 746
 - 747
 - 748
 - 749
 - 750
 - 751
 Number of off-diagonal bands to compute self-energy matrix elements: 0

 GPU acceleration is : DISABLED

 Algorithms used:
 - mtxel     : CPU_ALGO
 - sigma_gpp : CPU_ALGO

 Total number of frequencies in the dielectric matrix: 1
 Number of imag. frequencies in the dielectric matrix: 0


 Started reading eps0mat.h5 with 1 q-point(s) at 11:42:53.
 [ 11:42:53 |   0% ] q-point 1 / 1.
 Finished reading eps0mat.h5 at 11:45:18.
 Elapsed time: 145 s.


 Started reading epsmat.h5 with 1 q-point(s) at 11:45:18.
 [ 11:45:18 |   0% ] q-point 1 / 1.
 Finished reading epsmat.h5 at 11:47:43.
 Elapsed time: 145 s.

 Number of k-points in WFN_inner: 2
 Number of k-points in the full BZ of WFN_inner: 2

================================================================================
 11:47:43   Dealing with k =  0.000000  0.000000  0.000000                 1 / 1
================================================================================

 Reading vxc.dat
 Number of q-points in the irreducible BZ(k) (nrq): 2

 Started calculating Sigma with 38 block(s) at 11:47:43.
 [ 11:47:46 |   0% ] block  1 / 38.
 [ 12:09:53 |   5% ] block  3 / 38, remaining: 23875 s.
 [ 12:20:56 |   8% ] block  4 / 38, remaining: 23210 s.
 [ 13:05:12 |  18% ] block  8 / 38, remaining: 20577 s.
 [ 13:49:30 |  29% ] block 12 / 38, remaining: 17929 s.
 [ 14:33:47 |  39% ] block 16 / 38, remaining: 15274 s.
 [ 15:06:59 |  47% ] block 19 / 38, remaining: 13282 s.
 [ 15:51:18 |  58% ] block 23 / 38, remaining: 10627 s.
 [ 16:35:24 |  68% ] block 27 / 38, remaining: 7965 s.
 [ 17:19:33 |  79% ] block 31 / 38, remaining: 5309 s.
 [ 18:03:46 |  89% ] block 35 / 38, remaining: 2654 s.
 [ 18:36:54 |  97% ] block 38 / 38, remaining: 663 s.
 Finished calculating Sigma at 18:47:57.
 Elapsed time: 25214 s.

 Unsymmetrized values for ik =   1 spin = 1

     n      Emf       Eo      Vxc        X     SX-X       CH      Cor      Sig
   733   -2.422   -2.422  -14.040  -11.089    6.517   -8.502   -1.985  -13.075
   734   -2.239   -2.239  -13.806  -10.383    6.056   -8.432   -2.376  -12.759
   735   -2.019   -2.019  -14.011  -10.577    6.118   -8.503   -2.385  -12.963
   736   -1.994   -1.994  -13.989  -10.500    6.071   -8.501   -2.430  -12.930
   737   -1.957   -1.957  -14.050  -10.567    6.111   -8.534   -2.423  -12.990
   738   -1.943   -1.943  -14.038  -10.568    6.116   -8.528   -2.413  -12.981
   739   -1.845   -1.845  -14.086  -10.403    6.004   -8.561   -2.557  -12.960
   740   -1.828   -1.828  -14.019  -10.281    5.913   -8.525   -2.613  -12.894
   741   -1.786   -1.786  -13.955  -10.177    5.843   -8.497   -2.654  -12.830
   742   -1.781   -1.781  -13.919  -10.003    5.723   -8.485   -2.762  -12.765
   743   -1.688   -1.688  -13.590   -9.137    5.135   -8.349   -3.214  -12.351
   744   -1.681   -1.681  -13.680   -9.329    5.257   -8.382   -3.125  -12.454
   745   -1.668   -1.668  -13.799   -9.582    5.418   -8.428   -3.010  -12.591
   746   -1.580   -1.580  -13.781   -9.629    5.443   -8.416   -2.973  -12.602
   747   -1.577   -1.577  -14.071  -10.216    5.834   -8.562   -2.728  -12.944
   748   -1.566   -1.566  -14.043  -10.171    5.805   -8.546   -2.742  -12.913
   749   -1.531   -1.531  -13.799   -9.774    5.527   -8.401   -2.874  -12.648
   750   -1.508   -1.508  -13.500   -8.976    5.013   -8.307   -3.294  -12.270
   751   -1.503   -1.503  -13.751   -9.501    5.359   -8.407   -3.048  -12.550

 Symmetrized values from band-averaging:

       k =  0.000000  0.000000  0.000000 ik =   1 spin = 1

     n      Emf       Eo      Vxc        X      Cor     Eqp0     Eqp1      Znk
   733   -2.422   -2.422  -14.040  -11.089   -1.985   -1.456   -1.615    0.835
   734   -2.239   -2.239  -13.806  -10.383   -2.376   -1.192   -1.367    0.833
   735   -2.019   -2.019  -14.011  -10.577   -2.385   -0.970   -1.145    0.833
   736   -1.994   -1.994  -13.989  -10.500   -2.430   -0.935   -1.112    0.833
   737   -1.957   -1.957  -14.050  -10.567   -2.423   -0.897   -1.073    0.834
   738   -1.943   -1.943  -14.038  -10.568   -2.413   -0.886   -1.061    0.834
   739   -1.845   -1.845  -14.086  -10.403   -2.557   -0.719   -0.909    0.831
   740   -1.828   -1.828  -14.019  -10.281   -2.613   -0.703   -0.893    0.832
   741   -1.786   -1.786  -13.955  -10.177   -2.654   -0.661   -0.851    0.831
   742   -1.781   -1.781  -13.919  -10.003   -2.762   -0.627   -0.822    0.831
   743   -1.688   -1.688  -13.590   -9.137   -3.214   -0.448   -0.655    0.833
   744   -1.681   -1.681  -13.680   -9.329   -3.125   -0.456   -0.660    0.833
   745   -1.668   -1.668  -13.799   -9.582   -3.010   -0.459   -0.662    0.833
   746   -1.580   -1.580  -13.781   -9.629   -2.973   -0.401   -0.599    0.832
   747   -1.577   -1.577  -14.071  -10.216   -2.728   -0.451   -0.640    0.832
   748   -1.566   -1.566  -14.043  -10.171   -2.742   -0.436   -0.626    0.832
   749   -1.531   -1.531  -13.799   -9.774   -2.874   -0.380   -0.573    0.833
   750   -1.508   -1.508  -13.500   -8.976   -3.294   -0.278   -0.483    0.833
   751   -1.503   -1.503  -13.751   -9.501   -3.048   -0.302   -0.504    0.832

================================================================================

    n = band index.
  Emf = "inner" mean-field energy eigenvalue used to construct Sigma(E),
        read from WFN_inner.
   Eo = "outer" mean-field energy eigenvalue where we center the evaluation
        frequency grid {E} of Sigma(E). Defaults to Emf, unless
        you use WFN_outer and eqp_outer.dat / scissors_outer.
  Vxc = exchange-correlation pot., calculated from VXC or read from vxc.dat.
  KIH = Kinetic energy + Ionic potential + Hartree, read from kih.dat.
    X = bare exchange.
   SX = screened exchange contrib. to Sigma(E) at energy E=Eo
   CH = Coulomb hole contrib. to Sigma(E) at energy E=Eo
  Cor = SX-X + CH = correlation portion of Sigma(E) at energy E=Eo.
  Sig = X + Cor = self energy, Sigma(E), at energy E=Eo.
 Eqp0 = on-shell QP energy = Emf - Vxc + Sig(Eo)
        Eqp0 is *not* the recommended quantity to use for QP properties.
 Eqp1 = off-shell solution to the linearized  Dyson`s equation
      = Eqp0 + (dSig/dE) / (1 - dSig/dE) * (Eqp0 - Eo),
        or a full linear interpolation if more freq. points where computed.
        Eqp1 is the recommended quantity to use for QP properties.
  Znk = quasiparticle renormalization factor

 Notes on the static remainder:
 - Unprimed values, such as Eqp0, are evaluated WITH the static remainder
 - Primed values, such as Eqp0`, are evaluated WITHOUT the static remainder

 Notes on the finite_difference_form from sigma.inp file:
   none    : -2 => dSig/dE = 0 (skip the expansion)
   backward: -1 => dSig/dE = (Sig(Eo) - Sig(Eo-dE)) / dE
   central :  0 => dSig/dE = (Sig(Eo+dE) - Sig(Eo-dE)) / (2*dE)
   forward :  1 => dSig/dE = (Sig(Eo+dE) - Sig(Eo)) / dE
   default :  2 => forward for diagonal and none for off-diagonal
   dE is finite_difference_spacing from Sigma.inp file.
   We are using the form #2 with dE = 1.000 eV.

 General notes:
 - All energies are reported here in eV.
 - Both Emf and Vxc contain the average pot. Vxc0, so Vxc0 doesn`t affect Sigma.
 - Eqp1 and Eqp0 are Eqs. (36-37) from Hybertsen & Louie PRB 34 5390.
 - We recommend you use Eqp1 for QP properties of materials.

================================================================================


WARNING: |Eqp0 - Eo| > finite_difference_spacing. Linear extrapolation for eqp1
may be inaccurate. You should test the validity of eqp1 by rerunning the
calculation with the self energy evaluated at the eqp0 energies. For that,
use the eqp_outer.dat file, created with eqp.py script and point WFN_outer to
WFN_inner, if you were not already using WFN_outer.


********************************************************************************
*                                                                              *
* Your calculation employed methods and algorithms published in peer-reviewed  *
* papers. Please, cite the following references to give proper credit to their *
*          authors and help support future development of BerkeleyGW.          *
*                                                                              *
********************************************************************************

 J. Deslippe, G. Samsonidze, D. A. Strubbe, M. Jain, M. L. Cohen, and S. G.
 Louie, BerkeleyGW: A Massively Parallel Computer Package for the Calculation
 of the Quasiparticle and Optical Properties of Materials and Nanostructures,
 Computer Physics Communications 183, 1269 (2012).

 M. S. Hybertsen and S. G. Louie, Electron Correlation in Semiconductors and
 Insulators: Band Gaps and Quasiparticle Energies, Phys. Rev. B 34, 5390
 (1986).

 S. Ismail-Beigi, Truncation of Periodic Image Interactions for Confined
 Systems, Phys. Rev. B 73, 233103 (2006).

********************************************************************************

 
 Timing information
 
                                CPU time (s)          WALL time (s)       Number
 Routine                       min        max        min        max     of calls
 -------------------------  ---------  ---------  ---------  ---------  --------
 - Input I/O                    10.91     160.45      10.93     160.47     10005
 - Input Comm                  302.37     506.07     318.79     506.13     10005
 - FFT Zero                     11.57     124.59       5.77      62.38       152
 - FFT Put                       2.95      16.17       1.47       8.33       152
 - FFT Plan                      0.13       0.31       0.07       0.15       249
 - FFT Exec                    170.81     454.88      85.42     227.70       249
 - FFT Mltply                    8.36      78.73       4.18      39.38        95
 - FFT Conjg                     3.30      33.47       1.64      16.74        57
 - FFT Get                       3.15      17.24       1.57       9.04        95
 - INPUT                       499.97     521.76     519.40     521.81         1
 - EPSCOPY                     269.02     289.81     289.69     289.87         1
 - FULLBZ                        0.00       0.00       0.00       0.24         2
 - VXC                           0.00       0.00      -0.00       0.24         2
 - SUBGRP                       46.20     157.96      23.10      79.89        20
 - IRRBZ                         0.00       0.00      -0.00       0.00         1
 - GMAP                          0.10       0.81       0.10       0.81         2
 - GENWF                         1.44       4.69       1.44       4.69         2
 - MTXEL                       155.91     538.79      77.97     271.79        38
 - MTXEL_COR TOT             34466.10   49627.84   24855.93   25105.80        38
 - VCOUL                         0.50       3.37       0.50       3.37         2
 - EPSREAD                       0.56       0.98       0.56       0.98         2
 - INPUT_OUTER                   0.00       2.31      -0.00       2.31         1
 - MTXEL COMM                    0.00       0.00      -0.00       0.00         2
 - BARE X                        0.00       2.46      -0.00       2.31        39
 - WF COMM                       0.00       0.00      -0.00       0.00         1
 - INPUT (READ)                438.15     517.63     459.58     517.68     10003
 - INPUT (WRITE)                 0.02       0.09       0.02       0.10      9648
 - SUB-TRANSF TOT                0.00       0.00      -0.00       0.00        38
 - M.COR INIT                    1.40      10.99       0.74       5.55        38
 - M.COR EPSINIT                73.94     186.24      37.13      94.05        38
 - M.COR COMM                 1150.48   17128.20     603.74   16342.17     91656
 - M.COR PP PREP                28.42      35.13      14.45      17.76      1976
 - M.COR SX+CH               15377.35   32740.44    7689.65   16375.62    183312
 - M.COR REMAIN               1870.47   17144.91    1029.59    8655.77    183312
 - READ NEPS                     0.00       0.27      -0.00       0.27         1
 - EPSCOPY IO                  268.23     289.10     289.06     289.17         2
 - TOTAL                     35487.98   51094.40   26025.69   26025.83         1
 
 Job Done
 
