
 BerkeleyGW version 3.0
 Sigma code, Complex version, run on 18-Jun-2024 at 03:06:09 -0700

                                                                 ..o.          
                                                                .oxxo.         
                                                               .oxxxxo...      
                                                               oxxxxxxo.       
                                                              .oxxxxxxx.       
                                                              .ooooooxxo..     
                                                              .oooooooxo..     
                                                              .oooooxxo...     
                                                       .........oxooo......    
                                                 ............................  
                                             ................................. 
                                          .................................... 
           .          ..oo. ....  .................................oooxxxxxxxo.
     .............oxxxx@ox@@@x@x.....................o...........ooooooooooxx. 
    .o.........oox@x.oo........xxx@@............ooxxxxo..........ooooxxxxxoxo  
    .x........x@xxo...............o@xxo........oxxx@@@xoooooooooooooooxxxo...  
    .o......ox@@o..................oox@o.....ooxxx@xoooxxxxxxxoooooooooooo.... 
    o..ooooo@@xoooo....ooo...........x@o.....ooxxxxo   .oxxxxxxxxxxooooooo.... 
    . .oooo@@@@@@@@@@@@@@@@@@@@@@@@@@@@@@....ooooox.     .oxx@@@@@xxoo........ 
      .ooooxxxxxxxooooooxooooooooooooooxo...oooooxx.        ..ox@xxxoo.........
      .ooooooxxxx@xoooooooooooooxxoooooooooooxxxxx.            .oxxooooooooxxo.
     .oooooxxxxx@@@xxxxxxxxxxxxxxxxxxxxxxxxoxxxxo.                .oxxxxxxxxo. 
   ....oooxxxxx@@@xo..oxxx@@@@@@xxxxoxxoooooooxx.                  .oxxxoo..   
  .....ooxxxx@@xo.       ........    .ooooooooxxo                              
  ..oooxxxx@@@o                       .oooooooxoo.                             
  ....oxooxxxxx.                       .ooo..oooo.                             
  .....o.ooxxxxxo.                     .oooooooxo.                             
 ......ooooxxxxxxo.                     .ooooooxoo..                           
........ooxxxxxxxo..                     .o....oxoo...                         
.......ooooxxxxxxxo.                     ........oooo.                         
.ooooooo..ooxxxxoooo.                    .........ooo...                       
..oxo...ooooxxxoooo..                    .ooo......oooo...                     
  .ooooo....o.                            .oxxxoo....ooo....                   
    .oooooo...                              ...ooooo...ooo..                   
       ...                                     .oo.......                      
                                               ....ooo...                      
                      __              __                                       
 ______              [  |            [  |                 ._____  _          _ 
|_   _ \              | |  _          | |                /  ___ \| |        | |
  | |_) | .---.  _. _.| | / |  .---.  | | .---.  _    _ / /    \_|\ \  /\  / / 
  |  __'./ /__\\[ /`\_| '' <  / /__\\ | |/ /__\\| \  | | |   _____ \ \/  \/ /  
 _| |__| | \__. | |   | |`\ \ | \___. | || \___. \ \/ / \ \.___| |  \  /\  /   
|_______/ \.__./[_]  [__|  \_] \.__./[___]\.__./  \  /   \.____./    \/  \/    
                                                  / /                          
                                                 /_/                           
 --------------------------------------------------------------------------------
 Please cite the main BerkeleyGW paper when using results from this calculation:

 Jack Deslippe, Georgy Samsonidze, David A. Strubbe, Manish Jain, Marvin L.
 Cohen, and Steven G. Louie, "BerkeleyGW: A Massively Parallel Computer Package
 for the Calculation of the Quasiparticle and Optical Properties of Materials
 and Nanostructures," Comput. Phys. Commun. 183, 1269 (2012)

 Aditionally, PLEASE CITE ALL PAPERS REPORTED AT THE END OF THIS CALCULATION.
 --------------------------------------------------------------------------------

 Running MPI version (parallel)
 Running with 2412 MPI task(s)
 Using OpenMP. Number of threads per MPI task: 2

 Compilation flags:
 - Compiler: GNU
 - Para. flags: MPI, OMP
 - Math  flags: USESCALAPACK, UNPACKED, USEFFTW3, HDF5
 - Debug flags: 

 Running with verbosity level 1 (default).

 Using the Generalized Plasmon Pole model

 We are communicating via MPI

 Computing CH as a partial sum over empty bands with the static remainder

 Running with semiconductor screening

 We are using a truncated Coulomb interaction: cell wire
 Cutoff for Monte-Carlo average of Coulomb potential: 1.000E-012 Ry

 Reading exchange-correlation matrix elements from vxc.dat file

 Treating W within the Hybertsen-Louie Generalized Plasmon Pole model

 Memory available: 12708.6 MB per PE

 Read from eps0mat.h5:
 - Number of G-vectors in the charge-density grid: 11053081
 - Max. number of G-vectors for dielectric matrices: 123471
 - Cutoff of the dielectric matrix (Ry): 12.000
 - Number of imaginary frequencies: 0
 - Total number of frequencies: 1
 - Frequency dependence: 0
 - Number of q-points: 1
 - Q grid: 1 1 2

 Read from epsmat.h5:
 - Number of G-vectors in the charge-density grid: 11053081
 - Max. number of G-vectors for dielectric matrices: 123668
 - Cutoff of the dielectric matrix: 12.000
 - Number of imaginary frequencies: 0
 - Total number of frequencies: 1
 - Frequency dependence: 0
 - Number of q-points: 1
 - Q grid: 1 1 2

 Reading header of WFN_inner
 Highest occupied band (unshifted grid) = 731
 Valence max    (unshifted grid) = -3.257259 eV
 Conduction min (unshifted grid) = -2.641590 eV
 Middle energy  (unshifted grid) = -2.949425 eV
 Fermi  energy  (unshifted grid) = -2.949425 eV


 Calculation parameters:
 - Cutoff of the bare Coulomb interaction (Ry): 60.00
 - Cutoff of the screened Coulomb interaction (Ry): 12.00
 - Number of G-vectors up to the bare int. cutoff: 1381955
 - Number of G-vectors up to the screened int. cutoff: 123471
 - Total number of bands in the calculation: 4824
 - Number of fully occupied valence bands: 731
 - Number of partially occ. conduction bands: 0

 Memory required for execution: 2485.5 MB per PE
 Memory required for vcoul: 162.2 MB per PE

 Number of electrons per unit cell (from ifmax) = 1462.000000
 Number of electrons per unit cell (from occupations) = 1462.000000
 Plasma Frequency = .646097 Ry

 Q-grid symmetries are being used.

 Parallelization report:
 - Using 2412 processor(s), 1 pool(s), 2412 processor(s) per pool.
 - Each pool is computing 22 diagonal sigma matrix element(s).
 - Each pool is computing 0 off-diagonal sigma matrix element(s).
 - Each processor is holding 2 band(s).


 Started reading wavefunctions (WFN_inner) with 9648 state(s) at 03:06:14.
 [ 03:06:15 |   0% ] state    1 / 9648.
 [ 03:06:15 |   0% ] state    3 / 9648, remaining: 453 s.
 [ 03:07:06 |  10% ] state  965 / 9648, remaining: 464 s.
 [ 03:07:58 |  20% ] state 1930 / 9648, remaining: 411 s.
 [ 03:08:49 |  30% ] state 2895 / 9648, remaining: 359 s.
 [ 03:09:39 |  40% ] state 3860 / 9648, remaining: 307 s.
 [ 03:10:30 |  50% ] state 4824 / 9648, remaining: 256 s.
 [ 03:11:26 |  60% ] state 5789 / 9648, remaining: 207 s.
 [ 03:12:18 |  70% ] state 6754 / 9648, remaining: 156 s.
 [ 03:13:10 |  80% ] state 7719 / 9648, remaining: 104 s.
 [ 03:14:02 |  90% ] state 8684 / 9648, remaining: 52 s.
 [ 03:14:54 | 100% ] state 9648 / 9648, remaining: 0 s.
 Finished reading wavefunctions (WFN_inner) at 03:14:56.
 Elapsed time: 522 s.


 Scissors parameters:
 - Valence:    es =   0.0000 eV, e0 =   0.0000 eV, edel =   0.0000
 - Conduction: es =   0.0000 eV, e0 =   0.0000 eV, edel =   0.0000

 Scissors parameters (outer):
 - Valence:    es =   0.0000 eV, e0 =   0.0000 eV, edel =   0.0000
 - Conduction: es =   0.0000 eV, e0 =   0.0000 eV, edel =   0.0000


 Data for sum rule:
 - rho(0,1) = 1462.000000 electrons
 - wp = 8.790598 eV

 Number of bands to compute diagonal self-energy matrix elements: 22
 Bands:
 - 711
 - 712
 - 713
 - 714
 - 715
 - 716
 - 717
 - 718
 - 719
 - 720
 - 721
 - 722
 - 723
 - 724
 - 725
 - 726
 - 727
 - 728
 - 729
 - 730
 - 731
 - 732
 Number of off-diagonal bands to compute self-energy matrix elements: 0

 GPU acceleration is : DISABLED

 Algorithms used:
 - mtxel     : CPU_ALGO
 - sigma_gpp : CPU_ALGO

 Total number of frequencies in the dielectric matrix: 1
 Number of imag. frequencies in the dielectric matrix: 0


 Started reading eps0mat.h5 with 1 q-point(s) at 03:14:56.
 [ 03:14:56 |   0% ] q-point 1 / 1.
 Finished reading eps0mat.h5 at 03:17:29.
 Elapsed time: 153 s.


 Started reading epsmat.h5 with 1 q-point(s) at 03:17:29.
 [ 03:17:29 |   0% ] q-point 1 / 1.
 Finished reading epsmat.h5 at 03:20:00.
 Elapsed time: 151 s.

 Number of k-points in WFN_inner: 2
 Number of k-points in the full BZ of WFN_inner: 2

================================================================================
 03:20:00   Dealing with k =  0.000000  0.000000  0.000000                 1 / 1
================================================================================

 Reading vxc.dat
 Number of q-points in the irreducible BZ(k) (nrq): 2

 Started calculating Sigma with 44 block(s) at 03:20:01.
 [ 03:20:04 |   0% ] block  1 / 44.
 [ 03:42:33 |   5% ] block  3 / 44, remaining: 28357 s.
 [ 04:05:01 |   9% ] block  5 / 44, remaining: 26977 s.
 [ 04:49:59 |  18% ] block  9 / 44, remaining: 24282 s.
 [ 05:46:12 |  30% ] block 14 / 44, remaining: 20910 s.
 [ 06:31:10 |  39% ] block 18 / 44, remaining: 18211 s.
 [ 07:27:29 |  50% ] block 23 / 44, remaining: 14845 s.
 [ 08:12:10 |  59% ] block 27 / 44, remaining: 12133 s.
 [ 08:56:53 |  68% ] block 31 / 44, remaining: 9431 s.
 [ 09:52:48 |  80% ] block 36 / 44, remaining: 6059 s.
 [ 10:37:33 |  89% ] block 40 / 44, remaining: 3365 s.
 Finished calculating Sigma at 11:33:32.
 Elapsed time: 29611 s.

 Unsymmetrized values for ik =   1 spin = 1

     n      Emf       Eo      Vxc        X     SX-X       CH      Cor      Sig
   711   -4.712   -4.712  -13.843  -15.281    8.960   -8.258    0.702  -14.579
   712   -4.628   -4.628  -13.789  -15.114    8.863   -8.233    0.630  -14.484
   713   -4.618   -4.618  -13.822  -15.205    8.914   -8.253    0.661  -14.544
   714   -4.611   -4.611  -13.777  -15.175    8.893   -8.225    0.668  -14.506
   715   -4.559   -4.559  -13.943  -15.301    8.957   -8.324    0.634  -14.667
   716   -4.363   -4.363  -13.641  -14.977    8.757   -8.168    0.588  -14.389
   717   -4.326   -4.326  -13.859  -14.943    8.722   -8.286    0.435  -14.508
   718   -4.226   -4.226  -13.357  -14.820    8.634   -7.990    0.644  -14.176
   719   -4.198   -4.198  -13.848  -14.668    8.520   -8.295    0.225  -14.443
   720   -4.183   -4.183  -13.741  -14.673    8.528   -8.232    0.296  -14.377
   721   -4.103   -4.103  -13.939  -14.688    8.515   -8.356    0.159  -14.529
   722   -4.072   -4.072  -13.927  -14.643    8.480   -8.352    0.128  -14.515
   723   -4.022   -4.022  -13.902  -14.507    8.362   -8.337    0.024  -14.483
   724   -3.991   -3.991  -13.054  -14.590    8.443   -7.802    0.641  -13.948
   725   -3.857   -3.857  -13.512  -14.415    8.353   -8.128    0.225  -14.190
   726   -3.855   -3.855  -13.925  -14.331    8.250   -8.357   -0.106  -14.438
   727   -3.782   -3.782  -13.626  -14.364    8.275   -8.169    0.106  -14.258
   728   -3.739   -3.739  -13.932  -14.282    8.211   -8.361   -0.150  -14.432
   729   -3.621   -3.621  -13.605  -14.228    8.219   -8.200    0.019  -14.209
   730   -3.352   -3.352  -14.008  -13.851    7.861   -8.425   -0.564  -14.416
   731   -3.257   -3.257  -13.812  -13.659    7.780   -8.352   -0.572  -14.231
   732   -2.642   -2.642  -13.739  -10.820    6.421   -8.405   -1.984  -12.804

 Symmetrized values from band-averaging:

       k =  0.000000  0.000000  0.000000 ik =   1 spin = 1

     n      Emf       Eo      Vxc        X      Cor     Eqp0     Eqp1      Znk
   711   -4.712   -4.712  -13.843  -15.281    0.702   -5.448   -5.325    0.833
   712   -4.628   -4.628  -13.789  -15.114    0.630   -5.323   -5.208    0.835
   713   -4.618   -4.618  -13.822  -15.205    0.661   -5.341   -5.221    0.834
   714   -4.611   -4.611  -13.777  -15.175    0.668   -5.340   -5.219    0.834
   715   -4.559   -4.559  -13.943  -15.301    0.634   -5.283   -5.163    0.834
   716   -4.363   -4.363  -13.641  -14.977    0.588   -5.112   -4.987    0.834
   717   -4.326   -4.326  -13.859  -14.943    0.435   -4.974   -4.868    0.835
   718   -4.226   -4.226  -13.357  -14.820    0.644   -5.045   -4.908    0.833
   719   -4.198   -4.198  -13.848  -14.668    0.225   -4.793   -4.695    0.836
   720   -4.183   -4.183  -13.741  -14.673    0.296   -4.819   -4.714    0.835
   721   -4.103   -4.103  -13.939  -14.688    0.159   -4.693   -4.596    0.836
   722   -4.072   -4.072  -13.927  -14.643    0.128   -4.660   -4.563    0.836
   723   -4.022   -4.022  -13.902  -14.507    0.024   -4.603   -4.508    0.836
   724   -3.991   -3.991  -13.054  -14.590    0.641   -4.885   -4.736    0.833
   725   -3.857   -3.857  -13.512  -14.415    0.225   -4.534   -4.422    0.835
   726   -3.855   -3.855  -13.925  -14.331   -0.106   -4.368   -4.284    0.837
   727   -3.782   -3.782  -13.626  -14.364    0.106   -4.414   -4.310    0.836
   728   -3.739   -3.739  -13.932  -14.282   -0.150   -4.239   -4.158    0.837
   729   -3.621   -3.621  -13.605  -14.228    0.019   -4.225   -4.125    0.835
   730   -3.352   -3.352  -14.008  -13.851   -0.564   -3.759   -3.693    0.838
   731   -3.257   -3.257  -13.812  -13.659   -0.572   -3.676   -3.608    0.837
   732   -2.642   -2.642  -13.739  -10.820   -1.984   -1.706   -1.862    0.834

================================================================================

    n = band index.
  Emf = "inner" mean-field energy eigenvalue used to construct Sigma(E),
        read from WFN_inner.
   Eo = "outer" mean-field energy eigenvalue where we center the evaluation
        frequency grid {E} of Sigma(E). Defaults to Emf, unless
        you use WFN_outer and eqp_outer.dat / scissors_outer.
  Vxc = exchange-correlation pot., calculated from VXC or read from vxc.dat.
  KIH = Kinetic energy + Ionic potential + Hartree, read from kih.dat.
    X = bare exchange.
   SX = screened exchange contrib. to Sigma(E) at energy E=Eo
   CH = Coulomb hole contrib. to Sigma(E) at energy E=Eo
  Cor = SX-X + CH = correlation portion of Sigma(E) at energy E=Eo.
  Sig = X + Cor = self energy, Sigma(E), at energy E=Eo.
 Eqp0 = on-shell QP energy = Emf - Vxc + Sig(Eo)
        Eqp0 is *not* the recommended quantity to use for QP properties.
 Eqp1 = off-shell solution to the linearized  Dyson`s equation
      = Eqp0 + (dSig/dE) / (1 - dSig/dE) * (Eqp0 - Eo),
        or a full linear interpolation if more freq. points where computed.
        Eqp1 is the recommended quantity to use for QP properties.
  Znk = quasiparticle renormalization factor

 Notes on the static remainder:
 - Unprimed values, such as Eqp0, are evaluated WITH the static remainder
 - Primed values, such as Eqp0`, are evaluated WITHOUT the static remainder

 Notes on the finite_difference_form from sigma.inp file:
   none    : -2 => dSig/dE = 0 (skip the expansion)
   backward: -1 => dSig/dE = (Sig(Eo) - Sig(Eo-dE)) / dE
   central :  0 => dSig/dE = (Sig(Eo+dE) - Sig(Eo-dE)) / (2*dE)
   forward :  1 => dSig/dE = (Sig(Eo+dE) - Sig(Eo)) / dE
   default :  2 => forward for diagonal and none for off-diagonal
   dE is finite_difference_spacing from Sigma.inp file.
   We are using the form #2 with dE = 1.000 eV.

 General notes:
 - All energies are reported here in eV.
 - Both Emf and Vxc contain the average pot. Vxc0, so Vxc0 doesn`t affect Sigma.
 - Eqp1 and Eqp0 are Eqs. (36-37) from Hybertsen & Louie PRB 34 5390.
 - We recommend you use Eqp1 for QP properties of materials.

================================================================================


********************************************************************************
*                                                                              *
* Your calculation employed methods and algorithms published in peer-reviewed  *
* papers. Please, cite the following references to give proper credit to their *
*          authors and help support future development of BerkeleyGW.          *
*                                                                              *
********************************************************************************

 J. Deslippe, G. Samsonidze, D. A. Strubbe, M. Jain, M. L. Cohen, and S. G.
 Louie, BerkeleyGW: A Massively Parallel Computer Package for the Calculation
 of the Quasiparticle and Optical Properties of Materials and Nanostructures,
 Computer Physics Communications 183, 1269 (2012).

 M. S. Hybertsen and S. G. Louie, Electron Correlation in Semiconductors and
 Insulators: Band Gaps and Quasiparticle Energies, Phys. Rev. B 34, 5390
 (1986).

 S. Ismail-Beigi, Truncation of Periodic Image Interactions for Confined
 Systems, Phys. Rev. B 73, 233103 (2006).

********************************************************************************

 
 Timing information
 
                                CPU time (s)          WALL time (s)       Number
 Routine                       min        max        min        max     of calls
 -------------------------  ---------  ---------  ---------  ---------  --------
 - Input I/O                    10.90     160.08      10.90     160.08     10005
 - Input Comm                  300.66     511.69     316.39     511.79     10005
 - FFT Zero                     13.18     145.46       6.60      72.82       176
 - FFT Put                       3.45      18.58       1.73       9.56       176
 - FFT Plan                      0.14       0.36       0.07       0.17       288
 - FFT Exec                    197.96     553.44      99.01     277.55       288
 - FFT Mltply                    9.35      91.89       4.66      46.12       110
 - FFT Conjg                     3.73      38.82       1.87      19.42        66
 - FFT Get                       3.69      20.04       1.83      10.55       110
 - INPUT                       506.42     527.54     525.09     527.59         1
 - EPSCOPY                     282.91     304.34     304.23     304.46         1
 - FULLBZ                        0.00       0.00      -0.00       0.34         2
 - VXC                           0.00       0.00      -0.00       0.35         2
 - SUBGRP                       53.90     182.11      26.96      91.98        23
 - IRRBZ                         0.00       0.00      -0.00       0.00         1
 - GMAP                          0.10       0.79       0.10       0.79         2
 - GENWF                         1.45       4.74       1.45       4.74         2
 - MTXEL                       180.79     646.31      90.41     325.34        44
 - MTXEL_COR TOT             40314.68   58160.39   29188.49   29486.97        44
 - VCOUL                         0.51       3.39       0.51       3.39         2
 - EPSREAD                       0.55       0.99       0.55       0.99         2
 - INPUT_OUTER                   0.00       2.35      -0.00       2.35         1
 - MTXEL COMM                    0.00       0.00      -0.00       0.00         2
 - BARE X                        0.00       2.71      -0.00       2.52        45
 - WF COMM                       0.00       0.00      -0.00       0.00         1
 - INPUT (READ)                439.67     523.19     460.35     523.24     10003
 - INPUT (WRITE)                 0.02       0.09       0.02       0.10      9648
 - SUB-TRANSF TOT                0.00       0.00      -0.00       0.00        44
 - M.COR INIT                    1.62      13.52       0.86       6.81        44
 - M.COR EPSINIT                84.89     228.26      42.83     114.27        44
 - M.COR COMM                 1554.66   20259.54     884.28   19349.78    106128
 - M.COR PP PREP                33.77      41.01      17.15      20.62      2288
 - M.COR SX+CH               17619.72   38349.35    8811.58   19180.91    212256
 - M.COR REMAIN               2166.89   20268.61    1191.64   10225.10    212256
 - READ NEPS                     0.00       0.31      -0.00       0.31         1
 - EPSCOPY IO                  282.00     303.49     303.51     303.62         2
 - TOTAL                     41390.17   59740.50   30443.60   30443.72         1
 
 Job Done
 
