
 frequency_dependence   1

 band_index   733   751
 sigma_matrix     0   0

 finite_difference_form   2
 finite_difference_spacing  1.000000

 symmetries
 ntran  =  1
 mtrx01 =  1  0  0  0  1  0  0  0  1

       k =  0.000000  0.000000  0.000000 ik =   1 spin = 1

   n         Emf          Eo           X        SX-X          CH         Sig         Vxc        Eqp0        Eqp1         CH`        Sig`       Eqp0`       Eqp1`         Znk
 733   -2.421586   -2.421586  -11.089295    6.516937   -8.502318  -13.074676  -14.040302   -1.455960   -1.615245   -7.366150  -11.938508   -0.319792   -0.666493    0.835045
 734   -2.239051   -2.239051  -10.383237    6.056363   -8.432087  -12.758960  -13.806202   -1.191809   -1.366865   -7.301468  -11.628341   -0.061190   -0.425239    0.832841
 735   -2.018940   -2.018940  -10.577158    6.117958   -8.503375  -12.962576  -14.011361   -0.970154   -1.144995   -7.343217  -11.802417    0.190004   -0.178243    0.833293
 736   -1.994037   -1.994037  -10.499615    6.070988   -8.501042  -12.929669  -13.988629   -0.935077   -1.111778   -7.343381  -11.772008    0.222584   -0.147289    0.833137
 737   -1.956634   -1.956634  -10.566913    6.110543   -8.533660  -12.990031  -14.050138   -0.896527   -1.072691   -7.371674  -11.828044    0.265460   -0.103797    0.833825
 738   -1.942624   -1.942624  -10.568253    6.115515   -8.528370  -12.981108  -14.037825   -0.885907   -1.061445   -7.366750  -11.819488    0.275713   -0.092789    0.833884
 739   -1.845390   -1.845390  -10.402701    6.004240   -8.561433  -12.959894  -14.086472   -0.718812   -0.909092   -7.396145  -11.794607    0.446475    0.059377    0.831099
 740   -1.828143   -1.828143  -10.281389    5.912674   -8.525415  -12.894129  -14.018775   -0.703498   -0.892738   -7.365969  -11.734683    0.455949    0.071612    0.831733
 741   -1.786154   -1.786154  -10.176524    5.843421   -8.496936  -12.830039  -13.954713   -0.661479   -0.851041   -7.340889  -11.673992    0.494568    0.110158    0.831452
 742   -1.781367   -1.781367  -10.002792    5.722668   -8.484637  -12.764761  -13.919241   -0.626886   -0.822007   -7.332592  -11.612716    0.525159    0.135329    0.830988
 743   -1.687527   -1.687527   -9.137138    5.135376   -8.348940  -12.350701  -13.590182   -0.448047   -0.655027   -7.235272  -11.237034    0.665621    0.272670    0.833010
 744   -1.681421   -1.681421   -9.329290    5.257445   -8.382003  -12.453847  -13.679741   -0.455528   -0.660452   -7.255404  -11.327249    0.671071    0.277820    0.832836
 745   -1.667523   -1.667523   -9.581760    5.418246   -8.427748  -12.591262  -13.799328   -0.459457   -0.661695   -7.283508  -11.447022    0.684782    0.290992    0.832594
 746   -1.580142   -1.580142   -9.629082    5.442859   -8.415751  -12.601973  -13.781117   -0.400998   -0.598762   -7.263328  -11.449550    0.751426    0.360377    0.832281
 747   -1.577474   -1.577474  -10.215644    5.834310   -8.562242  -12.943576  -14.070544   -0.450506   -0.639739   -7.374971  -11.756305    0.736764    0.348173    0.832087
 748   -1.566452   -1.566452  -10.171154    5.804680   -8.546314  -12.912789  -14.042802   -0.436439   -0.626134   -7.361163  -11.727637    0.748713    0.360065    0.832130
 749   -1.530703   -1.530703   -9.774418    5.527107   -8.400926  -12.648237  -13.798837   -0.380103   -0.572682   -7.238015  -11.485326    0.782807    0.395590    0.832628
 750   -1.508394   -1.508394   -8.975981    5.013133   -8.306919  -12.269767  -13.499711   -0.278450   -0.483247   -7.196322  -11.159171    0.832146    0.442424    0.833491
 751   -1.503206   -1.503206   -9.501419    5.359097   -8.407334  -12.549656  -13.750944   -0.301918   -0.503867   -7.254335  -11.396657    0.851081    0.455302    0.831890


================================================================================

    n = band index.
  Emf = "inner" mean-field energy eigenvalue used to construct Sigma(E),
        read from WFN_inner.
   Eo = "outer" mean-field energy eigenvalue where we center the evaluation
        frequency grid {E} of Sigma(E). Defaults to Emf, unless
        you use WFN_outer and eqp_outer.dat / scissors_outer.
  Vxc = exchange-correlation pot., calculated from VXC or read from vxc.dat.
  KIH = Kinetic energy + Ionic potential + Hartree, read from kih.dat.
    X = bare exchange.
   SX = screened exchange contrib. to Sigma(E) at energy E=Eo
   CH = Coulomb hole contrib. to Sigma(E) at energy E=Eo
  Cor = SX-X + CH = correlation portion of Sigma(E) at energy E=Eo.
  Sig = X + Cor = self energy, Sigma(E), at energy E=Eo.
 Eqp0 = on-shell QP energy = Emf - Vxc + Sig(Eo)
        Eqp0 is *not* the recommended quantity to use for QP properties.
 Eqp1 = off-shell solution to the linearized  Dyson`s equation
      = Eqp0 + (dSig/dE) / (1 - dSig/dE) * (Eqp0 - Eo),
        or a full linear interpolation if more freq. points where computed.
        Eqp1 is the recommended quantity to use for QP properties.
  Znk = quasiparticle renormalization factor

 Notes on the static remainder:
 - Unprimed values, such as Eqp0, are evaluated WITH the static remainder
 - Primed values, such as Eqp0`, are evaluated WITHOUT the static remainder

 Notes on the finite_difference_form from sigma.inp file:
   none    : -2 => dSig/dE = 0 (skip the expansion)
   backward: -1 => dSig/dE = (Sig(Eo) - Sig(Eo-dE)) / dE
   central :  0 => dSig/dE = (Sig(Eo+dE) - Sig(Eo-dE)) / (2*dE)
   forward :  1 => dSig/dE = (Sig(Eo+dE) - Sig(Eo)) / dE
   default :  2 => forward for diagonal and none for off-diagonal
   dE is finite_difference_spacing from Sigma.inp file.
   We are using the form #2 with dE = 1.000 eV.

 General notes:
 - All energies are reported here in eV.
 - Both Emf and Vxc contain the average pot. Vxc0, so Vxc0 doesn`t affect Sigma.
 - Eqp1 and Eqp0 are Eqs. (36-37) from Hybertsen & Louie PRB 34 5390.
 - We recommend you use Eqp1 for QP properties of materials.

================================================================================

