
 frequency_dependence   1

 band_index   711   751
 sigma_matrix     0   0

 finite_difference_form   2
 finite_difference_spacing  1.000000

 symmetries
 ntran  =  1
 mtrx01 =  1  0  0  0  1  0  0  0  1

       k =  0.000000  0.000000  0.500000 ik =   2 spin = 1

   n         Emf          Eo           X        SX-X          CH         Sig         Vxc        Eqp0        Eqp1         CH`        Sig`       Eqp0`       Eqp1`         Znk
 711   -4.579644   -4.579644  -15.196888    8.909512   -8.266882  -14.554258  -13.846396   -5.287506   -5.170187   -7.256481  -13.543857   -4.277105   -4.327247    0.834263
 712   -4.556513   -4.556513  -15.234178    8.917364   -8.297860  -14.614674  -13.902007   -5.269180   -5.150700   -7.280035  -13.596848   -4.251354   -4.302086    0.833752
 713   -4.545634   -4.545634  -15.193022    8.904011   -8.277928  -14.566939  -13.864476   -5.248098   -5.131695   -7.264948  -13.553959   -4.235118   -4.286573    0.834293
 714   -4.519865   -4.519865  -15.018113    8.765902   -8.265064  -14.517275  -13.824464   -5.212676   -5.097810   -7.250824  -13.503034   -4.198435   -4.251727    0.834203
 715   -4.516519   -4.516519  -14.971191    8.730077   -8.264388  -14.505502  -13.813179   -5.208842   -5.093983   -7.249732  -13.490845   -4.194185   -4.247662    0.834097
 716   -4.476195   -4.476195  -15.008317    8.759497   -8.295087  -14.543908  -13.865575   -5.154528   -5.042529   -7.273401  -13.522221   -4.132842   -4.189533    0.834891
 717   -4.467353   -4.467353  -14.997841    8.750041   -8.294892  -14.542691  -13.864470   -5.145575   -5.033575   -7.272636  -13.520435   -4.123319   -4.180132    0.834862
 718   -4.405536   -4.405536  -14.878056    8.682090   -8.263064  -14.459030  -13.816488   -5.048078   -4.942472   -7.247876  -13.443842   -4.032890   -4.094137    0.835643
 719   -4.402516   -4.402516  -14.862900    8.670704   -8.175765  -14.367961  -13.680264   -5.090214   -4.976842   -7.173244  -13.365441   -4.087693   -4.139594    0.835143
 720   -4.210800   -4.210800  -14.775333    8.623773   -7.884038  -14.035598  -13.141195   -5.105203   -4.955036   -6.911566  -13.063126   -4.132731   -4.145839    0.832103
 721   -4.058102   -4.058102  -14.617384    8.472415   -8.316554  -14.461523  -13.880776   -4.638849   -4.543848   -7.277822  -13.422792   -3.600117   -3.675037    0.836415
 722   -4.042806   -4.042806  -14.648592    8.500324   -7.882717  -14.030985  -13.189734   -4.884057   -4.743674   -6.904150  -13.052418   -3.905490   -3.928404    0.833126
 723   -3.977852   -3.977852  -14.457794    8.356096   -8.330621  -14.432319  -13.890729   -4.519442   -4.431031   -7.286664  -13.388362   -3.475485   -3.557493    0.836757
 724   -3.949653   -3.949653  -14.461256    8.366614   -8.298864  -14.393505  -13.827808   -4.515350   -4.422771   -7.258677  -13.353319   -3.475164   -3.552816    0.836346
 725   -3.873101   -3.873101  -14.432580    8.320137   -8.380973  -14.493416  -13.967069   -4.399449   -4.313678   -7.320777  -13.433220   -3.339252   -3.426246    0.837045
 726   -3.841496   -3.841496  -14.408169    8.325272   -8.328332  -14.411230  -13.855876   -4.396850   -4.305996   -7.276096  -13.358994   -3.344614   -3.425902    0.836403
 727   -3.796169   -3.796169  -14.549904    8.440513   -7.816532  -13.925922  -13.040128   -4.681963   -4.533724   -6.834092  -12.943483   -3.699523   -3.715697    0.832648
 728   -3.593684   -3.593684  -14.087830    8.036552   -8.401638  -14.452916  -13.979810   -4.066790   -3.989943   -7.324123  -13.375401   -2.989275   -3.087450    0.837568
 729   -3.533587   -3.533587  -14.007135    7.997929   -8.365922  -14.375127  -13.904135   -4.004580   -3.928017   -7.293589  -13.302794   -2.932247   -3.029999    0.837443
 730   -3.467832   -3.467832  -13.942239    7.947514   -8.394173  -14.388898  -13.965066   -3.891665   -3.822909   -7.318202  -13.312927   -2.815693   -2.921487    0.837774
 731   -3.339249   -3.339249  -13.759750    7.883632   -8.294631  -14.170749  -13.702507   -3.807492   -3.730791   -7.231732  -13.107850   -2.744593   -2.842001    0.836194
 732   -2.586920   -2.586920  -10.605063    6.286746   -8.388217  -12.706535  -13.667403   -1.626051   -1.786854   -7.279502  -11.597820   -0.517337   -0.863686    0.832648
 733   -2.292049   -2.292049  -10.963739    6.410780   -8.508749  -13.061707  -14.041511   -1.312246   -1.474276   -7.360975  -11.913933   -0.164472   -0.516309    0.834630
 734   -2.273692   -2.273692  -10.921780    6.383570   -8.508332  -13.046542  -14.042175   -1.278059   -1.442919   -7.363135  -11.901346   -0.132862   -0.487348    0.834417
 735   -2.219833   -2.219833  -10.845543    6.341661   -8.523388  -13.027270  -14.055897   -1.191206   -1.362528   -7.378962  -11.882844   -0.046780   -0.408711    0.833446
 736   -2.054311   -2.054311  -10.253004    5.939500   -8.452854  -12.766358  -13.850596   -0.970073   -1.151570   -7.313161  -11.626665    0.169620   -0.202657    0.832604
 737   -1.960681   -1.960681  -10.454944    6.038635   -8.494976  -12.911286  -13.980166   -0.891801   -1.069772   -7.343193  -11.759502    0.259983   -0.109763    0.833498
 738   -1.958691   -1.958691  -10.311272    5.945207   -8.480556  -12.846621  -13.933826   -0.871487   -1.053193   -7.331935  -11.698000    0.277134   -0.096543    0.832868
 739   -1.794858   -1.794858  -10.517494    6.060397   -8.573357  -13.030455  -14.108383   -0.716929   -0.897106   -7.394366  -11.851463    0.462063    0.084815    0.832849
 740   -1.780096   -1.780096  -10.437484    6.007656   -8.552411  -12.982239  -14.067560   -0.694774   -0.876257   -7.376499  -11.806327    0.481137    0.103024    0.832784
 741   -1.748949   -1.748949  -10.162730    5.816781   -8.469198  -12.815147  -13.923412   -0.640684   -0.826110   -7.304111  -11.650060    0.524403    0.144044    0.832688
 742   -1.745789   -1.745789  -10.075053    5.752012   -8.461411  -12.784453  -13.905545   -0.624696   -0.812266   -7.299237  -11.622278    0.537478    0.155464    0.832690
 743   -1.612319   -1.612319   -9.066397    5.093449   -8.369639  -12.342587  -13.597111   -0.357795   -0.568568   -7.253765  -11.226713    0.758078    0.359827    0.831990
 744   -1.601779   -1.601779   -9.157558    5.147171   -8.382741  -12.393128  -13.642687   -0.352220   -0.561933   -7.259780  -11.270167    0.770741    0.372562    0.832170
 745   -1.583724   -1.583724   -9.636864    5.445923   -8.464625  -12.655565  -13.869793   -0.369496   -0.573784   -7.306855  -11.497795    0.788273    0.389196    0.831755
 746   -1.581636   -1.581636   -9.611909    5.428297   -8.458567  -12.642180  -13.860035   -0.363781   -0.568648   -7.302527  -11.486140    0.792260    0.392923    0.831780
 747   -1.574815   -1.574815   -9.279959    5.220584   -8.405527  -12.464902  -13.707386   -0.332331   -0.541869   -7.270378  -11.329752    0.802818    0.401845    0.831356
 748   -1.572662   -1.572662   -9.251748    5.201214   -8.400176  -12.450710  -13.696389   -0.326983   -0.536979   -7.266405  -11.316938    0.806789    0.405662    0.831420
 749   -1.559182   -1.559182   -9.375067    5.281401   -8.424123  -12.517789  -13.753691   -0.323280   -0.531806   -7.281746  -11.375412    0.819097    0.417825    0.831276
 750   -1.508691   -1.508691   -9.808663    5.565496   -8.516630  -12.759797  -13.956973   -0.311515   -0.515656   -7.349212  -11.592379    0.855903    0.452695    0.829481
 751   -1.491528   -1.491528   -9.815762    5.567490   -8.517506  -12.765778  -13.963721   -0.293585   -0.496994   -7.348224  -11.596496    0.875697    0.473746    0.830201


================================================================================

    n = band index.
  Emf = "inner" mean-field energy eigenvalue used to construct Sigma(E),
        read from WFN_inner.
   Eo = "outer" mean-field energy eigenvalue where we center the evaluation
        frequency grid {E} of Sigma(E). Defaults to Emf, unless
        you use WFN_outer and eqp_outer.dat / scissors_outer.
  Vxc = exchange-correlation pot., calculated from VXC or read from vxc.dat.
  KIH = Kinetic energy + Ionic potential + Hartree, read from kih.dat.
    X = bare exchange.
   SX = screened exchange contrib. to Sigma(E) at energy E=Eo
   CH = Coulomb hole contrib. to Sigma(E) at energy E=Eo
  Cor = SX-X + CH = correlation portion of Sigma(E) at energy E=Eo.
  Sig = X + Cor = self energy, Sigma(E), at energy E=Eo.
 Eqp0 = on-shell QP energy = Emf - Vxc + Sig(Eo)
        Eqp0 is *not* the recommended quantity to use for QP properties.
 Eqp1 = off-shell solution to the linearized  Dyson`s equation
      = Eqp0 + (dSig/dE) / (1 - dSig/dE) * (Eqp0 - Eo),
        or a full linear interpolation if more freq. points where computed.
        Eqp1 is the recommended quantity to use for QP properties.
  Znk = quasiparticle renormalization factor

 Notes on the static remainder:
 - Unprimed values, such as Eqp0, are evaluated WITH the static remainder
 - Primed values, such as Eqp0`, are evaluated WITHOUT the static remainder

 Notes on the finite_difference_form from sigma.inp file:
   none    : -2 => dSig/dE = 0 (skip the expansion)
   backward: -1 => dSig/dE = (Sig(Eo) - Sig(Eo-dE)) / dE
   central :  0 => dSig/dE = (Sig(Eo+dE) - Sig(Eo-dE)) / (2*dE)
   forward :  1 => dSig/dE = (Sig(Eo+dE) - Sig(Eo)) / dE
   default :  2 => forward for diagonal and none for off-diagonal
   dE is finite_difference_spacing from Sigma.inp file.
   We are using the form #2 with dE = 1.000 eV.

 General notes:
 - All energies are reported here in eV.
 - Both Emf and Vxc contain the average pot. Vxc0, so Vxc0 doesn`t affect Sigma.
 - Eqp1 and Eqp0 are Eqs. (36-37) from Hybertsen & Louie PRB 34 5390.
 - We recommend you use Eqp1 for QP properties of materials.

================================================================================

