
 BerkeleyGW version 3.0
 Sigma code, Complex version, run on 28-May-2024 at 06:40:14 -0700

                                                                 ..o.          
                                                                .oxxo.         
                                                               .oxxxxo...      
                                                               oxxxxxxo.       
                                                              .oxxxxxxx.       
                                                              .ooooooxxo..     
                                                              .oooooooxo..     
                                                              .oooooxxo...     
                                                       .........oxooo......    
                                                 ............................  
                                             ................................. 
                                          .................................... 
           .          ..oo. ....  .................................oooxxxxxxxo.
     .............oxxxx@ox@@@x@x.....................o...........ooooooooooxx. 
    .o.........oox@x.oo........xxx@@............ooxxxxo..........ooooxxxxxoxo  
    .x........x@xxo...............o@xxo........oxxx@@@xoooooooooooooooxxxo...  
    .o......ox@@o..................oox@o.....ooxxx@xoooxxxxxxxoooooooooooo.... 
    o..ooooo@@xoooo....ooo...........x@o.....ooxxxxo   .oxxxxxxxxxxooooooo.... 
    . .oooo@@@@@@@@@@@@@@@@@@@@@@@@@@@@@@....ooooox.     .oxx@@@@@xxoo........ 
      .ooooxxxxxxxooooooxooooooooooooooxo...oooooxx.        ..ox@xxxoo.........
      .ooooooxxxx@xoooooooooooooxxoooooooooooxxxxx.            .oxxooooooooxxo.
     .oooooxxxxx@@@xxxxxxxxxxxxxxxxxxxxxxxxoxxxxo.                .oxxxxxxxxo. 
   ....oooxxxxx@@@xo..oxxx@@@@@@xxxxoxxoooooooxx.                  .oxxxoo..   
  .....ooxxxx@@xo.       ........    .ooooooooxxo                              
  ..oooxxxx@@@o                       .oooooooxoo.                             
  ....oxooxxxxx.                       .ooo..oooo.                             
  .....o.ooxxxxxo.                     .oooooooxo.                             
 ......ooooxxxxxxo.                     .ooooooxoo..                           
........ooxxxxxxxo..                     .o....oxoo...                         
.......ooooxxxxxxxo.                     ........oooo.                         
.ooooooo..ooxxxxoooo.                    .........ooo...                       
..oxo...ooooxxxoooo..                    .ooo......oooo...                     
  .ooooo....o.                            .oxxxoo....ooo....                   
    .oooooo...                              ...ooooo...ooo..                   
       ...                                     .oo.......                      
                                               ....ooo...                      
                      __              __                                       
 ______              [  |            [  |                 ._____  _          _ 
|_   _ \              | |  _          | |                /  ___ \| |        | |
  | |_) | .---.  _. _.| | / |  .---.  | | .---.  _    _ / /    \_|\ \  /\  / / 
  |  __'./ /__\\[ /`\_| '' <  / /__\\ | |/ /__\\| \  | | |   _____ \ \/  \/ /  
 _| |__| | \__. | |   | |`\ \ | \___. | || \___. \ \/ / \ \.___| |  \  /\  /   
|_______/ \.__./[_]  [__|  \_] \.__./[___]\.__./  \  /   \.____./    \/  \/    
                                                  / /                          
                                                 /_/                           
 --------------------------------------------------------------------------------
 Please cite the main BerkeleyGW paper when using results from this calculation:

 Jack Deslippe, Georgy Samsonidze, David A. Strubbe, Manish Jain, Marvin L.
 Cohen, and Steven G. Louie, "BerkeleyGW: A Massively Parallel Computer Package
 for the Calculation of the Quasiparticle and Optical Properties of Materials
 and Nanostructures," Comput. Phys. Commun. 183, 1269 (2012)

 Aditionally, PLEASE CITE ALL PAPERS REPORTED AT THE END OF THIS CALCULATION.
 --------------------------------------------------------------------------------

 Running MPI version (parallel)
 Running with 1206 MPI task(s)
 Using OpenMP. Number of threads per MPI task: 2

 Compilation flags:
 - Compiler: GNU
 - Para. flags: MPI, OMP
 - Math  flags: USESCALAPACK, UNPACKED, USEFFTW3, HDF5
 - Debug flags: 

 Running with verbosity level 1 (default).

 Using the Generalized Plasmon Pole model

 We are communicating via MPI

 Computing CH as a partial sum over empty bands with the static remainder

 Running with semiconductor screening

 We are using a truncated Coulomb interaction: cell wire
 Cutoff for Monte-Carlo average of Coulomb potential: 1.000E-012 Ry

 Reading exchange-correlation matrix elements from vxc.dat file

 Treating W within the Hybertsen-Louie Generalized Plasmon Pole model

 Memory available: 25731.6 MB per PE

 Read from eps0mat.h5:
 - Number of G-vectors in the charge-density grid: 11053081
 - Max. number of G-vectors for dielectric matrices: 123471
 - Cutoff of the dielectric matrix (Ry): 12.000
 - Number of imaginary frequencies: 0
 - Total number of frequencies: 1
 - Frequency dependence: 0
 - Number of q-points: 1
 - Q grid: 1 1 2

 Read from epsmat.h5:
 - Number of G-vectors in the charge-density grid: 11053081
 - Max. number of G-vectors for dielectric matrices: 123668
 - Cutoff of the dielectric matrix: 12.000
 - Number of imaginary frequencies: 0
 - Total number of frequencies: 1
 - Frequency dependence: 0
 - Number of q-points: 1
 - Q grid: 1 1 2

 Reading header of WFN_inner
 Highest occupied band (unshifted grid) = 728
 Valence max    (unshifted grid) = -3.335213 eV
 Conduction min (unshifted grid) = -2.421328 eV
 Middle energy  (unshifted grid) = -2.878271 eV
 Fermi  energy  (unshifted grid) = -2.878271 eV


 Calculation parameters:
 - Cutoff of the bare Coulomb interaction (Ry): 60.00
 - Cutoff of the screened Coulomb interaction (Ry): 12.00
 - Number of G-vectors up to the bare int. cutoff: 1381955
 - Number of G-vectors up to the screened int. cutoff: 123471
 - Total number of bands in the calculation: 4824
 - Number of fully occupied valence bands: 728
 - Number of partially occ. conduction bands: 0

 Memory required for execution: 2579.9 MB per PE
 Memory required for vcoul: 162.2 MB per PE

 Number of electrons per unit cell (from ifmax) = 1456.000000
 Number of electrons per unit cell (from occupations) = 1456.000000
 Plasma Frequency = .644770 Ry

 Q-grid symmetries are being used.

 Parallelization report:
 - Using 1206 processor(s), 1 pool(s), 1206 processor(s) per pool.
 - Each pool is computing 8 diagonal sigma matrix element(s).
 - Each pool is computing 0 off-diagonal sigma matrix element(s).
 - Each processor is holding 4 band(s).


 Started reading wavefunctions (WFN_inner) with 9648 state(s) at 06:40:18.
 [ 06:40:19 |   0% ] state    1 / 9648.
 [ 06:40:19 |   0% ] state    3 / 9648, remaining: 357 s.
 [ 06:40:55 |  10% ] state  965 / 9648, remaining: 324 s.
 [ 06:41:31 |  20% ] state 1930 / 9648, remaining: 288 s.
 [ 06:42:07 |  30% ] state 2895 / 9648, remaining: 252 s.
 [ 06:42:42 |  40% ] state 3860 / 9648, remaining: 216 s.
 [ 06:43:18 |  50% ] state 4824 / 9648, remaining: 179 s.
 [ 06:43:56 |  60% ] state 5789 / 9648, remaining: 145 s.
 [ 06:44:32 |  70% ] state 6754 / 9648, remaining: 108 s.
 [ 06:45:07 |  80% ] state 7719 / 9648, remaining: 72 s.
 [ 06:45:43 |  90% ] state 8684 / 9648, remaining: 36 s.
 [ 06:46:18 | 100% ] state 9648 / 9648, remaining: 0 s.
 Finished reading wavefunctions (WFN_inner) at 06:46:20.
 Elapsed time: 361 s.


 Scissors parameters:
 - Valence:    es =   0.0000 eV, e0 =   0.0000 eV, edel =   0.0000
 - Conduction: es =   0.0000 eV, e0 =   0.0000 eV, edel =   0.0000

 Scissors parameters (outer):
 - Valence:    es =   0.0000 eV, e0 =   0.0000 eV, edel =   0.0000
 - Conduction: es =   0.0000 eV, e0 =   0.0000 eV, edel =   0.0000


 Data for sum rule:
 - rho(0,1) = 1456.000000 electrons
 - wp = 8.772541 eV

 Number of bands to compute diagonal self-energy matrix elements: 8
 Bands:
 - 716
 - 717
 - 718
 - 719
 - 720
 - 721
 - 722
 - 723
 Number of off-diagonal bands to compute self-energy matrix elements: 0

 GPU acceleration is : DISABLED

 Algorithms used:
 - mtxel     : CPU_ALGO
 - sigma_gpp : CPU_ALGO

 Total number of frequencies in the dielectric matrix: 1
 Number of imag. frequencies in the dielectric matrix: 0


 Started reading eps0mat.h5 with 1 q-point(s) at 06:46:20.
 [ 06:46:20 |   0% ] q-point 1 / 1.
 Finished reading eps0mat.h5 at 06:48:40.
 Elapsed time: 140 s.


 Started reading epsmat.h5 with 1 q-point(s) at 06:48:40.
 [ 06:48:40 |   0% ] q-point 1 / 1.
 Finished reading epsmat.h5 at 06:51:04.
 Elapsed time: 144 s.

 Number of k-points in WFN_inner: 2
 Number of k-points in the full BZ of WFN_inner: 2

================================================================================
 06:51:04   Dealing with k =  0.000000  0.000000  0.000000                 1 / 2
================================================================================

 Reading vxc.dat
 Number of q-points in the irreducible BZ(k) (nrq): 2

 Started calculating Sigma with 16 block(s) at 06:51:04.
 [ 06:51:07 |   0% ] block  1 / 16.
 [ 07:05:36 |   6% ] block  2 / 16.
 [ 07:20:04 |  13% ] block  3 / 16, remaining: 12148 s.
 [ 07:34:31 |  19% ] block  4 / 16, remaining: 11276 s.
 [ 07:48:58 |  25% ] block  5 / 16, remaining: 10409 s.
 [ 08:17:52 |  38% ] block  7 / 16, remaining: 8673 s.
 [ 08:46:50 |  50% ] block  9 / 16, remaining: 6941 s.
 [ 09:01:20 |  56% ] block 10 / 16, remaining: 6076 s.
 [ 09:30:19 |  69% ] block 12 / 16, remaining: 4341 s.
 [ 09:44:48 |  75% ] block 13 / 16, remaining: 3473 s.
 [ 10:13:46 |  88% ] block 15 / 16, remaining: 1737 s.
 Finished calculating Sigma at 10:42:42.
 Elapsed time: 13898 s.

 Unsymmetrized values for ik =   1 spin = 1

     n      Emf       Eo      Vxc        X     SX-X       CH      Cor      Sig
   716   -4.281   -4.281  -13.871  -14.935    8.674   -8.271    0.403  -14.531
   717   -4.146   -4.146  -13.844  -14.594    8.423   -8.268    0.155  -14.439
   718   -4.145   -4.145  -13.844  -14.594    8.423   -8.268    0.155  -14.439
   719   -4.074   -4.074  -13.955  -14.686    8.470   -8.343    0.127  -14.559
   720   -4.074   -4.074  -13.955  -14.686    8.470   -8.343    0.127  -14.559
   721   -4.004   -4.004  -13.900  -14.501    8.319   -8.316    0.003  -14.498
   722   -4.004   -4.004  -13.900  -14.500    8.319   -8.316    0.002  -14.498
   723   -3.806   -3.806  -13.943  -14.297    8.184   -8.345   -0.161  -14.459

 Symmetrized values from band-averaging:

       k =  0.000000  0.000000  0.000000 ik =   1 spin = 1

     n      Emf       Eo      Vxc        X      Cor     Eqp0     Eqp1      Znk
   716   -4.281   -4.281  -13.871  -14.935    0.403   -4.941   -4.833    0.837
   717   -4.146   -4.146  -13.844  -14.594    0.155   -4.741   -4.644    0.838
   718   -4.145   -4.145  -13.844  -14.594    0.155   -4.741   -4.644    0.838
   719   -4.074   -4.074  -13.955  -14.686    0.127   -4.678   -4.580    0.837
   720   -4.074   -4.074  -13.955  -14.686    0.127   -4.678   -4.580    0.837
   721   -4.004   -4.004  -13.900  -14.501    0.003   -4.602   -4.505    0.838
   722   -4.004   -4.004  -13.900  -14.500    0.002   -4.601   -4.504    0.838
   723   -3.806   -3.806  -13.943  -14.297   -0.161   -4.322   -4.239    0.839

================================================================================
 10:42:43   Dealing with k =  0.000000  0.000000  0.500000                 2 / 2
================================================================================

 Reading vxc.dat
 Number of q-points in the irreducible BZ(k) (nrq): 2

 Started calculating Sigma with 16 block(s) at 10:42:43.
 [ 10:42:46 |   0% ] block  1 / 16.
 [ 10:57:15 |   6% ] block  2 / 16.
 [ 11:11:41 |  13% ] block  3 / 16, remaining: 12123 s.
 [ 11:26:06 |  19% ] block  4 / 16, remaining: 11255 s.
 [ 11:40:32 |  25% ] block  5 / 16, remaining: 10389 s.
 [ 12:09:24 |  38% ] block  7 / 16, remaining: 8658 s.
 [ 12:38:19 |  50% ] block  9 / 16, remaining: 6931 s.
 [ 12:52:52 |  56% ] block 10 / 16, remaining: 6070 s.
 [ 13:21:54 |  69% ] block 12 / 16, remaining: 4339 s.
 [ 13:36:24 |  75% ] block 13 / 16, remaining: 3473 s.
 [ 14:05:24 |  88% ] block 15 / 16, remaining: 1737 s.
 Finished calculating Sigma at 14:34:24.
 Elapsed time: 13901 s.

 Unsymmetrized values for ik =   2 spin = 1

     n      Emf       Eo      Vxc        X     SX-X       CH      Cor      Sig
   716   -4.448   -4.448  -13.877  -14.998    8.708   -8.280    0.428  -14.570
   717   -4.373   -4.373  -13.812  -14.845    8.615   -8.235    0.379  -14.466
   718   -4.373   -4.373  -13.811  -14.845    8.615   -8.235    0.379  -14.465
   719   -4.004   -4.004  -13.900  -14.624    8.435   -8.303    0.132  -14.492
   720   -4.004   -4.004  -13.900  -14.624    8.435   -8.303    0.131  -14.492
   721   -3.937   -3.937  -13.888  -14.380    8.255   -8.306   -0.051  -14.431
   722   -3.937   -3.937  -13.888  -14.379    8.254   -8.306   -0.051  -14.431
   723   -3.840   -3.840  -13.980  -14.423    8.272   -8.367   -0.095  -14.518

 Symmetrized values from band-averaging:

       k =  0.000000  0.000000  0.500000 ik =   2 spin = 1

     n      Emf       Eo      Vxc        X      Cor     Eqp0     Eqp1      Znk
   716   -4.448   -4.448  -13.877  -14.998    0.428   -5.141   -5.028    0.837
   717   -4.373   -4.373  -13.812  -14.845    0.379   -5.027   -4.921    0.838
   718   -4.373   -4.373  -13.811  -14.845    0.379   -5.027   -4.921    0.838
   719   -4.004   -4.004  -13.900  -14.624    0.132   -4.596   -4.500    0.838
   720   -4.004   -4.004  -13.900  -14.624    0.131   -4.596   -4.500    0.838
   721   -3.937   -3.937  -13.888  -14.380   -0.051   -4.480   -4.392    0.838
   722   -3.937   -3.937  -13.888  -14.379   -0.051   -4.480   -4.392    0.838
   723   -3.840   -3.840  -13.980  -14.423   -0.095   -4.378   -4.291    0.838

================================================================================

    n = band index.
  Emf = "inner" mean-field energy eigenvalue used to construct Sigma(E),
        read from WFN_inner.
   Eo = "outer" mean-field energy eigenvalue where we center the evaluation
        frequency grid {E} of Sigma(E). Defaults to Emf, unless
        you use WFN_outer and eqp_outer.dat / scissors_outer.
  Vxc = exchange-correlation pot., calculated from VXC or read from vxc.dat.
  KIH = Kinetic energy + Ionic potential + Hartree, read from kih.dat.
    X = bare exchange.
   SX = screened exchange contrib. to Sigma(E) at energy E=Eo
   CH = Coulomb hole contrib. to Sigma(E) at energy E=Eo
  Cor = SX-X + CH = correlation portion of Sigma(E) at energy E=Eo.
  Sig = X + Cor = self energy, Sigma(E), at energy E=Eo.
 Eqp0 = on-shell QP energy = Emf - Vxc + Sig(Eo)
        Eqp0 is *not* the recommended quantity to use for QP properties.
 Eqp1 = off-shell solution to the linearized  Dyson`s equation
      = Eqp0 + (dSig/dE) / (1 - dSig/dE) * (Eqp0 - Eo),
        or a full linear interpolation if more freq. points where computed.
        Eqp1 is the recommended quantity to use for QP properties.
  Znk = quasiparticle renormalization factor

 Notes on the static remainder:
 - Unprimed values, such as Eqp0, are evaluated WITH the static remainder
 - Primed values, such as Eqp0`, are evaluated WITHOUT the static remainder

 Notes on the finite_difference_form from sigma.inp file:
   none    : -2 => dSig/dE = 0 (skip the expansion)
   backward: -1 => dSig/dE = (Sig(Eo) - Sig(Eo-dE)) / dE
   central :  0 => dSig/dE = (Sig(Eo+dE) - Sig(Eo-dE)) / (2*dE)
   forward :  1 => dSig/dE = (Sig(Eo+dE) - Sig(Eo)) / dE
   default :  2 => forward for diagonal and none for off-diagonal
   dE is finite_difference_spacing from Sigma.inp file.
   We are using the form #2 with dE = 1.000 eV.

 General notes:
 - All energies are reported here in eV.
 - Both Emf and Vxc contain the average pot. Vxc0, so Vxc0 doesn`t affect Sigma.
 - Eqp1 and Eqp0 are Eqs. (36-37) from Hybertsen & Louie PRB 34 5390.
 - We recommend you use Eqp1 for QP properties of materials.

================================================================================


********************************************************************************
*                                                                              *
* Your calculation employed methods and algorithms published in peer-reviewed  *
* papers. Please, cite the following references to give proper credit to their *
*          authors and help support future development of BerkeleyGW.          *
*                                                                              *
********************************************************************************

 J. Deslippe, G. Samsonidze, D. A. Strubbe, M. Jain, M. L. Cohen, and S. G.
 Louie, BerkeleyGW: A Massively Parallel Computer Package for the Calculation
 of the Quasiparticle and Optical Properties of Materials and Nanostructures,
 Computer Physics Communications 183, 1269 (2012).

 M. S. Hybertsen and S. G. Louie, Electron Correlation in Semiconductors and
 Insulators: Band Gaps and Quasiparticle Energies, Phys. Rev. B 34, 5390
 (1986).

 S. Ismail-Beigi, Truncation of Periodic Image Interactions for Confined
 Systems, Phys. Rev. B 73, 233103 (2006).

********************************************************************************

 
 Timing information
 
                                CPU time (s)          WALL time (s)       Number
 Routine                       min        max        min        max     of calls
 -------------------------  ---------  ---------  ---------  ---------  --------
 - Input I/O                    10.83     101.75      10.85     105.68     10005
 - Input Comm                  161.15     351.64     173.44     351.68     10005
 - FFT Zero                     17.07      58.48       8.59      29.35       192
 - FFT Put                       6.55      13.96       3.29       6.98       192
 - FFT Plan                      0.19       0.39       0.10       0.17       340
 - FFT Exec                    302.22     473.02     151.11     237.38       340
 - FFT Mltply                   16.30      37.86       8.16      18.94       144
 - FFT Conjg                     3.89      12.13       1.94       6.07        48
 - FFT Get                       8.85      23.60       4.43      12.41       144
 - INPUT                       349.53     366.10     364.53     366.17         1
 - EPSCOPY                     268.34     283.51     283.53     283.63         1
 - FULLBZ                        0.00       0.00       0.00       0.01         2
 - VXC                           0.00       0.00       0.00       0.23         4
 - SUBGRP                       52.30      76.17      26.15      38.49        18
 - IRRBZ                         0.00       0.00      -0.00       0.00         2
 - GMAP                          0.27       0.95       0.27       0.95         4
 - GENWF                         3.58       7.26       3.58       7.26         4
 - MTXEL                       304.40     527.65     152.24     265.35        32
 - MTXEL_COR TOT             41455.65   54542.51   27480.15   27606.68        32
 - VCOUL                         0.97       3.68       0.92       3.68         4
 - EPSREAD                       0.71       1.42       0.71       1.43         4
 - INPUT_OUTER                   0.00       1.62      -0.00       1.62         1
 - MTXEL COMM                    0.00       0.00      -0.00       0.00         4
 - BARE X                        0.00       1.92      -0.00       1.80        34
 - WF COMM                       2.85       4.31       2.86       4.31         2
 - INPUT (READ)                263.74     362.52     279.95     362.55     10003
 - INPUT (WRITE)                 0.05       0.11       0.04       0.12      9650
 - SUB-TRANSF TOT                0.00       0.00      -0.00       0.00        32
 - M.COR INIT                    3.62       6.50       1.85       3.29        32
 - M.COR EPSINIT                91.11     164.41      49.83      84.56        32
 - M.COR COMM                 1000.84   14273.75     670.98   13966.56     38592
 - M.COR PP PREP                23.86      30.45      12.38      15.64      3296
 - M.COR SX+CH               23408.25   36950.88   11704.96   18479.21    154368
 - M.COR REMAIN               3670.71   17149.06    1875.31    8626.10    154368
 - READ NEPS                     0.00       0.16      -0.00       0.16         1
 - EPSCOPY IO                  267.47     282.71     282.74     282.83         2
 - TOTAL                     42486.61   55751.63   28449.88   28450.01         1
 
 Job Done
 
