
 frequency_dependence   1

 band_index   723   736
 sigma_matrix     0   0

 finite_difference_form   2
 finite_difference_spacing  1.000000

 symmetries
 ntran  =  1
 mtrx01 =  1  0  0  0  1  0  0  0  1

       k =  0.000000  0.000000  0.000000 ik =   1 spin = 1

   n         Emf          Eo           X        SX-X          CH         Sig         Vxc        Eqp0        Eqp1         CH`        Sig`       Eqp0`       Eqp1`         Znk
 723   -3.806486   -3.806486  -14.297422    8.183880   -8.345190  -14.458731  -13.943193   -4.322025   -4.238800   -7.286719  -13.400261   -3.263555   -3.351202    0.838567
 724   -3.806323   -3.806323  -14.297108    8.183666   -8.345172  -14.458614  -13.943110   -4.321827   -4.238607   -7.286698  -13.400140   -3.263353   -3.351006    0.838567
 725   -3.710632   -3.710632  -14.265274    8.158020   -8.338257  -14.445512  -13.933590   -4.222554   -4.139923   -7.279782  -13.387037   -3.164079   -3.252300    0.838586
 726   -3.710439   -3.710439  -14.264901    8.157776   -8.338247  -14.445371  -13.933496   -4.222315   -4.139691   -7.279774  -13.386899   -3.163842   -3.252071    0.838586
 727   -3.335514   -3.335514  -13.826950    7.807941   -8.401758  -14.420767  -14.006861   -3.749419   -3.682939   -7.312078  -13.331087   -2.659740   -2.768281    0.839382
 728   -3.335213   -3.335213  -13.826238    7.807452   -8.401757  -14.420543  -14.006773   -3.748983   -3.682524   -7.312066  -13.330851   -2.659291   -2.767856    0.839382
 729   -2.421328   -2.421328  -11.118317    6.528378   -8.479329  -13.069268  -14.042148   -1.448449   -1.607094   -7.343905  -11.933845   -0.313025   -0.656821    0.836932
 730   -2.420984   -2.420984  -11.117540    6.527838   -8.479317  -13.069019  -14.042026   -1.447977   -1.606645   -7.343881  -11.933583   -0.312541   -0.656363    0.836931
 731   -2.020760   -2.020760  -10.606089    6.132116   -8.485604  -12.959577  -14.021501   -0.958836   -1.133616   -7.325475  -11.799448    0.201293   -0.164430    0.835412
 732   -2.020609   -2.020609  -10.605825    6.131930   -8.485588  -12.959484  -14.021448   -0.958645   -1.133431   -7.325441  -11.799337    0.201502   -0.164229    0.835413
 733   -1.950507   -1.950507  -10.624204    6.143548   -8.517717  -12.998374  -14.066494   -0.882387   -1.058094   -7.354696  -11.835353    0.280635   -0.086391    0.835499
 734   -1.950342   -1.950342  -10.623913    6.143344   -8.517729  -12.998299  -14.066482   -0.882159   -1.057876   -7.354702  -11.835271    0.280868   -0.086167    0.835500
 735   -1.841934   -1.841934  -10.433192    6.022183   -8.546274  -12.957283  -14.101582   -0.697634   -0.888802   -7.380138  -11.791147    0.468502    0.082519    0.832939
 736   -1.841490   -1.841490  -10.432442    6.021815   -8.546404  -12.957031  -14.101423   -0.697098   -0.888284   -7.380255  -11.790882    0.469051    0.083044    0.832936

       k =  0.000000  0.000000  0.500000 ik =   2 spin = 1

   n         Emf          Eo           X        SX-X          CH         Sig         Vxc        Eqp0        Eqp1         CH`        Sig`       Eqp0`       Eqp1`         Znk
 723   -3.840158   -3.840158  -14.422510    8.271970   -8.366986  -14.517526  -13.979867   -4.377817   -4.290873   -7.304431  -13.454971   -3.315262   -3.400142    0.838292
 724   -3.840034   -3.840034  -14.422256    8.271807   -8.366998  -14.517447  -13.979842   -4.377639   -4.290704   -7.304440  -13.454889   -3.315081   -3.399969    0.838293
 725   -3.576914   -3.576914  -14.079522    7.993919   -8.378543  -14.464145  -13.978547   -4.062511   -3.984283   -7.301112  -13.386714   -2.985080   -3.080423    0.838903
 726   -3.576589   -3.576589  -14.078826    7.993440   -8.378554  -14.463941  -13.978425   -4.062104   -3.983890   -7.301114  -13.386501   -2.984664   -3.080020    0.838905
 727   -3.438493   -3.438493  -13.922979    7.894156   -8.375313  -14.404136  -13.972598   -3.870031   -3.800636   -7.298206  -13.327029   -2.792924   -2.896737    0.839192
 728   -3.438237   -3.438237  -13.922456    7.893795   -8.375308  -14.403970  -13.972527   -3.869680   -3.800301   -7.298193  -13.326855   -2.792565   -2.896395    0.839191
 729   -2.293343   -2.293343  -10.996860    6.424611   -8.490250  -13.062498  -14.052647   -1.303194   -1.465046   -7.342446  -11.914694   -0.155390   -0.504864    0.836538
 730   -2.293145   -2.293145  -10.996405    6.424297   -8.490231  -13.062339  -14.052546   -1.302937   -1.464799   -7.342424  -11.914532   -0.155131   -0.504615    0.836538
 731   -2.221147   -2.221147  -10.868926    6.350743   -8.500315  -13.018497  -14.058206   -1.181438   -1.352686   -7.356742  -11.874925   -0.037865   -0.397470    0.835292
 732   -2.220742   -2.220742  -10.868108    6.350147   -8.500283  -13.018245  -14.058119   -1.180868   -1.352147   -7.356703  -11.874664   -0.037288   -0.396926    0.835289
 733   -1.972349   -1.972349  -10.500742    6.061735   -8.483395  -12.922402  -14.004290   -0.890461   -1.068936   -7.331225  -11.770232    0.261708   -0.106835    0.835034
 734   -1.972163   -1.972163  -10.500416    6.061486   -8.483355  -12.922285  -14.004213   -0.890234   -1.068718   -7.331180  -11.770110    0.261941   -0.106615    0.835032
 735   -1.782896   -1.782896  -10.520488    6.058720   -8.550337  -13.012105  -14.109526   -0.685475   -0.866612   -7.371605  -11.833373    0.493258    0.117562    0.834943
 736   -1.782723   -1.782723  -10.520251    6.058438   -8.550218  -13.012030  -14.109456   -0.685297   -0.866436   -7.371482  -11.833295    0.493438    0.117741    0.834943


================================================================================

    n = band index.
  Emf = "inner" mean-field energy eigenvalue used to construct Sigma(E),
        read from WFN_inner.
   Eo = "outer" mean-field energy eigenvalue where we center the evaluation
        frequency grid {E} of Sigma(E). Defaults to Emf, unless
        you use WFN_outer and eqp_outer.dat / scissors_outer.
  Vxc = exchange-correlation pot., calculated from VXC or read from vxc.dat.
  KIH = Kinetic energy + Ionic potential + Hartree, read from kih.dat.
    X = bare exchange.
   SX = screened exchange contrib. to Sigma(E) at energy E=Eo
   CH = Coulomb hole contrib. to Sigma(E) at energy E=Eo
  Cor = SX-X + CH = correlation portion of Sigma(E) at energy E=Eo.
  Sig = X + Cor = self energy, Sigma(E), at energy E=Eo.
 Eqp0 = on-shell QP energy = Emf - Vxc + Sig(Eo)
        Eqp0 is *not* the recommended quantity to use for QP properties.
 Eqp1 = off-shell solution to the linearized  Dyson`s equation
      = Eqp0 + (dSig/dE) / (1 - dSig/dE) * (Eqp0 - Eo),
        or a full linear interpolation if more freq. points where computed.
        Eqp1 is the recommended quantity to use for QP properties.
  Znk = quasiparticle renormalization factor

 Notes on the static remainder:
 - Unprimed values, such as Eqp0, are evaluated WITH the static remainder
 - Primed values, such as Eqp0`, are evaluated WITHOUT the static remainder

 Notes on the finite_difference_form from sigma.inp file:
   none    : -2 => dSig/dE = 0 (skip the expansion)
   backward: -1 => dSig/dE = (Sig(Eo) - Sig(Eo-dE)) / dE
   central :  0 => dSig/dE = (Sig(Eo+dE) - Sig(Eo-dE)) / (2*dE)
   forward :  1 => dSig/dE = (Sig(Eo+dE) - Sig(Eo)) / dE
   default :  2 => forward for diagonal and none for off-diagonal
   dE is finite_difference_spacing from Sigma.inp file.
   We are using the form #2 with dE = 1.000 eV.

 General notes:
 - All energies are reported here in eV.
 - Both Emf and Vxc contain the average pot. Vxc0, so Vxc0 doesn`t affect Sigma.
 - Eqp1 and Eqp0 are Eqs. (36-37) from Hybertsen & Louie PRB 34 5390.
 - We recommend you use Eqp1 for QP properties of materials.

================================================================================

