
 BerkeleyGW version 3.0
 Sigma code, Complex version, run on 09-May-2024 at 15:48:28 -0700

                                                                 ..o.          
                                                                .oxxo.         
                                                               .oxxxxo...      
                                                               oxxxxxxo.       
                                                              .oxxxxxxx.       
                                                              .ooooooxxo..     
                                                              .oooooooxo..     
                                                              .oooooxxo...     
                                                       .........oxooo......    
                                                 ............................  
                                             ................................. 
                                          .................................... 
           .          ..oo. ....  .................................oooxxxxxxxo.
     .............oxxxx@ox@@@x@x.....................o...........ooooooooooxx. 
    .o.........oox@x.oo........xxx@@............ooxxxxo..........ooooxxxxxoxo  
    .x........x@xxo...............o@xxo........oxxx@@@xoooooooooooooooxxxo...  
    .o......ox@@o..................oox@o.....ooxxx@xoooxxxxxxxoooooooooooo.... 
    o..ooooo@@xoooo....ooo...........x@o.....ooxxxxo   .oxxxxxxxxxxooooooo.... 
    . .oooo@@@@@@@@@@@@@@@@@@@@@@@@@@@@@@....ooooox.     .oxx@@@@@xxoo........ 
      .ooooxxxxxxxooooooxooooooooooooooxo...oooooxx.        ..ox@xxxoo.........
      .ooooooxxxx@xoooooooooooooxxoooooooooooxxxxx.            .oxxooooooooxxo.
     .oooooxxxxx@@@xxxxxxxxxxxxxxxxxxxxxxxxoxxxxo.                .oxxxxxxxxo. 
   ....oooxxxxx@@@xo..oxxx@@@@@@xxxxoxxoooooooxx.                  .oxxxoo..   
  .....ooxxxx@@xo.       ........    .ooooooooxxo                              
  ..oooxxxx@@@o                       .oooooooxoo.                             
  ....oxooxxxxx.                       .ooo..oooo.                             
  .....o.ooxxxxxo.                     .oooooooxo.                             
 ......ooooxxxxxxo.                     .ooooooxoo..                           
........ooxxxxxxxo..                     .o....oxoo...                         
.......ooooxxxxxxxo.                     ........oooo.                         
.ooooooo..ooxxxxoooo.                    .........ooo...                       
..oxo...ooooxxxoooo..                    .ooo......oooo...                     
  .ooooo....o.                            .oxxxoo....ooo....                   
    .oooooo...                              ...ooooo...ooo..                   
       ...                                     .oo.......                      
                                               ....ooo...                      
                      __              __                                       
 ______              [  |            [  |                 ._____  _          _ 
|_   _ \              | |  _          | |                /  ___ \| |        | |
  | |_) | .---.  _. _.| | / |  .---.  | | .---.  _    _ / /    \_|\ \  /\  / / 
  |  __'./ /__\\[ /`\_| '' <  / /__\\ | |/ /__\\| \  | | |   _____ \ \/  \/ /  
 _| |__| | \__. | |   | |`\ \ | \___. | || \___. \ \/ / \ \.___| |  \  /\  /   
|_______/ \.__./[_]  [__|  \_] \.__./[___]\.__./  \  /   \.____./    \/  \/    
                                                  / /                          
                                                 /_/                           
 --------------------------------------------------------------------------------
 Please cite the main BerkeleyGW paper when using results from this calculation:

 Jack Deslippe, Georgy Samsonidze, David A. Strubbe, Manish Jain, Marvin L.
 Cohen, and Steven G. Louie, "BerkeleyGW: A Massively Parallel Computer Package
 for the Calculation of the Quasiparticle and Optical Properties of Materials
 and Nanostructures," Comput. Phys. Commun. 183, 1269 (2012)

 Aditionally, PLEASE CITE ALL PAPERS REPORTED AT THE END OF THIS CALCULATION.
 --------------------------------------------------------------------------------

 Running MPI version (parallel)
 Running with 1206 MPI task(s)
 Using OpenMP. Number of threads per MPI task: 2

 Compilation flags:
 - Compiler: GNU
 - Para. flags: MPI, OMP
 - Math  flags: USESCALAPACK, UNPACKED, USEFFTW3, HDF5
 - Debug flags: 

 Running with verbosity level 1 (default).

 Using the Generalized Plasmon Pole model

 We are communicating via MPI

 Computing CH as a partial sum over empty bands with the static remainder

 Running with semiconductor screening

 We are using a truncated Coulomb interaction: cell wire
 Cutoff for Monte-Carlo average of Coulomb potential: 1.000E-012 Ry

 Reading exchange-correlation matrix elements from vxc.dat file

 Treating W within the Hybertsen-Louie Generalized Plasmon Pole model

 Memory available: 25865.0 MB per PE

 Read from eps0mat.h5:
 - Number of G-vectors in the charge-density grid: 11053081
 - Max. number of G-vectors for dielectric matrices: 123471
 - Cutoff of the dielectric matrix (Ry): 12.000
 - Number of imaginary frequencies: 0
 - Total number of frequencies: 1
 - Frequency dependence: 0
 - Number of q-points: 1
 - Q grid: 1 1 2

 Read from epsmat.h5:
 - Number of G-vectors in the charge-density grid: 11053081
 - Max. number of G-vectors for dielectric matrices: 123668
 - Cutoff of the dielectric matrix: 12.000
 - Number of imaginary frequencies: 0
 - Total number of frequencies: 1
 - Frequency dependence: 0
 - Number of q-points: 1
 - Q grid: 1 1 2

 Reading header of WFN_inner
 Highest occupied band (unshifted grid) = 728
 Valence max    (unshifted grid) = -3.335213 eV
 Conduction min (unshifted grid) = -2.421328 eV
 Middle energy  (unshifted grid) = -2.878271 eV
 Fermi  energy  (unshifted grid) = -2.878271 eV


 Calculation parameters:
 - Cutoff of the bare Coulomb interaction (Ry): 60.00
 - Cutoff of the screened Coulomb interaction (Ry): 12.00
 - Number of G-vectors up to the bare int. cutoff: 1381955
 - Number of G-vectors up to the screened int. cutoff: 123471
 - Total number of bands in the calculation: 4824
 - Number of fully occupied valence bands: 728
 - Number of partially occ. conduction bands: 0

 Memory required for execution: 2833.2 MB per PE
 Memory required for vcoul: 162.2 MB per PE

 Number of electrons per unit cell (from ifmax) = 1456.000000
 Number of electrons per unit cell (from occupations) = 1456.000000
 Plasma Frequency = .644770 Ry

 Q-grid symmetries are being used.

 Parallelization report:
 - Using 1206 processor(s), 1 pool(s), 1206 processor(s) per pool.
 - Each pool is computing 14 diagonal sigma matrix element(s).
 - Each pool is computing 0 off-diagonal sigma matrix element(s).
 - Each processor is holding 4 band(s).


 Started reading wavefunctions (WFN_inner) with 9648 state(s) at 15:48:33.
 [ 15:48:33 |   0% ] state    1 / 9648.
 [ 15:48:33 |   0% ] state    3 / 9648, remaining: 386 s.
 [ 15:49:10 |  10% ] state  965 / 9648, remaining: 329 s.
 [ 15:49:46 |  20% ] state 1930 / 9648, remaining: 291 s.
 [ 15:50:22 |  30% ] state 2895 / 9648, remaining: 255 s.
 [ 15:50:58 |  40% ] state 3860 / 9648, remaining: 218 s.
 [ 15:51:35 |  50% ] state 4824 / 9648, remaining: 182 s.
 [ 15:52:13 |  60% ] state 5789 / 9648, remaining: 147 s.
 [ 15:52:49 |  70% ] state 6754 / 9648, remaining: 110 s.
 [ 15:53:24 |  80% ] state 7719 / 9648, remaining: 73 s.
 [ 15:54:00 |  90% ] state 8684 / 9648, remaining: 36 s.
 [ 15:54:36 | 100% ] state 9648 / 9648, remaining: 0 s.
 Finished reading wavefunctions (WFN_inner) at 15:54:37.
 Elapsed time: 365 s.


 Scissors parameters:
 - Valence:    es =   0.0000 eV, e0 =   0.0000 eV, edel =   0.0000
 - Conduction: es =   0.0000 eV, e0 =   0.0000 eV, edel =   0.0000

 Scissors parameters (outer):
 - Valence:    es =   0.0000 eV, e0 =   0.0000 eV, edel =   0.0000
 - Conduction: es =   0.0000 eV, e0 =   0.0000 eV, edel =   0.0000


 Data for sum rule:
 - rho(0,1) = 1456.000000 electrons
 - wp = 8.772541 eV

 Number of bands to compute diagonal self-energy matrix elements: 14
 Bands:
 - 723
 - 724
 - 725
 - 726
 - 727
 - 728
 - 729
 - 730
 - 731
 - 732
 - 733
 - 734
 - 735
 - 736
 Number of off-diagonal bands to compute self-energy matrix elements: 0

 GPU acceleration is : DISABLED

 Algorithms used:
 - mtxel     : CPU_ALGO
 - sigma_gpp : CPU_ALGO

 Total number of frequencies in the dielectric matrix: 1
 Number of imag. frequencies in the dielectric matrix: 0


 Started reading eps0mat.h5 with 1 q-point(s) at 15:54:38.
 [ 15:54:38 |   0% ] q-point 1 / 1.
 Finished reading eps0mat.h5 at 15:56:58.
 Elapsed time: 141 s.


 Started reading epsmat.h5 with 1 q-point(s) at 15:56:59.
 [ 15:56:59 |   0% ] q-point 1 / 1.
 Finished reading epsmat.h5 at 15:59:22.
 Elapsed time: 143 s.

 Number of k-points in WFN_inner: 2
 Number of k-points in the full BZ of WFN_inner: 2

================================================================================
 15:59:23   Dealing with k =  0.000000  0.000000  0.000000                 1 / 2
================================================================================

 Reading vxc.dat
 Number of q-points in the irreducible BZ(k) (nrq): 2

 Started calculating Sigma with 28 block(s) at 15:59:23.
 [ 15:59:26 |   0% ] block  1 / 28.
 [ 16:28:25 |   7% ] block  3 / 28, remaining: 22593 s.
 [ 17:11:52 |  18% ] block  6 / 28, remaining: 19983 s.
 [ 17:55:17 |  29% ] block  9 / 28, remaining: 17373 s.
 [ 18:38:41 |  39% ] block 12 / 28, remaining: 14763 s.
 [ 19:07:36 |  46% ] block 14 / 28, remaining: 13025 s.
 [ 19:51:10 |  57% ] block 17 / 28, remaining: 10427 s.
 [ 20:34:38 |  68% ] block 20 / 28, remaining: 7821 s.
 [ 21:18:04 |  79% ] block 23 / 28, remaining: 5214 s.
 [ 22:01:29 |  89% ] block 26 / 28, remaining: 2607 s.
 [ 22:30:27 |  96% ] block 28 / 28, remaining: 869 s.
 Finished calculating Sigma at 22:44:56.
 Elapsed time: 24333 s.

 Unsymmetrized values for ik =   1 spin = 1

     n      Emf       Eo      Vxc        X     SX-X       CH      Cor      Sig
   723   -3.806   -3.806  -13.943  -14.297    8.184   -8.345   -0.161  -14.459
   724   -3.806   -3.806  -13.943  -14.297    8.184   -8.345   -0.162  -14.459
   725   -3.711   -3.711  -13.934  -14.265    8.158   -8.338   -0.180  -14.446
   726   -3.710   -3.710  -13.933  -14.265    8.158   -8.338   -0.180  -14.445
   727   -3.336   -3.336  -14.007  -13.827    7.808   -8.402   -0.594  -14.421
   728   -3.335   -3.335  -14.007  -13.826    7.807   -8.402   -0.594  -14.421
   729   -2.421   -2.421  -14.042  -11.118    6.528   -8.479   -1.951  -13.069
   730   -2.421   -2.421  -14.042  -11.118    6.528   -8.479   -1.951  -13.069
   731   -2.021   -2.021  -14.022  -10.606    6.132   -8.486   -2.353  -12.960
   732   -2.021   -2.021  -14.021  -10.606    6.132   -8.486   -2.354  -12.959
   733   -1.951   -1.951  -14.066  -10.624    6.144   -8.518   -2.374  -12.998
   734   -1.950   -1.950  -14.066  -10.624    6.143   -8.518   -2.374  -12.998
   735   -1.842   -1.842  -14.102  -10.433    6.022   -8.546   -2.524  -12.957
   736   -1.841   -1.841  -14.101  -10.432    6.022   -8.546   -2.525  -12.957

 Symmetrized values from band-averaging:

       k =  0.000000  0.000000  0.000000 ik =   1 spin = 1

     n      Emf       Eo      Vxc        X      Cor     Eqp0     Eqp1      Znk
   723   -3.806   -3.806  -13.943  -14.297   -0.161   -4.322   -4.239    0.839
   724   -3.806   -3.806  -13.943  -14.297   -0.162   -4.322   -4.239    0.839
   725   -3.711   -3.711  -13.934  -14.265   -0.180   -4.223   -4.140    0.839
   726   -3.710   -3.710  -13.933  -14.265   -0.180   -4.222   -4.140    0.839
   727   -3.336   -3.336  -14.007  -13.827   -0.594   -3.749   -3.683    0.839
   728   -3.335   -3.335  -14.007  -13.826   -0.594   -3.749   -3.683    0.839
   729   -2.421   -2.421  -14.042  -11.118   -1.951   -1.448   -1.607    0.837
   730   -2.421   -2.421  -14.042  -11.118   -1.951   -1.448   -1.607    0.837
   731   -2.021   -2.021  -14.022  -10.606   -2.353   -0.959   -1.134    0.835
   732   -2.021   -2.021  -14.021  -10.606   -2.354   -0.959   -1.133    0.835
   733   -1.951   -1.951  -14.066  -10.624   -2.374   -0.882   -1.058    0.835
   734   -1.950   -1.950  -14.066  -10.624   -2.374   -0.882   -1.058    0.835
   735   -1.842   -1.842  -14.102  -10.433   -2.524   -0.698   -0.889    0.833
   736   -1.841   -1.841  -14.101  -10.432   -2.525   -0.697   -0.888    0.833

================================================================================
 22:44:57   Dealing with k =  0.000000  0.000000  0.500000                 2 / 2
================================================================================

 Reading vxc.dat
 Number of q-points in the irreducible BZ(k) (nrq): 2

 Started calculating Sigma with 28 block(s) at 22:44:57.
 [ 22:45:00 |   0% ] block  1 / 28.
 [ 23:14:02 |   7% ] block  3 / 28, remaining: 22630 s.
 [ 23:57:31 |  18% ] block  6 / 28, remaining: 20008 s.
 [ 00:40:59 |  29% ] block  9 / 28, remaining: 17392 s.
 [ 01:24:26 |  39% ] block 12 / 28, remaining: 14780 s.
 [ 01:53:23 |  46% ] block 14 / 28, remaining: 13040 s.
 [ 02:36:55 |  57% ] block 17 / 28, remaining: 10435 s.
 [ 03:20:19 |  68% ] block 20 / 28, remaining: 7824 s.
 [ 04:03:41 |  79% ] block 23 / 28, remaining: 5214 s.
 [ 04:47:02 |  89% ] block 26 / 28, remaining: 2606 s.
 [ 05:15:55 |  96% ] block 28 / 28, remaining: 869 s.
 Finished calculating Sigma at 05:30:22.
 Elapsed time: 24326 s.

 Unsymmetrized values for ik =   2 spin = 1

     n      Emf       Eo      Vxc        X     SX-X       CH      Cor      Sig
   723   -3.840   -3.840  -13.980  -14.423    8.272   -8.367   -0.095  -14.518
   724   -3.840   -3.840  -13.980  -14.422    8.272   -8.367   -0.095  -14.517
   725   -3.577   -3.577  -13.979  -14.080    7.994   -8.379   -0.385  -14.464
   726   -3.577   -3.577  -13.978  -14.079    7.993   -8.379   -0.385  -14.464
   727   -3.438   -3.438  -13.973  -13.923    7.894   -8.375   -0.481  -14.404
   728   -3.438   -3.438  -13.973  -13.922    7.894   -8.375   -0.482  -14.404
   729   -2.293   -2.293  -14.053  -10.997    6.425   -8.490   -2.066  -13.062
   730   -2.293   -2.293  -14.053  -10.996    6.424   -8.490   -2.066  -13.062
   731   -2.221   -2.221  -14.058  -10.869    6.351   -8.500   -2.150  -13.018
   732   -2.221   -2.221  -14.058  -10.868    6.350   -8.500   -2.150  -13.018
   733   -1.972   -1.972  -14.004  -10.501    6.062   -8.483   -2.422  -12.922
   734   -1.972   -1.972  -14.004  -10.500    6.061   -8.483   -2.422  -12.922
   735   -1.783   -1.783  -14.110  -10.520    6.059   -8.550   -2.492  -13.012
   736   -1.783   -1.783  -14.109  -10.520    6.058   -8.550   -2.492  -13.012

 Symmetrized values from band-averaging:

       k =  0.000000  0.000000  0.500000 ik =   2 spin = 1

     n      Emf       Eo      Vxc        X      Cor     Eqp0     Eqp1      Znk
   723   -3.840   -3.840  -13.980  -14.423   -0.095   -4.378   -4.291    0.838
   724   -3.840   -3.840  -13.980  -14.422   -0.095   -4.378   -4.291    0.838
   725   -3.577   -3.577  -13.979  -14.080   -0.385   -4.063   -3.984    0.839
   726   -3.577   -3.577  -13.978  -14.079   -0.385   -4.062   -3.984    0.839
   727   -3.438   -3.438  -13.973  -13.923   -0.481   -3.870   -3.801    0.839
   728   -3.438   -3.438  -13.973  -13.922   -0.482   -3.870   -3.800    0.839
   729   -2.293   -2.293  -14.053  -10.997   -2.066   -1.303   -1.465    0.837
   730   -2.293   -2.293  -14.053  -10.996   -2.066   -1.303   -1.465    0.837
   731   -2.221   -2.221  -14.058  -10.869   -2.150   -1.181   -1.353    0.835
   732   -2.221   -2.221  -14.058  -10.868   -2.150   -1.181   -1.352    0.835
   733   -1.972   -1.972  -14.004  -10.501   -2.422   -0.890   -1.069    0.835
   734   -1.972   -1.972  -14.004  -10.500   -2.422   -0.890   -1.069    0.835
   735   -1.783   -1.783  -14.110  -10.520   -2.492   -0.685   -0.867    0.835
   736   -1.783   -1.783  -14.109  -10.520   -2.492   -0.685   -0.866    0.835

================================================================================

    n = band index.
  Emf = "inner" mean-field energy eigenvalue used to construct Sigma(E),
        read from WFN_inner.
   Eo = "outer" mean-field energy eigenvalue where we center the evaluation
        frequency grid {E} of Sigma(E). Defaults to Emf, unless
        you use WFN_outer and eqp_outer.dat / scissors_outer.
  Vxc = exchange-correlation pot., calculated from VXC or read from vxc.dat.
  KIH = Kinetic energy + Ionic potential + Hartree, read from kih.dat.
    X = bare exchange.
   SX = screened exchange contrib. to Sigma(E) at energy E=Eo
   CH = Coulomb hole contrib. to Sigma(E) at energy E=Eo
  Cor = SX-X + CH = correlation portion of Sigma(E) at energy E=Eo.
  Sig = X + Cor = self energy, Sigma(E), at energy E=Eo.
 Eqp0 = on-shell QP energy = Emf - Vxc + Sig(Eo)
        Eqp0 is *not* the recommended quantity to use for QP properties.
 Eqp1 = off-shell solution to the linearized  Dyson`s equation
      = Eqp0 + (dSig/dE) / (1 - dSig/dE) * (Eqp0 - Eo),
        or a full linear interpolation if more freq. points where computed.
        Eqp1 is the recommended quantity to use for QP properties.
  Znk = quasiparticle renormalization factor

 Notes on the static remainder:
 - Unprimed values, such as Eqp0, are evaluated WITH the static remainder
 - Primed values, such as Eqp0`, are evaluated WITHOUT the static remainder

 Notes on the finite_difference_form from sigma.inp file:
   none    : -2 => dSig/dE = 0 (skip the expansion)
   backward: -1 => dSig/dE = (Sig(Eo) - Sig(Eo-dE)) / dE
   central :  0 => dSig/dE = (Sig(Eo+dE) - Sig(Eo-dE)) / (2*dE)
   forward :  1 => dSig/dE = (Sig(Eo+dE) - Sig(Eo)) / dE
   default :  2 => forward for diagonal and none for off-diagonal
   dE is finite_difference_spacing from Sigma.inp file.
   We are using the form #2 with dE = 1.000 eV.

 General notes:
 - All energies are reported here in eV.
 - Both Emf and Vxc contain the average pot. Vxc0, so Vxc0 doesn`t affect Sigma.
 - Eqp1 and Eqp0 are Eqs. (36-37) from Hybertsen & Louie PRB 34 5390.
 - We recommend you use Eqp1 for QP properties of materials.

================================================================================


WARNING: |Eqp0 - Eo| > finite_difference_spacing. Linear extrapolation for eqp1
may be inaccurate. You should test the validity of eqp1 by rerunning the
calculation with the self energy evaluated at the eqp0 energies. For that,
use the eqp_outer.dat file, created with eqp.py script and point WFN_outer to
WFN_inner, if you were not already using WFN_outer.


********************************************************************************
*                                                                              *
* Your calculation employed methods and algorithms published in peer-reviewed  *
* papers. Please, cite the following references to give proper credit to their *
*          authors and help support future development of BerkeleyGW.          *
*                                                                              *
********************************************************************************

 J. Deslippe, G. Samsonidze, D. A. Strubbe, M. Jain, M. L. Cohen, and S. G.
 Louie, BerkeleyGW: A Massively Parallel Computer Package for the Calculation
 of the Quasiparticle and Optical Properties of Materials and Nanostructures,
 Computer Physics Communications 183, 1269 (2012).

 M. S. Hybertsen and S. G. Louie, Electron Correlation in Semiconductors and
 Insulators: Band Gaps and Quasiparticle Energies, Phys. Rev. B 34, 5390
 (1986).

 S. Ismail-Beigi, Truncation of Periodic Image Interactions for Confined
 Systems, Phys. Rev. B 73, 233103 (2006).

********************************************************************************

 
 Timing information
 
                                CPU time (s)          WALL time (s)       Number
 Routine                       min        max        min        max     of calls
 -------------------------  ---------  ---------  ---------  ---------  --------
 - Input I/O                    10.84     106.10      10.81     110.04     10005
 - Input Comm                  160.20     355.08     171.96     355.16     10005
 - FFT Zero                     29.98     100.12      15.05      50.32       336
 - FFT Put                      11.66      24.02       5.85      12.07       336
 - FFT Plan                      0.34       0.59       0.17       0.28       592
 - FFT Exec                    530.34     799.10     265.16     401.96       592
 - FFT Mltply                   28.52      65.11      14.27      32.61       252
 - FFT Conjg                     6.91      19.86       3.46       9.93        84
 - FFT Get                      15.55      39.02       7.80      20.62       252
 - INPUT                       353.53     369.41     367.83     369.46         1
 - EPSCOPY                     265.42     284.01     284.07     284.08         1
 - FULLBZ                        0.00       0.00      -0.00       0.01         2
 - VXC                           0.00       0.01       0.00       0.24         4
 - SUBGRP                       91.91     131.94      45.95      66.36        30
 - IRRBZ                         0.00       0.00      -0.00       0.00         2
 - GMAP                          0.27       0.94       0.27       0.94         4
 - GENWF                         3.63       7.26       3.63       7.26         4
 - MTXEL                       534.52     890.39     267.32     448.49        56
 - MTXEL_COR TOT             72574.83   95484.56   48127.79   48330.77        56
 - VCOUL                         0.87       3.50       0.87       3.44         4
 - EPSREAD                       0.70       1.42       0.70       1.42         4
 - INPUT_OUTER                   0.00       1.61      -0.00       1.61         1
 - MTXEL COMM                    0.00       0.00      -0.00       0.00         4
 - BARE X                        0.00       3.36      -0.00       3.21        58
 - WF COMM                       4.58       7.35       4.58       7.36         2
 - INPUT (READ)                267.09     365.69     282.79     365.73     10003
 - INPUT (WRITE)                 0.05       0.12       0.04       0.12      9650
 - SUB-TRANSF TOT                0.00       0.00      -0.00       0.00        56
 - M.COR INIT                    6.69      10.69       3.41       5.41        56
 - M.COR EPSINIT               158.54     286.82      87.39     147.93        56
 - M.COR COMM                 1819.47   24988.69    1244.70   24449.16     67536
 - M.COR PP PREP                42.04      54.26      21.78      28.24      5768
 - M.COR SX+CH               40953.80   64780.30   20478.52   32396.08    270144
 - M.COR REMAIN               6417.59   29423.59    3279.14   14800.22    270144
 - READ NEPS                     0.00       0.08       0.00       0.08         1
 - EPSCOPY IO                  264.61     283.27     283.23     283.32         2
 - TOTAL                     73894.22   97126.29   49314.10   49314.27         1
 
 Job Done
 
