
 frequency_dependence   1

 band_index   736   741
 sigma_matrix     0   0

 finite_difference_form   2
 finite_difference_spacing  1.000000

 symmetries
 ntran  =  1
 mtrx01 =  1  0  0  0  1  0  0  0  1

       k =  0.000000  0.000000  0.000000 ik =   1 spin = 1

   n         Emf          Eo           X        SX-X          CH         Sig         Vxc        Eqp0        Eqp1         CH`        Sig`       Eqp0`       Eqp1`         Znk
 736   -1.841490   -1.841490  -10.432442    6.021815   -8.546404  -12.957031  -14.101423   -0.697098   -0.888284   -7.380255  -11.790882    0.469051    0.083044    0.832936
 737   -1.802515   -1.802515  -10.223834    5.860737   -8.480614  -12.843711  -13.981137   -0.665088   -0.854240   -7.324638  -11.687735    0.490888    0.109500    0.833702
 738   -1.802371   -1.802371  -10.223556    5.860444   -8.480498  -12.843610  -13.981084   -0.664897   -0.854063   -7.324509  -11.687621    0.491092    0.109683    0.833697
 739   -1.675109   -1.675109   -9.087945    5.101705   -8.320853  -12.307093  -13.567419   -0.414783   -0.623359   -7.210493  -11.196733    0.695577    0.303244    0.834507
 740   -1.674970   -1.674970   -9.087784    5.101582   -8.320707  -12.306909  -13.567329   -0.414550   -0.623147   -7.210365  -11.196566    0.695793    0.303435    0.834502
 741   -1.668049   -1.668049   -9.634004    5.448324   -8.412638  -12.598318  -13.819403   -0.446964   -0.650285   -7.266268  -11.451948    0.699406    0.305204    0.833491

       k =  0.000000  0.000000  0.500000 ik =   2 spin = 1

   n         Emf          Eo           X        SX-X          CH         Sig         Vxc        Eqp0        Eqp1         CH`        Sig`       Eqp0`       Eqp1`         Znk
 736   -1.782723   -1.782723  -10.520251    6.058438   -8.550218  -13.012030  -14.109456   -0.685297   -0.866436   -7.371482  -11.833295    0.493438    0.117741    0.834943
 737   -1.756148   -1.756148  -10.177819    5.810755   -8.444613  -12.811677  -13.935178   -0.632647   -0.817565   -7.279741  -11.646805    0.532225    0.155579    0.835409
 738   -1.755983   -1.755983  -10.177568    5.810575   -8.444594  -12.811586  -13.935124   -0.632445   -0.817369   -7.279720  -11.646712    0.532429    0.155777    0.835409
 739   -1.599503   -1.599503   -9.054596    5.080779   -8.344592  -12.318409  -13.592326   -0.325586   -0.537849   -7.229618  -11.203435    0.789388    0.391344    0.833377
 740   -1.599306   -1.599306   -9.054454    5.080672   -8.344495  -12.318277  -13.592198   -0.325385   -0.537650   -7.229527  -11.203309    0.789583    0.391540    0.833377
 741   -1.575505   -1.575505   -9.688403    5.476227   -8.457101  -12.669277  -13.897050   -0.347732   -0.553512   -7.295504  -11.507680    0.813865    0.413397    0.832396


================================================================================

    n = band index.
  Emf = "inner" mean-field energy eigenvalue used to construct Sigma(E),
        read from WFN_inner.
   Eo = "outer" mean-field energy eigenvalue where we center the evaluation
        frequency grid {E} of Sigma(E). Defaults to Emf, unless
        you use WFN_outer and eqp_outer.dat / scissors_outer.
  Vxc = exchange-correlation pot., calculated from VXC or read from vxc.dat.
  KIH = Kinetic energy + Ionic potential + Hartree, read from kih.dat.
    X = bare exchange.
   SX = screened exchange contrib. to Sigma(E) at energy E=Eo
   CH = Coulomb hole contrib. to Sigma(E) at energy E=Eo
  Cor = SX-X + CH = correlation portion of Sigma(E) at energy E=Eo.
  Sig = X + Cor = self energy, Sigma(E), at energy E=Eo.
 Eqp0 = on-shell QP energy = Emf - Vxc + Sig(Eo)
        Eqp0 is *not* the recommended quantity to use for QP properties.
 Eqp1 = off-shell solution to the linearized  Dyson`s equation
      = Eqp0 + (dSig/dE) / (1 - dSig/dE) * (Eqp0 - Eo),
        or a full linear interpolation if more freq. points where computed.
        Eqp1 is the recommended quantity to use for QP properties.
  Znk = quasiparticle renormalization factor

 Notes on the static remainder:
 - Unprimed values, such as Eqp0, are evaluated WITH the static remainder
 - Primed values, such as Eqp0`, are evaluated WITHOUT the static remainder

 Notes on the finite_difference_form from sigma.inp file:
   none    : -2 => dSig/dE = 0 (skip the expansion)
   backward: -1 => dSig/dE = (Sig(Eo) - Sig(Eo-dE)) / dE
   central :  0 => dSig/dE = (Sig(Eo+dE) - Sig(Eo-dE)) / (2*dE)
   forward :  1 => dSig/dE = (Sig(Eo+dE) - Sig(Eo)) / dE
   default :  2 => forward for diagonal and none for off-diagonal
   dE is finite_difference_spacing from Sigma.inp file.
   We are using the form #2 with dE = 1.000 eV.

 General notes:
 - All energies are reported here in eV.
 - Both Emf and Vxc contain the average pot. Vxc0, so Vxc0 doesn`t affect Sigma.
 - Eqp1 and Eqp0 are Eqs. (36-37) from Hybertsen & Louie PRB 34 5390.
 - We recommend you use Eqp1 for QP properties of materials.

================================================================================

