srun: Job 26104221 step creation temporarily disabled, retrying (Requested nodes are busy)
srun: Step created for StepId=26104221.1

 BerkeleyGW version 3.0
 Sigma code, Complex version, run on 28-May-2024 at 14:34:32 -0700

                                                                 ..o.          
                                                                .oxxo.         
                                                               .oxxxxo...      
                                                               oxxxxxxo.       
                                                              .oxxxxxxx.       
                                                              .ooooooxxo..     
                                                              .oooooooxo..     
                                                              .oooooxxo...     
                                                       .........oxooo......    
                                                 ............................  
                                             ................................. 
                                          .................................... 
           .          ..oo. ....  .................................oooxxxxxxxo.
     .............oxxxx@ox@@@x@x.....................o...........ooooooooooxx. 
    .o.........oox@x.oo........xxx@@............ooxxxxo..........ooooxxxxxoxo  
    .x........x@xxo...............o@xxo........oxxx@@@xoooooooooooooooxxxo...  
    .o......ox@@o..................oox@o.....ooxxx@xoooxxxxxxxoooooooooooo.... 
    o..ooooo@@xoooo....ooo...........x@o.....ooxxxxo   .oxxxxxxxxxxooooooo.... 
    . .oooo@@@@@@@@@@@@@@@@@@@@@@@@@@@@@@....ooooox.     .oxx@@@@@xxoo........ 
      .ooooxxxxxxxooooooxooooooooooooooxo...oooooxx.        ..ox@xxxoo.........
      .ooooooxxxx@xoooooooooooooxxoooooooooooxxxxx.            .oxxooooooooxxo.
     .oooooxxxxx@@@xxxxxxxxxxxxxxxxxxxxxxxxoxxxxo.                .oxxxxxxxxo. 
   ....oooxxxxx@@@xo..oxxx@@@@@@xxxxoxxoooooooxx.                  .oxxxoo..   
  .....ooxxxx@@xo.       ........    .ooooooooxxo                              
  ..oooxxxx@@@o                       .oooooooxoo.                             
  ....oxooxxxxx.                       .ooo..oooo.                             
  .....o.ooxxxxxo.                     .oooooooxo.                             
 ......ooooxxxxxxo.                     .ooooooxoo..                           
........ooxxxxxxxo..                     .o....oxoo...                         
.......ooooxxxxxxxo.                     ........oooo.                         
.ooooooo..ooxxxxoooo.                    .........ooo...                       
..oxo...ooooxxxoooo..                    .ooo......oooo...                     
  .ooooo....o.                            .oxxxoo....ooo....                   
    .oooooo...                              ...ooooo...ooo..                   
       ...                                     .oo.......                      
                                               ....ooo...                      
                      __              __                                       
 ______              [  |            [  |                 ._____  _          _ 
|_   _ \              | |  _          | |                /  ___ \| |        | |
  | |_) | .---.  _. _.| | / |  .---.  | | .---.  _    _ / /    \_|\ \  /\  / / 
  |  __'./ /__\\[ /`\_| '' <  / /__\\ | |/ /__\\| \  | | |   _____ \ \/  \/ /  
 _| |__| | \__. | |   | |`\ \ | \___. | || \___. \ \/ / \ \.___| |  \  /\  /   
|_______/ \.__./[_]  [__|  \_] \.__./[___]\.__./  \  /   \.____./    \/  \/    
                                                  / /                          
                                                 /_/                           
 --------------------------------------------------------------------------------
 Please cite the main BerkeleyGW paper when using results from this calculation:

 Jack Deslippe, Georgy Samsonidze, David A. Strubbe, Manish Jain, Marvin L.
 Cohen, and Steven G. Louie, "BerkeleyGW: A Massively Parallel Computer Package
 for the Calculation of the Quasiparticle and Optical Properties of Materials
 and Nanostructures," Comput. Phys. Commun. 183, 1269 (2012)

 Aditionally, PLEASE CITE ALL PAPERS REPORTED AT THE END OF THIS CALCULATION.
 --------------------------------------------------------------------------------

 Running MPI version (parallel)
 Running with 1206 MPI task(s)
 Using OpenMP. Number of threads per MPI task: 2

 Compilation flags:
 - Compiler: GNU
 - Para. flags: MPI, OMP
 - Math  flags: USESCALAPACK, UNPACKED, USEFFTW3, HDF5
 - Debug flags: 

 Running with verbosity level 1 (default).

 Using the Generalized Plasmon Pole model

 We are communicating via MPI

 Computing CH as a partial sum over empty bands with the static remainder

 Running with semiconductor screening

 We are using a truncated Coulomb interaction: cell wire
 Cutoff for Monte-Carlo average of Coulomb potential: 1.000E-012 Ry

 Reading exchange-correlation matrix elements from vxc.dat file

 Treating W within the Hybertsen-Louie Generalized Plasmon Pole model

 Memory available: 25965.6 MB per PE

 Read from eps0mat.h5:
 - Number of G-vectors in the charge-density grid: 11053081
 - Max. number of G-vectors for dielectric matrices: 123471
 - Cutoff of the dielectric matrix (Ry): 12.000
 - Number of imaginary frequencies: 0
 - Total number of frequencies: 1
 - Frequency dependence: 0
 - Number of q-points: 1
 - Q grid: 1 1 2

 Read from epsmat.h5:
 - Number of G-vectors in the charge-density grid: 11053081
 - Max. number of G-vectors for dielectric matrices: 123668
 - Cutoff of the dielectric matrix: 12.000
 - Number of imaginary frequencies: 0
 - Total number of frequencies: 1
 - Frequency dependence: 0
 - Number of q-points: 1
 - Q grid: 1 1 2

 Reading header of WFN_inner
 Highest occupied band (unshifted grid) = 728
 Valence max    (unshifted grid) = -3.335213 eV
 Conduction min (unshifted grid) = -2.421328 eV
 Middle energy  (unshifted grid) = -2.878271 eV
 Fermi  energy  (unshifted grid) = -2.878271 eV


 Calculation parameters:
 - Cutoff of the bare Coulomb interaction (Ry): 60.00
 - Cutoff of the screened Coulomb interaction (Ry): 12.00
 - Number of G-vectors up to the bare int. cutoff: 1381955
 - Number of G-vectors up to the screened int. cutoff: 123471
 - Total number of bands in the calculation: 4824
 - Number of fully occupied valence bands: 728
 - Number of partially occ. conduction bands: 0

 Memory required for execution: 2495.5 MB per PE
 Memory required for vcoul: 162.2 MB per PE

 Number of electrons per unit cell (from ifmax) = 1456.000000
 Number of electrons per unit cell (from occupations) = 1456.000000
 Plasma Frequency = .644770 Ry

 Q-grid symmetries are being used.

 Parallelization report:
 - Using 1206 processor(s), 1 pool(s), 1206 processor(s) per pool.
 - Each pool is computing 6 diagonal sigma matrix element(s).
 - Each pool is computing 0 off-diagonal sigma matrix element(s).
 - Each processor is holding 4 band(s).


 Started reading wavefunctions (WFN_inner) with 9648 state(s) at 14:34:37.
 [ 14:34:37 |   0% ] state    1 / 9648.
 [ 14:34:37 |   0% ] state    3 / 9648, remaining: 367 s.
 [ 14:35:13 |  10% ] state  965 / 9648, remaining: 322 s.
 [ 14:35:48 |  20% ] state 1930 / 9648, remaining: 285 s.
 [ 14:36:24 |  30% ] state 2895 / 9648, remaining: 248 s.
 [ 14:36:59 |  40% ] state 3860 / 9648, remaining: 213 s.
 [ 14:37:35 |  50% ] state 4824 / 9648, remaining: 178 s.
 [ 14:38:14 |  60% ] state 5789 / 9648, remaining: 144 s.
 [ 14:38:51 |  70% ] state 6754 / 9648, remaining: 109 s.
 [ 14:39:27 |  80% ] state 7719 / 9648, remaining: 73 s.
 [ 14:40:04 |  90% ] state 8684 / 9648, remaining: 36 s.
 [ 14:40:41 | 100% ] state 9648 / 9648, remaining: 0 s.
 Finished reading wavefunctions (WFN_inner) at 14:40:43.
 Elapsed time: 366 s.


 Scissors parameters:
 - Valence:    es =   0.0000 eV, e0 =   0.0000 eV, edel =   0.0000
 - Conduction: es =   0.0000 eV, e0 =   0.0000 eV, edel =   0.0000

 Scissors parameters (outer):
 - Valence:    es =   0.0000 eV, e0 =   0.0000 eV, edel =   0.0000
 - Conduction: es =   0.0000 eV, e0 =   0.0000 eV, edel =   0.0000


 Data for sum rule:
 - rho(0,1) = 1456.000000 electrons
 - wp = 8.772541 eV

 Number of bands to compute diagonal self-energy matrix elements: 6
 Bands:
 - 736
 - 737
 - 738
 - 739
 - 740
 - 741
 Number of off-diagonal bands to compute self-energy matrix elements: 0

 GPU acceleration is : DISABLED

 Algorithms used:
 - mtxel     : CPU_ALGO
 - sigma_gpp : CPU_ALGO

 Total number of frequencies in the dielectric matrix: 1
 Number of imag. frequencies in the dielectric matrix: 0


 Started reading eps0mat.h5 with 1 q-point(s) at 14:40:43.
 [ 14:40:43 |   0% ] q-point 1 / 1.
 Finished reading eps0mat.h5 at 14:43:03.
 Elapsed time: 140 s.


 Started reading epsmat.h5 with 1 q-point(s) at 14:43:03.
 [ 14:43:03 |   0% ] q-point 1 / 1.
 Finished reading epsmat.h5 at 14:45:25.
 Elapsed time: 142 s.

 Number of k-points in WFN_inner: 2
 Number of k-points in the full BZ of WFN_inner: 2

================================================================================
 14:45:25   Dealing with k =  0.000000  0.000000  0.000000                 1 / 2
================================================================================

 Reading vxc.dat
 Number of q-points in the irreducible BZ(k) (nrq): 2

 Started calculating Sigma with 12 block(s) at 14:45:25.
 [ 14:45:28 |   0% ] block  1 / 12.
 [ 14:59:59 |   8% ] block  2 / 12.
 [ 15:14:29 |  17% ] block  3 / 12, remaining: 8698 s.
 [ 15:28:58 |  25% ] block  4 / 12, remaining: 7825 s.
 [ 15:43:26 |  33% ] block  5 / 12, remaining: 6951 s.
 [ 15:57:54 |  42% ] block  6 / 12, remaining: 6082 s.
 [ 16:26:54 |  58% ] block  8 / 12, remaining: 4346 s.
 [ 16:41:19 |  67% ] block  9 / 12, remaining: 3474 s.
 [ 16:55:44 |  75% ] block 10 / 12, remaining: 2604 s.
 [ 17:10:09 |  83% ] block 11 / 12, remaining: 1736 s.
 [ 17:24:34 |  92% ] block 12 / 12, remaining: 867 s.
 Finished calculating Sigma at 17:38:58.
 Elapsed time: 10412 s.

 Unsymmetrized values for ik =   1 spin = 1

     n      Emf       Eo      Vxc        X     SX-X       CH      Cor      Sig
   736   -1.841   -1.841  -14.101  -10.432    6.022   -8.546   -2.525  -12.957
   737   -1.803   -1.803  -13.981  -10.224    5.861   -8.481   -2.620  -12.844
   738   -1.802   -1.802  -13.981  -10.224    5.860   -8.480   -2.620  -12.844
   739   -1.675   -1.675  -13.567   -9.088    5.102   -8.321   -3.219  -12.307
   740   -1.675   -1.675  -13.567   -9.088    5.102   -8.321   -3.219  -12.307
   741   -1.668   -1.668  -13.819   -9.634    5.448   -8.413   -2.964  -12.598

 Symmetrized values from band-averaging:

       k =  0.000000  0.000000  0.000000 ik =   1 spin = 1

     n      Emf       Eo      Vxc        X      Cor     Eqp0     Eqp1      Znk
   736   -1.841   -1.841  -14.101  -10.432   -2.525   -0.697   -0.888    0.833
   737   -1.803   -1.803  -13.981  -10.224   -2.620   -0.665   -0.854    0.834
   738   -1.802   -1.802  -13.981  -10.224   -2.620   -0.665   -0.854    0.834
   739   -1.675   -1.675  -13.567   -9.088   -3.219   -0.415   -0.623    0.835
   740   -1.675   -1.675  -13.567   -9.088   -3.219   -0.415   -0.623    0.835
   741   -1.668   -1.668  -13.819   -9.634   -2.964   -0.447   -0.650    0.833

================================================================================
 17:38:58   Dealing with k =  0.000000  0.000000  0.500000                 2 / 2
================================================================================

 Reading vxc.dat
 Number of q-points in the irreducible BZ(k) (nrq): 2

 Started calculating Sigma with 12 block(s) at 17:38:58.
 [ 17:39:02 |   0% ] block  1 / 12.
 [ 17:53:29 |   8% ] block  2 / 12.
 [ 18:07:55 |  17% ] block  3 / 12, remaining: 8662 s.
 [ 18:22:21 |  25% ] block  4 / 12, remaining: 7794 s.
 [ 18:36:46 |  33% ] block  5 / 12, remaining: 6926 s.
 [ 18:51:12 |  42% ] block  6 / 12, remaining: 6060 s.
 [ 19:20:04 |  58% ] block  8 / 12, remaining: 4329 s.
 [ 19:34:25 |  67% ] block  9 / 12, remaining: 3460 s.
 [ 19:48:45 |  75% ] block 10 / 12, remaining: 2594 s.
 [ 20:03:05 |  83% ] block 11 / 12, remaining: 1728 s.
 [ 20:17:26 |  92% ] block 12 / 12, remaining: 864 s.
 Finished calculating Sigma at 20:31:45.
 Elapsed time: 10367 s.

 Unsymmetrized values for ik =   2 spin = 1

     n      Emf       Eo      Vxc        X     SX-X       CH      Cor      Sig
   736   -1.783   -1.783  -14.109  -10.520    6.058   -8.550   -2.492  -13.012
   737   -1.756   -1.756  -13.935  -10.178    5.811   -8.445   -2.634  -12.812
   738   -1.756   -1.756  -13.935  -10.178    5.811   -8.445   -2.634  -12.812
   739   -1.600   -1.600  -13.592   -9.055    5.081   -8.345   -3.264  -12.318
   740   -1.599   -1.599  -13.592   -9.054    5.081   -8.344   -3.264  -12.318
   741   -1.576   -1.576  -13.897   -9.688    5.476   -8.457   -2.981  -12.669

 Symmetrized values from band-averaging:

       k =  0.000000  0.000000  0.500000 ik =   2 spin = 1

     n      Emf       Eo      Vxc        X      Cor     Eqp0     Eqp1      Znk
   736   -1.783   -1.783  -14.109  -10.520   -2.492   -0.685   -0.866    0.835
   737   -1.756   -1.756  -13.935  -10.178   -2.634   -0.633   -0.818    0.835
   738   -1.756   -1.756  -13.935  -10.178   -2.634   -0.632   -0.817    0.835
   739   -1.600   -1.600  -13.592   -9.055   -3.264   -0.326   -0.538    0.833
   740   -1.599   -1.599  -13.592   -9.054   -3.264   -0.325   -0.538    0.833
   741   -1.576   -1.576  -13.897   -9.688   -2.981   -0.348   -0.554    0.832

================================================================================

    n = band index.
  Emf = "inner" mean-field energy eigenvalue used to construct Sigma(E),
        read from WFN_inner.
   Eo = "outer" mean-field energy eigenvalue where we center the evaluation
        frequency grid {E} of Sigma(E). Defaults to Emf, unless
        you use WFN_outer and eqp_outer.dat / scissors_outer.
  Vxc = exchange-correlation pot., calculated from VXC or read from vxc.dat.
  KIH = Kinetic energy + Ionic potential + Hartree, read from kih.dat.
    X = bare exchange.
   SX = screened exchange contrib. to Sigma(E) at energy E=Eo
   CH = Coulomb hole contrib. to Sigma(E) at energy E=Eo
  Cor = SX-X + CH = correlation portion of Sigma(E) at energy E=Eo.
  Sig = X + Cor = self energy, Sigma(E), at energy E=Eo.
 Eqp0 = on-shell QP energy = Emf - Vxc + Sig(Eo)
        Eqp0 is *not* the recommended quantity to use for QP properties.
 Eqp1 = off-shell solution to the linearized  Dyson`s equation
      = Eqp0 + (dSig/dE) / (1 - dSig/dE) * (Eqp0 - Eo),
        or a full linear interpolation if more freq. points where computed.
        Eqp1 is the recommended quantity to use for QP properties.
  Znk = quasiparticle renormalization factor

 Notes on the static remainder:
 - Unprimed values, such as Eqp0, are evaluated WITH the static remainder
 - Primed values, such as Eqp0`, are evaluated WITHOUT the static remainder

 Notes on the finite_difference_form from sigma.inp file:
   none    : -2 => dSig/dE = 0 (skip the expansion)
   backward: -1 => dSig/dE = (Sig(Eo) - Sig(Eo-dE)) / dE
   central :  0 => dSig/dE = (Sig(Eo+dE) - Sig(Eo-dE)) / (2*dE)
   forward :  1 => dSig/dE = (Sig(Eo+dE) - Sig(Eo)) / dE
   default :  2 => forward for diagonal and none for off-diagonal
   dE is finite_difference_spacing from Sigma.inp file.
   We are using the form #2 with dE = 1.000 eV.

 General notes:
 - All energies are reported here in eV.
 - Both Emf and Vxc contain the average pot. Vxc0, so Vxc0 doesn`t affect Sigma.
 - Eqp1 and Eqp0 are Eqs. (36-37) from Hybertsen & Louie PRB 34 5390.
 - We recommend you use Eqp1 for QP properties of materials.

================================================================================


WARNING: |Eqp0 - Eo| > finite_difference_spacing. Linear extrapolation for eqp1
may be inaccurate. You should test the validity of eqp1 by rerunning the
calculation with the self energy evaluated at the eqp0 energies. For that,
use the eqp_outer.dat file, created with eqp.py script and point WFN_outer to
WFN_inner, if you were not already using WFN_outer.


********************************************************************************
*                                                                              *
* Your calculation employed methods and algorithms published in peer-reviewed  *
* papers. Please, cite the following references to give proper credit to their *
*          authors and help support future development of BerkeleyGW.          *
*                                                                              *
********************************************************************************

 J. Deslippe, G. Samsonidze, D. A. Strubbe, M. Jain, M. L. Cohen, and S. G.
 Louie, BerkeleyGW: A Massively Parallel Computer Package for the Calculation
 of the Quasiparticle and Optical Properties of Materials and Nanostructures,
 Computer Physics Communications 183, 1269 (2012).

 M. S. Hybertsen and S. G. Louie, Electron Correlation in Semiconductors and
 Insulators: Band Gaps and Quasiparticle Energies, Phys. Rev. B 34, 5390
 (1986).

 S. Ismail-Beigi, Truncation of Periodic Image Interactions for Confined
 Systems, Phys. Rev. B 73, 233103 (2006).

********************************************************************************

 
 Timing information
 
                                CPU time (s)          WALL time (s)       Number
 Routine                       min        max        min        max     of calls
 -------------------------  ---------  ---------  ---------  ---------  --------
 - Input I/O                    10.82     102.81      10.85     108.59     10005
 - Input Comm                  154.90     356.41     166.76     356.42     10005
 - FFT Zero                     12.76      41.77       6.41      20.94       144
 - FFT Put                       4.89       9.83       2.45       4.94       144
 - FFT Plan                      0.14       0.29       0.08       0.14       256
 - FFT Exec                    226.64     341.77     113.35     171.52       256
 - FFT Mltply                   12.22      27.24       6.12      13.63       108
 - FFT Conjg                     2.88       8.82       1.44       4.42        36
 - FFT Get                       6.59      17.03       3.30       8.86       108
 - INPUT                       352.66     370.59     369.00     370.62         1
 - EPSCOPY                     266.38     281.50     281.58     281.62         1
 - FULLBZ                        0.00       0.00      -0.00       0.01         2
 - VXC                           0.00       0.00       0.00       0.20         4
 - SUBGRP                       39.32      55.98      19.66      28.17        14
 - IRRBZ                         0.00       0.00      -0.00       0.00         2
 - GMAP                          0.27       0.94       0.27       0.94         4
 - GENWF                         3.67       7.29       3.67       7.29         4
 - MTXEL                       228.08     377.79     114.07     189.90        24
 - MTXEL_COR TOT             31052.35   40892.81   20546.31   20632.67        24
 - VCOUL                         0.97       3.77       0.89       3.77         4
 - EPSREAD                       0.71       1.41       0.71       1.42         4
 - INPUT_OUTER                   0.00       1.61      -0.00       1.61         1
 - MTXEL COMM                    0.00       0.00      -0.00       0.00         4
 - BARE X                        0.00       1.32      -0.00       1.24        26
 - WF COMM                       2.25       3.38       2.25       3.38         2
 - INPUT (READ)                258.56     367.34     276.20     367.37     10003
 - INPUT (WRITE)                 0.05       0.12       0.04       0.12      9650
 - SUB-TRANSF TOT                0.00       0.00      -0.00       0.00        24
 - M.COR INIT                    2.80       4.53       1.43       2.29        24
 - M.COR EPSINIT                68.07     122.18      37.31      63.64        24
 - M.COR COMM                  646.91   10597.24     401.40   10366.84     28944
 - M.COR PP PREP                17.89      23.27       9.30      11.99      2472
 - M.COR SX+CH               17605.88   27810.16    8804.00   13907.48    115776
 - M.COR REMAIN               2767.74   12716.58    1413.41    6396.49    115776
 - READ NEPS                     0.00       0.08      -0.00       0.08         1
 - EPSCOPY IO                  265.58     280.76     280.80     280.88         2
 - TOTAL                     31995.71   41973.19   21433.02   21433.13         1
 
 Job Done
 
