
 BerkeleyGW version 4.0
 BSE/IntEqp code, Complex version, run on 10-Mar-2025 at 10:39:33 -0700

                                                                 ..o.          
                                                                .oxxo.         
                                                               .oxxxxo...      
                                                               oxxxxxxo.       
                                                              .oxxxxxxx.       
                                                              .ooooooxxo..     
                                                              .oooooooxo..     
                                                              .oooooxxo...     
                                                       .........oxooo......    
                                                 ............................  
                                             ................................. 
                                          .................................... 
           .          ..oo. ....  .................................oooxxxxxxxo.
     .............oxxxx@ox@@@x@x.....................o...........ooooooooooxx. 
    .o.........oox@x.oo........xxx@@............ooxxxxo..........ooooxxxxxoxo  
    .x........x@xxo...............o@xxo........oxxx@@@xoooooooooooooooxxxo...  
    .o......ox@@o..................oox@o.....ooxxx@xoooxxxxxxxoooooooooooo.... 
    o..ooooo@@xoooo....ooo...........x@o.....ooxxxxo   .oxxxxxxxxxxooooooo.... 
    . .oooo@@@@@@@@@@@@@@@@@@@@@@@@@@@@@@....ooooox.     .oxx@@@@@xxoo........ 
      .ooooxxxxxxxooooooxooooooooooooooxo...oooooxx.        ..ox@xxxoo.........
      .ooooooxxxx@xoooooooooooooxxoooooooooooxxxxx.            .oxxooooooooxxo.
     .oooooxxxxx@@@xxxxxxxxxxxxxxxxxxxxxxxxoxxxxo.                .oxxxxxxxxo. 
   ....oooxxxxx@@@xo..oxxx@@@@@@xxxxoxxoooooooxx.                  .oxxxoo..   
  .....ooxxxx@@xo.       ........    .ooooooooxxo                              
  ..oooxxxx@@@o                       .oooooooxoo.                             
  ....oxooxxxxx.                       .ooo..oooo.                             
  .....o.ooxxxxxo.                     .oooooooxo.                             
 ......ooooxxxxxxo.                     .ooooooxoo..                           
........ooxxxxxxxo..                     .o....oxoo...                         
.......ooooxxxxxxxo.                     ........oooo.                         
.ooooooo..ooxxxxoooo.                    .........ooo...                       
..oxo...ooooxxxoooo..                    .ooo......oooo...                     
  .ooooo....o.                            .oxxxoo....ooo....                   
    .oooooo...                              ...ooooo...ooo..                   
       ...                                     .oo.......                      
                                               ....ooo...                      
                      __              __                                       
 ______              [  |            [  |                 ._____  _          _ 
|_   _ \              | |  _          | |                /  ___ \| |        | |
  | |_) | .---.  _. _.| | / |  .---.  | | .---.  _    _ / /    \_|\ \  /\  / / 
  |  __'./ /__\\[ /`\_| '' <  / /__\\ | |/ /__\\| \  | | |   _____ \ \/  \/ /  
 _| |__| | \__. | |   | |`\ \ | \___. | || \___. \ \/ / \ \.___| |  \  /\  /   
|_______/ \.__./[_]  [__|  \_] \.__./[___]\.__./  \  /   \.____./    \/  \/    
                                                  / /                          
                                                 /_/                           
 --------------------------------------------------------------------------------
 Please cite the main BerkeleyGW paper when using results from this calculation:

 Jack Deslippe, Georgy Samsonidze, David A. Strubbe, Manish Jain, Marvin L.
 Cohen, and Steven G. Louie, "BerkeleyGW: A Massively Parallel Computer Package
 for the Calculation of the Quasiparticle and Optical Properties of Materials
 and Nanostructures," Comput. Phys. Commun. 183, 1269 (2012)

 Aditionally, PLEASE CITE ALL PAPERS REPORTED AT THE END OF THIS CALCULATION.
 --------------------------------------------------------------------------------

 Running MPI version (parallel)
 Running with 2 MPI task(s)
 Using OpenMP. Number of threads per MPI task: 2

 Compilation flags:
 - Compiler: GNU
 - Para. flags: MPI, OMP
 - Math  flags: USESCALAPACK, UNPACKED, USEFFTW3, HDF5
 - Debug flags: 

 Running with verbosity level 1 (default).

 The restricted fi/co WFN transformation dvv',dcc' will be calculated.

 Using the Tamm-Dancoff approximation.

 Using the momentum operator

 Using the Delaunay interpolation method.


 Number of k-points in the coarse k-grid: 2
 A 1-D interpolation algorithm will be employed.
 No symmetries used in the fine grid-sampling
 K-grid: 0 0 0
 Highest occupied band (fine grid) = 728
 Valence max    (fine grid) = -3.329079 eV
 Conduction min (fine grid) = -2.422890 eV
 Middle energy  (fine grid) = -2.875984 eV
 Fermi  energy  (fine grid) = -2.875984 eV

 Number of electrons per unit cell (from ifmax) = 1456.000000
 Number of electrons per unit cell (from occupations) = 1456.000000
 Plasma Frequency = .644770 Ry


 Scissors parameters:
 - Valence:    es =   0.0000 eV, e0 =   0.0000 eV, edel =   0.0000
 - Conduction: es =   0.0000 eV, e0 =   0.0000 eV, edel =   0.0000

 You are doing a class 1 calculation - npes <= nk

 Memory available: 486639.9 MB per PE
 Memory required for vcoul: 114.4 MB per PE
 Memory needed to store the effective Ham. and intkernel arrays: 810.7 MB per PE

 Distribution of kcv blocks among PE ranks:
   - PEs 0 to 0 : 16 blocks
   - PEs 1 to 1 : 15 blocks

 Started reading wavefunctions (WFN_fi) with 31 k-point(s) at 10:39:34.
 [ 10:39:34 |   0% ] k-point  1 / 31.
 [ 10:39:37 |   6% ] k-point  3 / 31, remaining: 49 s.
 [ 10:39:39 |  10% ] k-point  4 / 31, remaining: 49 s.
 [ 10:39:44 |  19% ] k-point  7 / 31, remaining: 43 s.
 [ 10:39:50 |  29% ] k-point 10 / 31, remaining: 38 s.
 [ 10:39:55 |  39% ] k-point 13 / 31, remaining: 33 s.
 [ 10:40:00 |  48% ] k-point 16 / 31, remaining: 28 s.
 [ 10:40:05 |  58% ] k-point 19 / 31, remaining: 23 s.
 [ 10:40:11 |  68% ] k-point 22 / 31, remaining: 17 s.
 [ 10:40:16 |  77% ] k-point 25 / 31, remaining: 12 s.
 [ 10:40:21 |  87% ] k-point 28 / 31, remaining: 7 s.
 Finished reading wavefunctions (WFN_fi) at 10:40:28.
 Elapsed time: 54 s.


 Conduction wavefunctions read from file WFN_fi:
 - Number of k-points in irreducible BZ: 31
 - Number of k-points in full BZ: 31

 Lowest-energy independent-particle transitions:

                k-point                 ik     ic     iv     energy (eV)
   -------------------------------- ------ ------ ------ ---------------
     0.000000   0.000000   0.066667      5      1      1        0.906838
     0.000000   0.000000   0.083333      6      1      1        0.907200
     0.000000   0.000000   0.050000      4      1      1        0.907354
     0.000000   0.000000   0.100000      7      1      1        0.908429
     0.000000   0.000000   0.033333      3      1      1        0.908748
  
 More Job Parameters: 
 Crystal volume =           5457369.91707939468324 a.u.
 Number of valence bands =           18
 Number of cond. bands   =           18
 Number of spins   =            1
  
 Highest occupied band (fine grid) = 728
 Valence max    (fine grid) = -3.329079 eV
 Conduction min (fine grid) = -2.422890 eV
 Middle energy  (fine grid) = -2.875984 eV
 Fermi  energy  (fine grid) = -2.875984 eV

 No symmetries used in the shifted-grid sampling

 Started reading wavefunctions (WFN_fi) with 31 k-point(s) at 10:40:28.
 [ 10:40:28 |   0% ] k-point  1 / 31.
 [ 10:40:32 |   6% ] k-point  3 / 31, remaining: 53 s.
 [ 10:40:34 |  10% ] k-point  4 / 31, remaining: 55 s.
 [ 10:40:39 |  19% ] k-point  7 / 31, remaining: 48 s.
 [ 10:40:45 |  29% ] k-point 10 / 31, remaining: 42 s.
 [ 10:40:51 |  39% ] k-point 13 / 31, remaining: 36 s.
 [ 10:40:57 |  48% ] k-point 16 / 31, remaining: 31 s.
 [ 10:41:02 |  58% ] k-point 19 / 31, remaining: 25 s.
 [ 10:41:08 |  68% ] k-point 22 / 31, remaining: 19 s.
 [ 10:41:14 |  77% ] k-point 25 / 31, remaining: 13 s.
 [ 10:41:20 |  87% ] k-point 28 / 31, remaining: 8 s.
 Finished reading wavefunctions (WFN_fi) at 10:41:27.
 Elapsed time: 59 s.


 Valence wavefunctions read from file WFN_fi:
 - Number of k-points in irreducible BZ: 31
 - Number of k-points in full BZ: 31

 Reading quasiparticle energy corrections from eqp_co.dat
 Highest occupied band (coarse grid) = 728
 Valence max    (coarse grid) = -3.682524 eV
 Conduction min (coarse grid) = -1.607094 eV
 Middle energy  (coarse grid) = -2.644809 eV
 Fermi  energy  (coarse grid) = -2.644809 eV


 Reading quasiparticle energy corrections from eqp_co.dat
 Using symmetries to expand the coarse-grid sampling

 Started reading wavefunctions (WFN_co) with 2 k-point(s) at 10:41:27.
 [ 10:41:27 |   0% ] k-point 1 / 2.
 [ 10:41:34 |  50% ] k-point 2 / 2.
 Finished reading wavefunctions (WFN_co) at 10:41:36.
 Elapsed time: 9 s.


 Coarse-grid wavefunctions read from file WFN_co:
 - Number of k-points in irreducible BZ: 2
 - Number of k-points in full BZ: 2

 Started wavefunction interpolation with 16 k-point(s) at 10:41:36.
 [ 10:41:36 |   0% ] k-point  1 / 16.
 [ 10:41:59 |   6% ] k-point  2 / 16.
 [ 10:42:23 |  13% ] k-point  3 / 16, remaining: 333 s.
 [ 10:42:47 |  19% ] k-point  4 / 16, remaining: 311 s.
 [ 10:43:11 |  25% ] k-point  5 / 16, remaining: 288 s.
 [ 10:43:59 |  38% ] k-point  7 / 16, remaining: 241 s.
 [ 10:44:48 |  50% ] k-point  9 / 16, remaining: 194 s.
 [ 10:45:13 |  56% ] k-point 10 / 16, remaining: 170 s.
 [ 10:46:03 |  69% ] k-point 12 / 16, remaining: 122 s.
 [ 10:46:27 |  75% ] k-point 13 / 16, remaining: 98 s.
 [ 10:47:17 |  88% ] k-point 15 / 16, remaining: 49 s.
 Finished wavefunction interpolation at 10:48:07.
 Elapsed time: 390 s.

 Max. error in norm of transformation coefficients (1 - \sum_co |d_fi,co|^2):
  - For valence states: 9.987E-01
  - For conduction states: 1.000E+00

WARNING: there are fine/coarse transformation coefficients with 2-norm < 50%.
Most likely, you are including the same number of bands in the coarse grid
as in the fine grid, or your coarse k-grid is too coarse. You should always
include more bands in the coarse grid to capture, for instance, band crossings.
To improve convergence, you might want to consider:
- including more bands from the coarse WFN_co file (number_*_bands_coarse)
- decreasing the number of bands from the fine WFN_fi file (number_*_bands_fine)
- using a coarse WFN_co file with a denser k-mesh
- using the "unrestricted_transformation" flag in the input file (if metal)

 
 Timing information
 
                                CPU time (s)          WALL time (s)       Number
 Routine                       min        max        min        max     of calls
 -------------------------  ---------  ---------  ---------  ---------  --------
 - Input                        53.61      53.72      53.73      54.52         1
 - Input q                      57.75      58.77      58.79      58.82         1
 - Intwfn                      399.91     401.11     400.44     401.25         1
 - Iw Input_co                   9.51      10.72       9.90      10.72         1
 - Iw Interp                     0.00       0.00       0.00       0.00        17
 - Iw Genwf                      0.00       0.00       0.00       0.00        64
 - Iw Gwnwf_Co                 110.22     134.35     110.26     134.39        32
 - Iw Mtxel_t                    0.00       0.00       0.00       0.00        64
 - Iw Write                      0.01      10.70       0.01      10.70         1
 - Iw Reduce                     0.05       0.06       0.05       0.06         1
 - TOTAL                       511.39     513.73     513.90     513.90         1
 
 Job Done
 
