
 BerkeleyGW version 3.0
 Sigma code, Complex version, run on 06-Jun-2024 at 21:40:01 -0700

                                                                 ..o.          
                                                                .oxxo.         
                                                               .oxxxxo...      
                                                               oxxxxxxo.       
                                                              .oxxxxxxx.       
                                                              .ooooooxxo..     
                                                              .oooooooxo..     
                                                              .oooooxxo...     
                                                       .........oxooo......    
                                                 ............................  
                                             ................................. 
                                          .................................... 
           .          ..oo. ....  .................................oooxxxxxxxo.
     .............oxxxx@ox@@@x@x.....................o...........ooooooooooxx. 
    .o.........oox@x.oo........xxx@@............ooxxxxo..........ooooxxxxxoxo  
    .x........x@xxo...............o@xxo........oxxx@@@xoooooooooooooooxxxo...  
    .o......ox@@o..................oox@o.....ooxxx@xoooxxxxxxxoooooooooooo.... 
    o..ooooo@@xoooo....ooo...........x@o.....ooxxxxo   .oxxxxxxxxxxooooooo.... 
    . .oooo@@@@@@@@@@@@@@@@@@@@@@@@@@@@@@....ooooox.     .oxx@@@@@xxoo........ 
      .ooooxxxxxxxooooooxooooooooooooooxo...oooooxx.        ..ox@xxxoo.........
      .ooooooxxxx@xoooooooooooooxxoooooooooooxxxxx.            .oxxooooooooxxo.
     .oooooxxxxx@@@xxxxxxxxxxxxxxxxxxxxxxxxoxxxxo.                .oxxxxxxxxo. 
   ....oooxxxxx@@@xo..oxxx@@@@@@xxxxoxxoooooooxx.                  .oxxxoo..   
  .....ooxxxx@@xo.       ........    .ooooooooxxo                              
  ..oooxxxx@@@o                       .oooooooxoo.                             
  ....oxooxxxxx.                       .ooo..oooo.                             
  .....o.ooxxxxxo.                     .oooooooxo.                             
 ......ooooxxxxxxo.                     .ooooooxoo..                           
........ooxxxxxxxo..                     .o....oxoo...                         
.......ooooxxxxxxxo.                     ........oooo.                         
.ooooooo..ooxxxxoooo.                    .........ooo...                       
..oxo...ooooxxxoooo..                    .ooo......oooo...                     
  .ooooo....o.                            .oxxxoo....ooo....                   
    .oooooo...                              ...ooooo...ooo..                   
       ...                                     .oo.......                      
                                               ....ooo...                      
                      __              __                                       
 ______              [  |            [  |                 ._____  _          _ 
|_   _ \              | |  _          | |                /  ___ \| |        | |
  | |_) | .---.  _. _.| | / |  .---.  | | .---.  _    _ / /    \_|\ \  /\  / / 
  |  __'./ /__\\[ /`\_| '' <  / /__\\ | |/ /__\\| \  | | |   _____ \ \/  \/ /  
 _| |__| | \__. | |   | |`\ \ | \___. | || \___. \ \/ / \ \.___| |  \  /\  /   
|_______/ \.__./[_]  [__|  \_] \.__./[___]\.__./  \  /   \.____./    \/  \/    
                                                  / /                          
                                                 /_/                           
 --------------------------------------------------------------------------------
 Please cite the main BerkeleyGW paper when using results from this calculation:

 Jack Deslippe, Georgy Samsonidze, David A. Strubbe, Manish Jain, Marvin L.
 Cohen, and Steven G. Louie, "BerkeleyGW: A Massively Parallel Computer Package
 for the Calculation of the Quasiparticle and Optical Properties of Materials
 and Nanostructures," Comput. Phys. Commun. 183, 1269 (2012)

 Aditionally, PLEASE CITE ALL PAPERS REPORTED AT THE END OF THIS CALCULATION.
 --------------------------------------------------------------------------------

 Running MPI version (parallel)
 Running with 1206 MPI task(s)
 Using OpenMP. Number of threads per MPI task: 2

 Compilation flags:
 - Compiler: GNU
 - Para. flags: MPI, OMP
 - Math  flags: USESCALAPACK, UNPACKED, USEFFTW3, HDF5
 - Debug flags: 

 Running with verbosity level 1 (default).

 Using the Generalized Plasmon Pole model

 We are communicating via MPI

 Computing CH as a partial sum over empty bands with the static remainder

 Running with semiconductor screening

 We are using a truncated Coulomb interaction: cell wire
 Cutoff for Monte-Carlo average of Coulomb potential: 1.000E-012 Ry

 Reading exchange-correlation matrix elements from vxc.dat file

 Treating W within the Hybertsen-Louie Generalized Plasmon Pole model

 Memory available: 25790.8 MB per PE

 Read from eps0mat.h5:
 - Number of G-vectors in the charge-density grid: 11053081
 - Max. number of G-vectors for dielectric matrices: 123471
 - Cutoff of the dielectric matrix (Ry): 12.000
 - Number of imaginary frequencies: 0
 - Total number of frequencies: 1
 - Frequency dependence: 0
 - Number of q-points: 1
 - Q grid: 1 1 2

 Read from epsmat.h5:
 - Number of G-vectors in the charge-density grid: 11053081
 - Max. number of G-vectors for dielectric matrices: 123668
 - Cutoff of the dielectric matrix: 12.000
 - Number of imaginary frequencies: 0
 - Total number of frequencies: 1
 - Frequency dependence: 0
 - Number of q-points: 1
 - Q grid: 1 1 2

 Reading header of WFN_inner
 Highest occupied band (unshifted grid) = 731
 Valence max    (unshifted grid) = -3.314670 eV
 Conduction min (unshifted grid) = -2.460450 eV
 Middle energy  (unshifted grid) = -2.887560 eV
 Fermi  energy  (unshifted grid) = -2.887560 eV


 Calculation parameters:
 - Cutoff of the bare Coulomb interaction (Ry): 60.00
 - Cutoff of the screened Coulomb interaction (Ry): 12.00
 - Number of G-vectors up to the bare int. cutoff: 1381955
 - Number of G-vectors up to the screened int. cutoff: 123471
 - Total number of bands in the calculation: 4824
 - Number of fully occupied valence bands: 731
 - Number of partially occ. conduction bands: 0

 Memory required for execution: 3966.8 MB per PE
 Memory required for vcoul: 162.2 MB per PE

 Number of electrons per unit cell (from ifmax) = 1462.000000
 Number of electrons per unit cell (from occupations) = 1462.000000
 Plasma Frequency = .646097 Ry

 Q-grid symmetries are being used.

 Parallelization report:
 - Using 1206 processor(s), 1 pool(s), 1206 processor(s) per pool.
 - Each pool is computing 41 diagonal sigma matrix element(s).
 - Each pool is computing 0 off-diagonal sigma matrix element(s).
 - Each processor is holding 4 band(s).


 Started reading wavefunctions (WFN_inner) with 9648 state(s) at 21:40:05.
 [ 21:40:05 |   0% ] state    1 / 9648.
 [ 21:40:05 |   0% ] state    3 / 9648, remaining: 357 s.
 [ 21:40:41 |  10% ] state  965 / 9648, remaining: 319 s.
 [ 21:41:16 |  20% ] state 1930 / 9648, remaining: 284 s.
 [ 21:41:52 |  30% ] state 2895 / 9648, remaining: 248 s.
 [ 21:42:27 |  40% ] state 3860 / 9648, remaining: 213 s.
 [ 21:43:03 |  50% ] state 4824 / 9648, remaining: 178 s.
 [ 21:43:41 |  60% ] state 5789 / 9648, remaining: 144 s.
 [ 21:44:17 |  70% ] state 6754 / 9648, remaining: 108 s.
 [ 21:44:52 |  80% ] state 7719 / 9648, remaining: 72 s.
 [ 21:45:28 |  90% ] state 8684 / 9648, remaining: 36 s.
 [ 21:46:03 | 100% ] state 9648 / 9648, remaining: 0 s.
 Finished reading wavefunctions (WFN_inner) at 21:46:04.
 Elapsed time: 359 s.


 Scissors parameters:
 - Valence:    es =   0.0000 eV, e0 =   0.0000 eV, edel =   0.0000
 - Conduction: es =   0.0000 eV, e0 =   0.0000 eV, edel =   0.0000

 Scissors parameters (outer):
 - Valence:    es =   0.0000 eV, e0 =   0.0000 eV, edel =   0.0000
 - Conduction: es =   0.0000 eV, e0 =   0.0000 eV, edel =   0.0000


 Data for sum rule:
 - rho(0,1) = 1462.000000 electrons
 - wp = 8.790598 eV

 Number of bands to compute diagonal self-energy matrix elements: 41
 Bands:
 - 711
 - 712
 - 713
 - 714
 - 715
 - 716
 - 717
 - 718
 - 719
 - 720
 - 721
 - 722
 - 723
 - 724
 - 725
 - 726
 - 727
 - 728
 - 729
 - 730
 - 731
 - 732
 - 733
 - 734
 - 735
 - 736
 - 737
 - 738
 - 739
 - 740
 - 741
 - 742
 - 743
 - 744
 - 745
 - 746
 - 747
 - 748
 - 749
 - 750
 - 751
 Number of off-diagonal bands to compute self-energy matrix elements: 0

 GPU acceleration is : DISABLED

 Algorithms used:
 - mtxel     : CPU_ALGO
 - sigma_gpp : CPU_ALGO

 Total number of frequencies in the dielectric matrix: 1
 Number of imag. frequencies in the dielectric matrix: 0


 Started reading eps0mat.h5 with 1 q-point(s) at 21:46:05.
 [ 21:46:05 |   0% ] q-point 1 / 1.
 Finished reading eps0mat.h5 at 21:48:34.
 Elapsed time: 149 s.


 Started reading epsmat.h5 with 1 q-point(s) at 21:48:34.
 [ 21:48:34 |   0% ] q-point 1 / 1.
 Finished reading epsmat.h5 at 21:50:57.
 Elapsed time: 143 s.

 Number of k-points in WFN_inner: 2
 Number of k-points in the full BZ of WFN_inner: 2

================================================================================
 21:50:57   Dealing with k =  0.000000  0.000000  0.500000                 1 / 1
================================================================================

 Reading vxc.dat
 Number of q-points in the irreducible BZ(k) (nrq): 2

 Started calculating Sigma with 82 block(s) at 21:50:57.
 [ 21:51:01 |   0% ] block  1 / 82.
 [ 22:20:08 |   2% ] block  3 / 82, remaining: 69818 s.
 [ 23:47:24 |  10% ] block  9 / 82, remaining: 64581 s.
 [ 01:43:46 |  20% ] block 17 / 82, remaining: 57598 s.
 [ 03:40:06 |  29% ] block 25 / 82, remaining: 50614 s.
 [ 05:36:36 |  39% ] block 33 / 82, remaining: 43647 s.
 [ 07:33:04 |  49% ] block 41 / 82, remaining: 36668 s.
 [ 09:44:18 |  60% ] block 50 / 82, remaining: 28822 s.
 [ 11:40:44 |  70% ] block 58 / 82, remaining: 21834 s.
 [ 13:37:10 |  79% ] block 66 / 82, remaining: 14847 s.
 [ 15:33:28 |  89% ] block 74 / 82, remaining: 7859 s.
 [ 17:29:47 |  99% ] block 82 / 82, remaining: 873 s.
 Finished calculating Sigma at 17:44:20.
 Elapsed time: 71603 s.

 Unsymmetrized values for ik =   2 spin = 1

     n      Emf       Eo      Vxc        X     SX-X       CH      Cor      Sig
   711   -4.574   -4.574  -13.894  -15.237    8.881   -8.276    0.605  -14.632
   712   -4.546   -4.546  -13.893  -15.231    8.879   -8.273    0.606  -14.625
   713   -4.531   -4.531  -13.852  -15.184    8.866   -8.249    0.616  -14.568
   714   -4.512   -4.512  -13.819  -14.994    8.710   -8.246    0.464  -14.530
   715   -4.504   -4.504  -13.782  -14.946    8.671   -8.225    0.446  -14.500
   716   -4.463   -4.463  -13.871  -15.012    8.724   -8.280    0.444  -14.568
   717   -4.455   -4.455  -13.874  -15.017    8.731   -8.281    0.450  -14.568
   718   -4.442   -4.442  -13.742  -14.986    8.720   -8.192    0.527  -14.458
   719   -4.377   -4.377  -13.814  -14.848    8.620   -8.240    0.380  -14.468
   720   -4.214   -4.214  -13.726  -14.811    8.614   -8.216    0.398  -14.413
   721   -4.072   -4.072  -12.289  -14.926    8.532   -7.223    1.309  -13.616
   722   -4.009   -4.009  -13.898  -14.620    8.435   -8.305    0.130  -14.490
   723   -3.954   -3.954  -13.889  -14.413    8.283   -8.311   -0.028  -14.441
   724   -3.937   -3.937  -13.471  -14.616    8.394   -8.021    0.373  -14.242
   725   -3.863   -3.863  -13.922  -14.430    8.290   -8.336   -0.045  -14.476
   726   -3.862   -3.862  -13.967  -14.438    8.287   -8.361   -0.074  -14.512
   727   -3.763   -3.763  -13.769  -14.320    8.263   -8.286   -0.023  -14.343
   728   -3.608   -3.608  -13.967  -14.115    8.028   -8.377   -0.349  -14.464
   729   -3.576   -3.576  -13.972  -14.085    8.005   -8.380   -0.375  -14.460
   730   -3.449   -3.449  -13.969  -13.937    7.908   -8.378   -0.470  -14.408
   731   -3.381   -3.381  -13.888  -13.837    7.865   -8.352   -0.487  -14.324
   732   -2.399   -2.399  -13.810  -10.753    6.316   -8.398   -2.082  -12.835
   733   -2.288   -2.288  -14.048  -10.976    6.416   -8.492   -2.076  -13.052
   734   -2.223   -2.223  -14.052  -10.855    6.345   -8.502   -2.157  -13.012
   735   -2.200   -2.200  -14.026  -10.803    6.316   -8.493   -2.176  -12.979
   736   -2.087   -2.087  -13.663  -10.131    5.878   -8.343   -2.465  -12.596
   737   -1.959   -1.959  -13.979  -10.454    6.037   -8.474   -2.437  -12.892
   738   -1.951   -1.951  -13.939  -10.384    5.989   -8.456   -2.467  -12.851
   739   -1.780   -1.780  -14.091  -10.475    6.035   -8.547   -2.512  -12.987
   740   -1.775   -1.775  -14.048  -10.403    5.975   -8.514   -2.540  -12.943
   741   -1.754   -1.754  -13.939  -10.186    5.823   -8.453   -2.629  -12.816
   742   -1.647   -1.647  -13.769   -9.802    5.577   -8.383   -2.806  -12.608
   743   -1.599   -1.599  -13.595   -9.068    5.094   -8.350   -3.256  -12.324
   744   -1.593   -1.593  -13.613   -9.106    5.117   -8.355   -3.239  -12.345
   745   -1.572   -1.572  -13.877   -9.650    5.456   -8.451   -2.995  -12.645
   746   -1.569   -1.569  -13.790   -9.476    5.344   -8.416   -3.072  -12.548
   747   -1.564   -1.564  -13.773   -9.426    5.313   -8.408   -3.095  -12.521
   748   -1.564   -1.564  -13.744   -9.371    5.279   -8.398   -3.119  -12.490
   749   -1.544   -1.544  -13.732   -9.371    5.278   -8.394   -3.116  -12.488
   750   -1.537   -1.537  -13.573   -9.130    5.156   -8.338   -3.182  -12.313
   751   -1.487   -1.487  -13.994   -9.866    5.602   -8.515   -2.913  -12.779

 Symmetrized values from band-averaging:

       k =  0.000000  0.000000  0.500000 ik =   2 spin = 1

     n      Emf       Eo      Vxc        X      Cor     Eqp0     Eqp1      Znk
   711   -4.574   -4.574  -13.894  -15.237    0.605   -5.313   -5.191    0.835
   712   -4.546   -4.546  -13.893  -15.231    0.606   -5.278   -5.157    0.835
   713   -4.531   -4.531  -13.852  -15.184    0.616   -5.247   -5.130    0.836
   714   -4.512   -4.512  -13.819  -14.994    0.464   -5.223   -5.106    0.835
   715   -4.504   -4.504  -13.782  -14.946    0.446   -5.222   -5.104    0.835
   716   -4.463   -4.463  -13.871  -15.012    0.444   -5.160   -5.046    0.836
   717   -4.455   -4.455  -13.874  -15.017    0.450   -5.149   -5.035    0.836
   718   -4.442   -4.442  -13.742  -14.986    0.527   -5.158   -5.040    0.836
   719   -4.377   -4.377  -13.814  -14.848    0.380   -5.030   -4.924    0.837
   720   -4.214   -4.214  -13.726  -14.811    0.398   -4.901   -4.789    0.836
   721   -4.072   -4.072  -12.289  -14.926    1.309   -5.399   -5.177    0.833
   722   -4.009   -4.009  -13.898  -14.620    0.130   -4.601   -4.505    0.838
   723   -3.954   -3.954  -13.889  -14.413   -0.028   -4.506   -4.417    0.838
   724   -3.937   -3.937  -13.471  -14.616    0.373   -4.708   -4.582    0.837
   725   -3.863   -3.863  -13.922  -14.430   -0.045   -4.417   -4.327    0.838
   726   -3.862   -3.862  -13.967  -14.438   -0.074   -4.407   -4.319    0.838
   727   -3.763   -3.763  -13.769  -14.320   -0.023   -4.336   -4.243    0.837
   728   -3.608   -3.608  -13.967  -14.115   -0.349   -4.105   -4.025    0.839
   729   -3.576   -3.576  -13.972  -14.085   -0.375   -4.064   -3.986    0.839
   730   -3.449   -3.449  -13.969  -13.937   -0.470   -3.887   -3.817    0.839
   731   -3.381   -3.381  -13.888  -13.837   -0.487   -3.817   -3.747    0.839
   732   -2.399   -2.399  -13.810  -10.753   -2.082   -1.424   -1.584    0.835
   733   -2.288   -2.288  -14.048  -10.976   -2.076   -1.292   -1.455    0.836
   734   -2.223   -2.223  -14.052  -10.855   -2.157   -1.183   -1.354    0.835
   735   -2.200   -2.200  -14.026  -10.803   -2.176   -1.153   -1.326    0.835
   736   -2.087   -2.087  -13.663  -10.131   -2.465   -1.020   -1.197    0.834
   737   -1.959   -1.959  -13.979  -10.454   -2.437   -0.872   -1.051    0.835
   738   -1.951   -1.951  -13.939  -10.384   -2.467   -0.863   -1.043    0.835
   739   -1.780   -1.780  -14.091  -10.475   -2.512   -0.676   -0.859    0.834
   740   -1.775   -1.775  -14.048  -10.403   -2.540   -0.670   -0.853    0.834
   741   -1.754   -1.754  -13.939  -10.186   -2.629   -0.631   -0.817    0.834
   742   -1.647   -1.647  -13.769   -9.802   -2.806   -0.487   -0.679    0.834
   743   -1.599   -1.599  -13.595   -9.068   -3.256   -0.328   -0.540    0.833
   744   -1.593   -1.593  -13.613   -9.106   -3.239   -0.324   -0.536    0.834
   745   -1.572   -1.572  -13.877   -9.650   -2.995   -0.340   -0.546    0.833
   746   -1.569   -1.569  -13.790   -9.476   -3.072   -0.327   -0.534    0.833
   747   -1.564   -1.564  -13.773   -9.426   -3.095   -0.313   -0.523    0.832
   748   -1.564   -1.564  -13.744   -9.371   -3.119   -0.309   -0.520    0.832
   749   -1.544   -1.544  -13.732   -9.371   -3.116   -0.300   -0.508    0.833
   750   -1.537   -1.537  -13.573   -9.130   -3.182   -0.277   -0.489    0.832
   751   -1.487   -1.487  -13.994   -9.866   -2.913   -0.272   -0.477    0.831

================================================================================

    n = band index.
  Emf = "inner" mean-field energy eigenvalue used to construct Sigma(E),
        read from WFN_inner.
   Eo = "outer" mean-field energy eigenvalue where we center the evaluation
        frequency grid {E} of Sigma(E). Defaults to Emf, unless
        you use WFN_outer and eqp_outer.dat / scissors_outer.
  Vxc = exchange-correlation pot., calculated from VXC or read from vxc.dat.
  KIH = Kinetic energy + Ionic potential + Hartree, read from kih.dat.
    X = bare exchange.
   SX = screened exchange contrib. to Sigma(E) at energy E=Eo
   CH = Coulomb hole contrib. to Sigma(E) at energy E=Eo
  Cor = SX-X + CH = correlation portion of Sigma(E) at energy E=Eo.
  Sig = X + Cor = self energy, Sigma(E), at energy E=Eo.
 Eqp0 = on-shell QP energy = Emf - Vxc + Sig(Eo)
        Eqp0 is *not* the recommended quantity to use for QP properties.
 Eqp1 = off-shell solution to the linearized  Dyson`s equation
      = Eqp0 + (dSig/dE) / (1 - dSig/dE) * (Eqp0 - Eo),
        or a full linear interpolation if more freq. points where computed.
        Eqp1 is the recommended quantity to use for QP properties.
  Znk = quasiparticle renormalization factor

 Notes on the static remainder:
 - Unprimed values, such as Eqp0, are evaluated WITH the static remainder
 - Primed values, such as Eqp0`, are evaluated WITHOUT the static remainder

 Notes on the finite_difference_form from sigma.inp file:
   none    : -2 => dSig/dE = 0 (skip the expansion)
   backward: -1 => dSig/dE = (Sig(Eo) - Sig(Eo-dE)) / dE
   central :  0 => dSig/dE = (Sig(Eo+dE) - Sig(Eo-dE)) / (2*dE)
   forward :  1 => dSig/dE = (Sig(Eo+dE) - Sig(Eo)) / dE
   default :  2 => forward for diagonal and none for off-diagonal
   dE is finite_difference_spacing from Sigma.inp file.
   We are using the form #2 with dE = 1.000 eV.

 General notes:
 - All energies are reported here in eV.
 - Both Emf and Vxc contain the average pot. Vxc0, so Vxc0 doesn`t affect Sigma.
 - Eqp1 and Eqp0 are Eqs. (36-37) from Hybertsen & Louie PRB 34 5390.
 - We recommend you use Eqp1 for QP properties of materials.

================================================================================


WARNING: |Eqp0 - Eo| > finite_difference_spacing. Linear extrapolation for eqp1
may be inaccurate. You should test the validity of eqp1 by rerunning the
calculation with the self energy evaluated at the eqp0 energies. For that,
use the eqp_outer.dat file, created with eqp.py script and point WFN_outer to
WFN_inner, if you were not already using WFN_outer.


********************************************************************************
*                                                                              *
* Your calculation employed methods and algorithms published in peer-reviewed  *
* papers. Please, cite the following references to give proper credit to their *
*          authors and help support future development of BerkeleyGW.          *
*                                                                              *
********************************************************************************

 J. Deslippe, G. Samsonidze, D. A. Strubbe, M. Jain, M. L. Cohen, and S. G.
 Louie, BerkeleyGW: A Massively Parallel Computer Package for the Calculation
 of the Quasiparticle and Optical Properties of Materials and Nanostructures,
 Computer Physics Communications 183, 1269 (2012).

 M. S. Hybertsen and S. G. Louie, Electron Correlation in Semiconductors and
 Insulators: Band Gaps and Quasiparticle Energies, Phys. Rev. B 34, 5390
 (1986).

 S. Ismail-Beigi, Truncation of Periodic Image Interactions for Confined
 Systems, Phys. Rev. B 73, 233103 (2006).

********************************************************************************

 
 Timing information
 
                                CPU time (s)          WALL time (s)       Number
 Routine                       min        max        min        max     of calls
 -------------------------  ---------  ---------  ---------  ---------  --------
 - Input I/O                    10.90     106.30      10.85     108.64     10005
 - Input Comm                  169.09     349.44     171.19     349.53     10005
 - FFT Zero                     43.75     152.95      21.99      76.87       492
 - FFT Put                      17.02      34.67       8.53      17.42       492
 - FFT Plan                      0.49       0.85       0.25       0.40       863
 - FFT Exec                    779.00    1164.17     389.57     593.69       863
 - FFT Mltply                   41.67     105.66      20.83      52.90       369
 - FFT Conjg                    10.18      30.19       5.09      15.09       123
 - FFT Get                      22.77      61.07      11.34      31.96       369
 - INPUT                       358.59     363.99     362.42     364.04         1
 - EPSCOPY                     275.08     292.41     292.45     292.55         1
 - FULLBZ                        0.00       0.00       0.00       0.13         2
 - VXC                           0.00       0.00      -0.00       0.14         2
 - SUBGRP                      135.18     193.99      67.61      98.11        42
 - IRRBZ                         0.00       0.00      -0.00       0.00         1
 - GMAP                          0.16       0.53       0.16       0.53         2
 - GENWF                         1.85       3.67       1.85       3.67         2
 - MTXEL                       784.57    1317.98     392.40     673.30        82
 - MTXEL_COR TOT            106827.33  141016.48   70824.07   71135.18        82
 - VCOUL                         0.44       2.01       0.42       1.99         2
 - EPSREAD                       0.51       0.85       0.51       0.85         2
 - INPUT_OUTER                   0.00       1.61      -0.00       1.61         1
 - MTXEL COMM                    0.00       0.00      -0.00       0.00         2
 - BARE X                        0.00       6.02      -0.00       5.87        83
 - WF COMM                       0.00       0.00      -0.00       0.00         1
 - INPUT (READ)                276.24     359.94     280.68     359.98     10003
 - INPUT (WRITE)                 0.04       0.11       0.04       0.12      9648
 - SUB-TRANSF TOT                0.00       0.00      -0.00       0.00        82
 - M.COR INIT                    8.96      16.69       4.58       8.44        82
 - M.COR EPSINIT               358.09     584.00     188.13     292.53        82
 - M.COR COMM                 2017.26   36765.10    1173.75   35978.69     98892
 - M.COR PP PREP               119.50     148.30      61.52      74.84      8446
 - M.COR SX+CH               60264.64   95001.54   30134.62   47509.07    395568
 - M.COR REMAIN               9374.67   45098.47    4789.62   22687.94    395568
 - READ NEPS                     0.00       0.80      -0.00       0.80         1
 - EPSCOPY IO                  274.29     291.70     291.75     291.83         2
 - TOTAL                    108433.90  143136.03   72259.45   72259.54         1
 
 Job Done
 
