
 BerkeleyGW version 3.0
 Sigma code, Complex version, run on 06-Jun-2024 at 21:40:39 -0700

                                                                 ..o.          
                                                                .oxxo.         
                                                               .oxxxxo...      
                                                               oxxxxxxo.       
                                                              .oxxxxxxx.       
                                                              .ooooooxxo..     
                                                              .oooooooxo..     
                                                              .oooooxxo...     
                                                       .........oxooo......    
                                                 ............................  
                                             ................................. 
                                          .................................... 
           .          ..oo. ....  .................................oooxxxxxxxo.
     .............oxxxx@ox@@@x@x.....................o...........ooooooooooxx. 
    .o.........oox@x.oo........xxx@@............ooxxxxo..........ooooxxxxxoxo  
    .x........x@xxo...............o@xxo........oxxx@@@xoooooooooooooooxxxo...  
    .o......ox@@o..................oox@o.....ooxxx@xoooxxxxxxxoooooooooooo.... 
    o..ooooo@@xoooo....ooo...........x@o.....ooxxxxo   .oxxxxxxxxxxooooooo.... 
    . .oooo@@@@@@@@@@@@@@@@@@@@@@@@@@@@@@....ooooox.     .oxx@@@@@xxoo........ 
      .ooooxxxxxxxooooooxooooooooooooooxo...oooooxx.        ..ox@xxxoo.........
      .ooooooxxxx@xoooooooooooooxxoooooooooooxxxxx.            .oxxooooooooxxo.
     .oooooxxxxx@@@xxxxxxxxxxxxxxxxxxxxxxxxoxxxxo.                .oxxxxxxxxo. 
   ....oooxxxxx@@@xo..oxxx@@@@@@xxxxoxxoooooooxx.                  .oxxxoo..   
  .....ooxxxx@@xo.       ........    .ooooooooxxo                              
  ..oooxxxx@@@o                       .oooooooxoo.                             
  ....oxooxxxxx.                       .ooo..oooo.                             
  .....o.ooxxxxxo.                     .oooooooxo.                             
 ......ooooxxxxxxo.                     .ooooooxoo..                           
........ooxxxxxxxo..                     .o....oxoo...                         
.......ooooxxxxxxxo.                     ........oooo.                         
.ooooooo..ooxxxxoooo.                    .........ooo...                       
..oxo...ooooxxxoooo..                    .ooo......oooo...                     
  .ooooo....o.                            .oxxxoo....ooo....                   
    .oooooo...                              ...ooooo...ooo..                   
       ...                                     .oo.......                      
                                               ....ooo...                      
                      __              __                                       
 ______              [  |            [  |                 ._____  _          _ 
|_   _ \              | |  _          | |                /  ___ \| |        | |
  | |_) | .---.  _. _.| | / |  .---.  | | .---.  _    _ / /    \_|\ \  /\  / / 
  |  __'./ /__\\[ /`\_| '' <  / /__\\ | |/ /__\\| \  | | |   _____ \ \/  \/ /  
 _| |__| | \__. | |   | |`\ \ | \___. | || \___. \ \/ / \ \.___| |  \  /\  /   
|_______/ \.__./[_]  [__|  \_] \.__./[___]\.__./  \  /   \.____./    \/  \/    
                                                  / /                          
                                                 /_/                           
 --------------------------------------------------------------------------------
 Please cite the main BerkeleyGW paper when using results from this calculation:

 Jack Deslippe, Georgy Samsonidze, David A. Strubbe, Manish Jain, Marvin L.
 Cohen, and Steven G. Louie, "BerkeleyGW: A Massively Parallel Computer Package
 for the Calculation of the Quasiparticle and Optical Properties of Materials
 and Nanostructures," Comput. Phys. Commun. 183, 1269 (2012)

 Aditionally, PLEASE CITE ALL PAPERS REPORTED AT THE END OF THIS CALCULATION.
 --------------------------------------------------------------------------------

 Running MPI version (parallel)
 Running with 1206 MPI task(s)
 Using OpenMP. Number of threads per MPI task: 2

 Compilation flags:
 - Compiler: GNU
 - Para. flags: MPI, OMP
 - Math  flags: USESCALAPACK, UNPACKED, USEFFTW3, HDF5
 - Debug flags: 

 Running with verbosity level 1 (default).

 Using the Generalized Plasmon Pole model

 We are communicating via MPI

 Computing CH as a partial sum over empty bands with the static remainder

 Running with semiconductor screening

 We are using a truncated Coulomb interaction: cell wire
 Cutoff for Monte-Carlo average of Coulomb potential: 1.000E-012 Ry

 Reading exchange-correlation matrix elements from vxc.dat file

 Treating W within the Hybertsen-Louie Generalized Plasmon Pole model

 Memory available: 25747.4 MB per PE

 Read from eps0mat.h5:
 - Number of G-vectors in the charge-density grid: 11053081
 - Max. number of G-vectors for dielectric matrices: 123471
 - Cutoff of the dielectric matrix (Ry): 12.000
 - Number of imaginary frequencies: 0
 - Total number of frequencies: 1
 - Frequency dependence: 0
 - Number of q-points: 1
 - Q grid: 1 1 2

 Read from epsmat.h5:
 - Number of G-vectors in the charge-density grid: 11053081
 - Max. number of G-vectors for dielectric matrices: 123668
 - Cutoff of the dielectric matrix: 12.000
 - Number of imaginary frequencies: 0
 - Total number of frequencies: 1
 - Frequency dependence: 0
 - Number of q-points: 1
 - Q grid: 1 1 2

 Reading header of WFN_inner
 Highest occupied band (unshifted grid) = 731
 Valence max    (unshifted grid) = -3.314670 eV
 Conduction min (unshifted grid) = -2.460450 eV
 Middle energy  (unshifted grid) = -2.887560 eV
 Fermi  energy  (unshifted grid) = -2.887560 eV


 Calculation parameters:
 - Cutoff of the bare Coulomb interaction (Ry): 60.00
 - Cutoff of the screened Coulomb interaction (Ry): 12.00
 - Number of G-vectors up to the bare int. cutoff: 1381955
 - Number of G-vectors up to the screened int. cutoff: 123471
 - Total number of bands in the calculation: 4824
 - Number of fully occupied valence bands: 731
 - Number of partially occ. conduction bands: 0

 Memory required for execution: 3966.8 MB per PE
 Memory required for vcoul: 162.2 MB per PE

 Number of electrons per unit cell (from ifmax) = 1462.000000
 Number of electrons per unit cell (from occupations) = 1462.000000
 Plasma Frequency = .646097 Ry

 Q-grid symmetries are being used.

 Parallelization report:
 - Using 1206 processor(s), 1 pool(s), 1206 processor(s) per pool.
 - Each pool is computing 41 diagonal sigma matrix element(s).
 - Each pool is computing 0 off-diagonal sigma matrix element(s).
 - Each processor is holding 4 band(s).


 Started reading wavefunctions (WFN_inner) with 9648 state(s) at 21:40:43.
 [ 21:40:44 |   0% ] state    1 / 9648.
 [ 21:40:44 |   0% ] state    3 / 9648, remaining: 338 s.
 [ 21:41:20 |  10% ] state  965 / 9648, remaining: 324 s.
 [ 21:41:56 |  20% ] state 1930 / 9648, remaining: 287 s.
 [ 21:42:31 |  30% ] state 2895 / 9648, remaining: 250 s.
 [ 21:43:06 |  40% ] state 3860 / 9648, remaining: 214 s.
 [ 21:43:43 |  50% ] state 4824 / 9648, remaining: 179 s.
 [ 21:44:21 |  60% ] state 5789 / 9648, remaining: 145 s.
 [ 21:44:58 |  70% ] state 6754 / 9648, remaining: 109 s.
 [ 21:45:35 |  80% ] state 7719 / 9648, remaining: 73 s.
 [ 21:46:12 |  90% ] state 8684 / 9648, remaining: 36 s.
 [ 21:46:49 | 100% ] state 9648 / 9648, remaining: 0 s.
 Finished reading wavefunctions (WFN_inner) at 21:46:50.
 Elapsed time: 367 s.


 Scissors parameters:
 - Valence:    es =   0.0000 eV, e0 =   0.0000 eV, edel =   0.0000
 - Conduction: es =   0.0000 eV, e0 =   0.0000 eV, edel =   0.0000

 Scissors parameters (outer):
 - Valence:    es =   0.0000 eV, e0 =   0.0000 eV, edel =   0.0000
 - Conduction: es =   0.0000 eV, e0 =   0.0000 eV, edel =   0.0000


 Data for sum rule:
 - rho(0,1) = 1462.000000 electrons
 - wp = 8.790598 eV

 Number of bands to compute diagonal self-energy matrix elements: 41
 Bands:
 - 711
 - 712
 - 713
 - 714
 - 715
 - 716
 - 717
 - 718
 - 719
 - 720
 - 721
 - 722
 - 723
 - 724
 - 725
 - 726
 - 727
 - 728
 - 729
 - 730
 - 731
 - 732
 - 733
 - 734
 - 735
 - 736
 - 737
 - 738
 - 739
 - 740
 - 741
 - 742
 - 743
 - 744
 - 745
 - 746
 - 747
 - 748
 - 749
 - 750
 - 751
 Number of off-diagonal bands to compute self-energy matrix elements: 0

 GPU acceleration is : DISABLED

 Algorithms used:
 - mtxel     : CPU_ALGO
 - sigma_gpp : CPU_ALGO

 Total number of frequencies in the dielectric matrix: 1
 Number of imag. frequencies in the dielectric matrix: 0


 Started reading eps0mat.h5 with 1 q-point(s) at 21:46:50.
 [ 21:46:50 |   0% ] q-point 1 / 1.
 Finished reading eps0mat.h5 at 21:50:03.
 Elapsed time: 193 s.


 Started reading epsmat.h5 with 1 q-point(s) at 21:50:03.
 [ 21:50:03 |   0% ] q-point 1 / 1.
 Finished reading epsmat.h5 at 21:53:08.
 Elapsed time: 185 s.

 Number of k-points in WFN_inner: 2
 Number of k-points in the full BZ of WFN_inner: 2

================================================================================
 21:53:08   Dealing with k =  0.000000  0.000000  0.000000                 1 / 1
================================================================================

 Reading vxc.dat
 Number of q-points in the irreducible BZ(k) (nrq): 2

 Started calculating Sigma with 82 block(s) at 21:53:08.
 [ 21:53:11 |   0% ] block  1 / 82.
 [ 22:22:37 |   2% ] block  3 / 82, remaining: 70080 s.
 [ 23:50:04 |  10% ] block  9 / 82, remaining: 64728 s.
 [ 01:46:34 |  20% ] block 17 / 82, remaining: 57697 s.
 [ 03:42:53 |  29% ] block 25 / 82, remaining: 50668 s.
 [ 05:39:12 |  39% ] block 33 / 82, remaining: 43664 s.
 [ 07:35:31 |  49% ] block 41 / 82, remaining: 36669 s.
 [ 09:46:40 |  60% ] block 50 / 82, remaining: 28820 s.
 [ 11:43:01 |  70% ] block 58 / 82, remaining: 21831 s.
 [ 13:39:10 |  79% ] block 66 / 82, remaining: 14840 s.
 [ 15:35:14 |  89% ] block 74 / 82, remaining: 7854 s.
 [ 17:31:45 |  99% ] block 82 / 82, remaining: 873 s.
 Finished calculating Sigma at 17:46:15.
 Elapsed time: 71586 s.

 Unsymmetrized values for ik =   1 spin = 1

     n      Emf       Eo      Vxc        X     SX-X       CH      Cor      Sig
   711   -4.709   -4.709  -13.832  -15.302    8.944   -8.230    0.713  -14.589
   712   -4.649   -4.649  -13.757  -15.186    8.872   -8.189    0.683  -14.504
   713   -4.597   -4.597  -13.795  -15.095    8.807   -8.216    0.592  -14.503
   714   -4.565   -4.565  -13.931  -15.299    8.923   -8.299    0.624  -14.675
   715   -4.552   -4.552  -13.930  -15.288    8.916   -8.298    0.618  -14.670
   716   -4.423   -4.423  -13.753  -15.040    8.775   -8.212    0.563  -14.477
   717   -4.284   -4.284  -13.871  -14.934    8.678   -8.274    0.404  -14.530
   718   -4.227   -4.227  -13.601  -14.798    8.564   -8.106    0.458  -14.340
   719   -4.162   -4.162  -13.851  -14.629    8.450   -8.277    0.174  -14.456
   720   -4.099   -4.099  -13.933  -14.686    8.475   -8.331    0.144  -14.542
   721   -4.085   -4.085  -13.816  -14.726    8.498   -8.253    0.245  -14.482
   722   -4.047   -4.047  -12.674  -14.858    8.504   -7.482    1.022  -13.836
   723   -4.024   -4.024  -13.902  -14.537    8.351   -8.319    0.032  -14.505
   724   -4.002   -4.002  -13.524  -14.633    8.439   -8.084    0.355  -14.278
   725   -3.991   -3.991  -13.655  -14.561    8.378   -8.164    0.214  -14.347
   726   -3.824   -3.824  -13.939  -14.318    8.201   -8.345   -0.143  -14.461
   727   -3.777   -3.777  -13.884  -14.303    8.194   -8.314   -0.120  -14.423
   728   -3.716   -3.716  -13.933  -14.273    8.168   -8.343   -0.175  -14.448
   729   -3.603   -3.603  -13.784  -14.136    8.114   -8.293   -0.179  -14.314
   730   -3.363   -3.363  -13.993  -13.852    7.832   -8.399   -0.567  -14.419
   731   -3.315   -3.315  -13.970  -13.790    7.801   -8.396   -0.595  -14.385
   732   -2.460   -2.460  -13.945  -11.021    6.488   -8.447   -1.959  -12.979
   733   -2.403   -2.403  -14.019  -11.065    6.502   -8.474   -1.973  -13.037
   734   -2.223   -2.223  -13.635  -10.245    5.976   -8.329   -2.352  -12.598
   735   -2.019   -2.019  -14.021  -10.595    6.128   -8.489   -2.361  -12.956
   736   -1.974   -1.974  -14.026  -10.582    6.118   -8.498   -2.379  -12.961
   737   -1.943   -1.943  -14.053  -10.592    6.127   -8.515   -2.388  -12.980
   738   -1.848   -1.848  -13.861  -10.144    5.837   -8.431   -2.594  -12.738
   739   -1.837   -1.837  -14.019  -10.318    5.951   -8.513   -2.562  -12.879
   740   -1.832   -1.832  -14.073  -10.380    5.992   -8.538   -2.546  -12.926
   741   -1.793   -1.793  -13.933  -10.150    5.819   -8.464   -2.645  -12.795
   742   -1.787   -1.787  -13.944  -10.171    5.839   -8.470   -2.631  -12.802
   743   -1.677   -1.677  -13.590   -9.137    5.135   -8.332   -3.197  -12.334
   744   -1.671   -1.671  -13.688   -9.347    5.268   -8.368   -3.100  -12.447
   745   -1.659   -1.659  -13.794   -9.583    5.418   -8.407   -2.989  -12.572
   746   -1.652   -1.652  -13.648   -9.343    5.286   -8.354   -3.068  -12.411
   747   -1.563   -1.563  -14.058  -10.201    5.830   -8.537   -2.707  -12.908
   748   -1.556   -1.556  -13.990  -10.093    5.742   -8.488   -2.746  -12.839
   749   -1.537   -1.537  -13.799   -9.767    5.514   -8.379   -2.865  -12.631
   750   -1.498   -1.498  -13.494   -8.970    5.009   -8.285   -3.276  -12.246
   751   -1.456   -1.456  -13.707   -9.513    5.353   -8.349   -2.996  -12.508

 Symmetrized values from band-averaging:

       k =  0.000000  0.000000  0.000000 ik =   1 spin = 1

     n      Emf       Eo      Vxc        X      Cor     Eqp0     Eqp1      Znk
   711   -4.709   -4.709  -13.832  -15.302    0.713   -5.467   -5.341    0.834
   712   -4.649   -4.649  -13.757  -15.186    0.683   -5.396   -5.273    0.835
   713   -4.597   -4.597  -13.795  -15.095    0.592   -5.305   -5.189    0.836
   714   -4.565   -4.565  -13.931  -15.299    0.624   -5.308   -5.186    0.836
   715   -4.552   -4.552  -13.930  -15.288    0.618   -5.291   -5.170    0.835
   716   -4.423   -4.423  -13.753  -15.040    0.563   -5.147   -5.028    0.836
   717   -4.284   -4.284  -13.871  -14.934    0.404   -4.943   -4.835    0.836
   718   -4.227   -4.227  -13.601  -14.798    0.458   -4.966   -4.845    0.836
   719   -4.162   -4.162  -13.851  -14.629    0.174   -4.767   -4.668    0.837
   720   -4.099   -4.099  -13.933  -14.686    0.144   -4.708   -4.609    0.837
   721   -4.085   -4.085  -13.816  -14.726    0.245   -4.750   -4.642    0.837
   722   -4.047   -4.047  -12.674  -14.858    1.022   -5.209   -5.016    0.834
   723   -4.024   -4.024  -13.902  -14.537    0.032   -4.626   -4.528    0.838
   724   -4.002   -4.002  -13.524  -14.633    0.355   -4.756   -4.632    0.836
   725   -3.991   -3.991  -13.655  -14.561    0.214   -4.683   -4.570    0.837
   726   -3.824   -3.824  -13.939  -14.318   -0.143   -4.346   -4.262    0.839
   727   -3.777   -3.777  -13.884  -14.303   -0.120   -4.315   -4.228    0.838
   728   -3.716   -3.716  -13.933  -14.273   -0.175   -4.231   -4.148    0.838
   729   -3.603   -3.603  -13.784  -14.136   -0.179   -4.133   -4.047    0.838
   730   -3.363   -3.363  -13.993  -13.852   -0.567   -3.790   -3.721    0.839
   731   -3.315   -3.315  -13.970  -13.790   -0.595   -3.730   -3.663    0.839
   732   -2.460   -2.460  -13.945  -11.021   -1.959   -1.495   -1.653    0.836
   733   -2.403   -2.403  -14.019  -11.065   -1.973   -1.421   -1.582    0.836
   734   -2.223   -2.223  -13.635  -10.245   -2.352   -1.186   -1.357    0.835
   735   -2.019   -2.019  -14.021  -10.595   -2.361   -0.954   -1.130    0.835
   736   -1.974   -1.974  -14.026  -10.582   -2.379   -0.909   -1.084    0.835
   737   -1.943   -1.943  -14.053  -10.592   -2.388   -0.870   -1.046    0.835
   738   -1.848   -1.848  -13.861  -10.144   -2.594   -0.725   -0.911    0.834
   739   -1.837   -1.837  -14.019  -10.318   -2.562   -0.697   -0.888    0.833
   740   -1.832   -1.832  -14.073  -10.380   -2.546   -0.685   -0.877    0.833
   741   -1.793   -1.793  -13.933  -10.150   -2.645   -0.655   -0.845    0.834
   742   -1.787   -1.787  -13.944  -10.171   -2.631   -0.645   -0.836    0.833
   743   -1.677   -1.677  -13.590   -9.137   -3.197   -0.422   -0.630    0.834
   744   -1.671   -1.671  -13.688   -9.347   -3.100   -0.430   -0.635    0.834
   745   -1.659   -1.659  -13.794   -9.583   -2.989   -0.437   -0.640    0.834
   746   -1.652   -1.652  -13.648   -9.343   -3.068   -0.416   -0.621    0.834
   747   -1.563   -1.563  -14.058  -10.201   -2.707   -0.413   -0.604    0.834
   748   -1.556   -1.556  -13.990  -10.093   -2.746   -0.406   -0.597    0.834
   749   -1.537   -1.537  -13.799   -9.767   -2.865   -0.369   -0.562    0.834
   750   -1.498   -1.498  -13.494   -8.970   -3.276   -0.250   -0.456    0.835
   751   -1.456   -1.456  -13.707   -9.513   -2.996   -0.257   -0.456    0.834

================================================================================

    n = band index.
  Emf = "inner" mean-field energy eigenvalue used to construct Sigma(E),
        read from WFN_inner.
   Eo = "outer" mean-field energy eigenvalue where we center the evaluation
        frequency grid {E} of Sigma(E). Defaults to Emf, unless
        you use WFN_outer and eqp_outer.dat / scissors_outer.
  Vxc = exchange-correlation pot., calculated from VXC or read from vxc.dat.
  KIH = Kinetic energy + Ionic potential + Hartree, read from kih.dat.
    X = bare exchange.
   SX = screened exchange contrib. to Sigma(E) at energy E=Eo
   CH = Coulomb hole contrib. to Sigma(E) at energy E=Eo
  Cor = SX-X + CH = correlation portion of Sigma(E) at energy E=Eo.
  Sig = X + Cor = self energy, Sigma(E), at energy E=Eo.
 Eqp0 = on-shell QP energy = Emf - Vxc + Sig(Eo)
        Eqp0 is *not* the recommended quantity to use for QP properties.
 Eqp1 = off-shell solution to the linearized  Dyson`s equation
      = Eqp0 + (dSig/dE) / (1 - dSig/dE) * (Eqp0 - Eo),
        or a full linear interpolation if more freq. points where computed.
        Eqp1 is the recommended quantity to use for QP properties.
  Znk = quasiparticle renormalization factor

 Notes on the static remainder:
 - Unprimed values, such as Eqp0, are evaluated WITH the static remainder
 - Primed values, such as Eqp0`, are evaluated WITHOUT the static remainder

 Notes on the finite_difference_form from sigma.inp file:
   none    : -2 => dSig/dE = 0 (skip the expansion)
   backward: -1 => dSig/dE = (Sig(Eo) - Sig(Eo-dE)) / dE
   central :  0 => dSig/dE = (Sig(Eo+dE) - Sig(Eo-dE)) / (2*dE)
   forward :  1 => dSig/dE = (Sig(Eo+dE) - Sig(Eo)) / dE
   default :  2 => forward for diagonal and none for off-diagonal
   dE is finite_difference_spacing from Sigma.inp file.
   We are using the form #2 with dE = 1.000 eV.

 General notes:
 - All energies are reported here in eV.
 - Both Emf and Vxc contain the average pot. Vxc0, so Vxc0 doesn`t affect Sigma.
 - Eqp1 and Eqp0 are Eqs. (36-37) from Hybertsen & Louie PRB 34 5390.
 - We recommend you use Eqp1 for QP properties of materials.

================================================================================


WARNING: |Eqp0 - Eo| > finite_difference_spacing. Linear extrapolation for eqp1
may be inaccurate. You should test the validity of eqp1 by rerunning the
calculation with the self energy evaluated at the eqp0 energies. For that,
use the eqp_outer.dat file, created with eqp.py script and point WFN_outer to
WFN_inner, if you were not already using WFN_outer.


********************************************************************************
*                                                                              *
* Your calculation employed methods and algorithms published in peer-reviewed  *
* papers. Please, cite the following references to give proper credit to their *
*          authors and help support future development of BerkeleyGW.          *
*                                                                              *
********************************************************************************

 J. Deslippe, G. Samsonidze, D. A. Strubbe, M. Jain, M. L. Cohen, and S. G.
 Louie, BerkeleyGW: A Massively Parallel Computer Package for the Calculation
 of the Quasiparticle and Optical Properties of Materials and Nanostructures,
 Computer Physics Communications 183, 1269 (2012).

 M. S. Hybertsen and S. G. Louie, Electron Correlation in Semiconductors and
 Insulators: Band Gaps and Quasiparticle Energies, Phys. Rev. B 34, 5390
 (1986).

 S. Ismail-Beigi, Truncation of Periodic Image Interactions for Confined
 Systems, Phys. Rev. B 73, 233103 (2006).

********************************************************************************

 
 Timing information
 
                                CPU time (s)          WALL time (s)       Number
 Routine                       min        max        min        max     of calls
 -------------------------  ---------  ---------  ---------  ---------  --------
 - Input I/O                    10.87     124.44      10.83     126.71     10005
 - Input Comm                  163.98     356.93     167.10     357.01     10005
 - FFT Zero                     43.99     149.09      22.10      74.82       492
 - FFT Put                      16.89      35.13       8.47      17.59       492
 - FFT Plan                      0.49       0.81       0.24       0.40       863
 - FFT Exec                    775.07    1188.71     387.52     597.64       863
 - FFT Mltply                   41.55     103.43      20.75      51.73       369
 - FFT Conjg                    10.06      29.68       5.04      14.85       123
 - FFT Get                      22.84      58.28      11.42      31.21       369
 - INPUT                       365.46     371.46     369.88     371.50         1
 - EPSCOPY                     362.28     377.73     377.77     377.87         1
 - FULLBZ                        0.00       0.00       0.00       0.01         2
 - VXC                           0.00       0.00      -0.00       0.23         2
 - SUBGRP                      134.91     195.07      67.47      98.72        42
 - IRRBZ                         0.00       0.00      -0.00       0.00         1
 - GMAP                          0.16       0.52       0.15       0.52         2
 - GENWF                         1.79       3.65       1.79       3.65         2
 - MTXEL                       782.08    1331.76     391.04     670.89        82
 - MTXEL_COR TOT            106714.59  140827.06   70809.77   71120.72        82
 - VCOUL                         0.43       2.11       0.43       2.11         2
 - EPSREAD                       0.52       0.85       0.52       0.85         2
 - INPUT_OUTER                   0.00       1.61      -0.00       1.61         1
 - MTXEL COMM                    0.00       0.00      -0.00       0.00         2
 - BARE X                        0.00       6.19      -0.00       6.08        83
 - WF COMM                       0.00       0.00      -0.00       0.00         1
 - INPUT (READ)                289.24     367.37     294.60     367.41     10003
 - INPUT (WRITE)                 0.04       0.12       0.03       0.13      9648
 - SUB-TRANSF TOT                0.00       0.00      -0.00       0.00        82
 - M.COR INIT                    8.97      16.45       4.56       8.32        82
 - M.COR EPSINIT               360.24     587.42     188.89     294.93        82
 - M.COR COMM                 2232.49   36812.70    1386.85   36028.02     98892
 - M.COR PP PREP               119.02     149.16      60.98      75.24      8446
 - M.COR SX+CH               60120.46   95180.03   30063.28   47597.12    395568
 - M.COR REMAIN               9380.93   45222.80    4792.12   22745.22    395568
 - READ NEPS                     0.00       0.33      -0.00       0.33         1
 - EPSCOPY IO                  361.45     377.01     377.02     377.13         2
 - TOTAL                    108447.57  143009.05   72335.80   72335.89         1
 
 Job Done
 
