
 frequency_dependence   1

 band_index   711   751
 sigma_matrix     0   0

 finite_difference_form   2
 finite_difference_spacing  1.000000

 symmetries
 ntran  =  1
 mtrx01 =  1  0  0  0  1  0  0  0  1

       k =  0.000000  0.000000  0.000000 ik =   1 spin = 1

   n         Emf          Eo           X        SX-X          CH         Sig         Vxc        Eqp0        Eqp1         CH`        Sig`       Eqp0`       Eqp1`         Znk
 711   -4.709206   -4.709206  -15.302459    8.943665   -8.230356  -14.589150  -13.831841   -5.466515   -5.341134   -7.228209  -13.587003   -4.464368   -4.504904    0.834438
 712   -4.649047   -4.649047  -15.186298    8.871833   -8.189282  -14.503746  -13.757158   -5.395635   -5.272818   -7.191847  -13.506311   -4.398200   -4.439466    0.835495
 713   -4.596657   -4.596657  -15.095184    8.807327   -8.215610  -14.503467  -13.795151   -5.304973   -5.188742   -7.213041  -13.500897   -4.302403   -4.350689    0.835905
 714   -4.564530   -4.564530  -15.299138    8.922806   -8.298743  -14.675075  -13.931293   -5.308311   -5.186003   -7.277090  -13.653422   -4.286658   -4.332352    0.835559
 715   -4.551602   -4.551602  -15.288165    8.915738   -8.297526  -14.669952  -13.930146   -5.291408   -5.169587   -7.275829  -13.648256   -4.269711   -4.316129    0.835333
 716   -4.422613   -4.422613  -15.039926    8.774557   -8.211597  -14.476966  -13.752949   -5.146630   -5.027735   -7.200546  -13.465915   -4.135579   -4.182714    0.835784
 717   -4.283720   -4.283720  -14.933634    8.677681   -8.274064  -14.530016  -13.871132   -4.942604   -4.834727   -7.249780  -13.505732   -3.918320   -3.978146    0.836273
 718   -4.226674   -4.226674  -14.798239    8.564272   -8.106316  -14.340283  -13.601143   -4.965814   -4.844635   -7.101314  -13.335281   -3.960812   -4.004399    0.836054
 719   -4.161859   -4.161859  -14.629267    8.450344   -8.276811  -14.455734  -13.850719   -4.766875   -4.668499   -7.245755  -13.424678   -3.735818   -3.805093    0.837400
 720   -4.099356   -4.099356  -14.685511    8.474933   -8.331155  -14.541733  -13.933339   -4.707750   -4.608798   -7.284702  -13.495280   -3.661296   -3.732544    0.837355
 721   -4.084969   -4.084969  -14.726379    8.497783   -8.253124  -14.481721  -13.816413   -4.750276   -4.641822   -7.216207  -13.444804   -3.713359   -3.773937    0.836986
 722   -4.046817   -4.046817  -14.858121    8.503729   -7.481590  -13.835981  -12.674030   -5.208769   -5.016121   -6.542633  -12.897025   -4.269813   -4.232841    0.834203
 723   -4.023556   -4.023556  -14.537125    8.350693   -8.318585  -14.505017  -13.902435   -4.626139   -4.528308   -7.270298  -13.456730   -3.577851   -3.650212    0.837648
 724   -4.002420   -4.002420  -14.632732    8.439194   -8.083983  -14.277520  -13.524333   -4.755607   -4.632226   -7.068899  -13.262436   -3.740522   -3.783424    0.836188
 725   -3.991108   -3.991108  -14.560928    8.378305   -8.164470  -14.347093  -13.655277   -4.682924   -4.570136   -7.137407  -13.320030   -3.655861   -3.710516    0.836969
 726   -3.823819   -3.823819  -14.317802    8.201160   -8.344510  -14.461152  -13.938515   -4.346457   -4.262055   -7.286644  -13.403286   -3.288591   -3.375027    0.838507
 727   -3.777008   -3.777008  -14.302961    8.194458   -8.314077  -14.422579  -13.884105   -4.315482   -4.228342   -7.258661  -13.367164   -3.260067   -3.343723    0.838171
 728   -3.716436   -3.716436  -14.272857    8.167890   -8.342838  -14.447805  -13.932809   -4.231432   -4.148204   -7.284220  -13.389187   -3.172814   -3.260669    0.838391
 729   -3.602862   -3.602862  -14.135739    8.114402   -8.293008  -14.314346  -13.783972   -4.133235   -4.047131   -7.237201  -13.258539   -3.077428   -3.162730    0.837654
 730   -3.363338   -3.363338  -13.851939    7.831984   -8.399120  -14.419076  -13.992814   -3.789600   -3.721086   -7.310947  -13.330903   -2.701427   -2.807817    0.839268
 731   -3.314670   -3.314670  -13.789662    7.800647   -8.396040  -14.385055  -13.970200   -3.729525   -3.662751   -7.307171  -13.296186   -2.640656   -2.749144    0.839042
 732   -2.460450   -2.460450  -11.020773    6.488040   -8.446677  -12.979411  -13.944747   -1.495113   -1.653291   -7.319044  -11.851777   -0.367480   -0.710428    0.836143
 733   -2.403136   -2.403136  -11.064638    6.501914   -8.474481  -13.037205  -14.019336   -1.421004   -1.581681   -7.339634  -11.902357   -0.286157   -0.632495    0.836400
 734   -2.222716   -2.222716  -10.245307    5.976272   -8.328520  -12.597555  -13.634656   -1.185616   -1.357209   -7.207321  -11.476356   -0.064417   -0.421517    0.834545
 735   -2.019477   -2.019477  -10.594774    6.128229   -8.488981  -12.955526  -14.020617   -0.954386   -1.130258   -7.328377  -11.794922    0.206218   -0.161297    0.834876
 736   -1.973508   -1.973508  -10.582185    6.118486   -8.497647  -12.961346  -14.026100   -0.908755   -1.084244   -7.337228  -11.800927    0.251664   -0.115081    0.835183
 737   -1.943032   -1.943032  -10.591980    6.127125   -8.514689  -12.979543  -14.052898   -0.869677   -1.046358   -7.352142  -11.816996    0.292870   -0.075173    0.835394
 738   -1.847880   -1.847880  -10.143780    5.837104   -8.431095  -12.737770  -13.861001   -0.724650   -0.911336   -7.279799  -11.586475    0.426645    0.048608    0.833795
 739   -1.837338   -1.837338  -10.317575    5.951285   -8.512787  -12.879077  -14.019027   -0.697389   -0.887944   -7.351492  -11.717782    0.463906    0.079227    0.832838
 740   -1.831554   -1.831554  -10.379621    5.991794   -8.537842  -12.925669  -14.072661   -0.684563   -0.876651   -7.373311  -11.761138    0.479968    0.092854    0.832528
 741   -1.793129   -1.793129  -10.150495    5.818951   -8.463626  -12.795170  -13.933104   -0.655194   -0.844550   -7.309783  -11.641328    0.498648    0.117289    0.833597
 742   -1.787367   -1.787367  -10.171104    5.839232   -8.470216  -12.802089  -13.944442   -0.645014   -0.835839   -7.315475  -11.647348    0.509727    0.126009    0.832955
 743   -1.677397   -1.677397   -9.137011    5.135234   -8.332121  -12.333898  -13.589714   -0.421581   -0.629613   -7.218468  -11.220245    0.692073    0.299558    0.834345
 744   -1.670513   -1.670513   -9.347024    5.267753   -8.367534  -12.446804  -13.687547   -0.429770   -0.635420   -7.239765  -11.319035    0.697999    0.305424    0.834252
 745   -1.658954   -1.658954   -9.583108    5.418133   -8.406906  -12.571881  -13.794271   -0.436565   -0.639579   -7.263100  -11.428075    0.707242    0.314263    0.833920
 746   -1.652112   -1.652112   -9.343110    5.286450   -8.354450  -12.411110  -13.647501   -0.415721   -0.621437   -7.226390  -11.283050    0.712339    0.318932    0.833616
 747   -1.562512   -1.562512  -10.201124    5.830151   -8.536989  -12.907962  -14.057539   -0.412935   -0.604202   -7.350283  -11.721256    0.773771    0.385060    0.833620
 748   -1.556268   -1.556268  -10.093284    5.742210   -8.488244  -12.839318  -13.989972   -0.405613   -0.596617   -7.308451  -11.659524    0.774181    0.387336    0.834004
 749   -1.537008   -1.537008   -9.766602    5.514218   -8.378871  -12.631255  -13.799283   -0.368980   -0.562414   -7.217750  -11.470133    0.792141    0.406416    0.834392
 750   -1.498201   -1.498201   -8.969548    5.008712   -8.284704  -12.245541  -13.493945   -0.249797   -0.455825   -7.174550  -11.135386    0.860357    0.471117    0.834967
 751   -1.455544   -1.455544   -9.512605    5.353491   -8.349087  -12.508200  -13.706553   -0.257190   -0.455888   -7.196624  -11.355737    0.895273    0.505487    0.834191


================================================================================

    n = band index.
  Emf = "inner" mean-field energy eigenvalue used to construct Sigma(E),
        read from WFN_inner.
   Eo = "outer" mean-field energy eigenvalue where we center the evaluation
        frequency grid {E} of Sigma(E). Defaults to Emf, unless
        you use WFN_outer and eqp_outer.dat / scissors_outer.
  Vxc = exchange-correlation pot., calculated from VXC or read from vxc.dat.
  KIH = Kinetic energy + Ionic potential + Hartree, read from kih.dat.
    X = bare exchange.
   SX = screened exchange contrib. to Sigma(E) at energy E=Eo
   CH = Coulomb hole contrib. to Sigma(E) at energy E=Eo
  Cor = SX-X + CH = correlation portion of Sigma(E) at energy E=Eo.
  Sig = X + Cor = self energy, Sigma(E), at energy E=Eo.
 Eqp0 = on-shell QP energy = Emf - Vxc + Sig(Eo)
        Eqp0 is *not* the recommended quantity to use for QP properties.
 Eqp1 = off-shell solution to the linearized  Dyson`s equation
      = Eqp0 + (dSig/dE) / (1 - dSig/dE) * (Eqp0 - Eo),
        or a full linear interpolation if more freq. points where computed.
        Eqp1 is the recommended quantity to use for QP properties.
  Znk = quasiparticle renormalization factor

 Notes on the static remainder:
 - Unprimed values, such as Eqp0, are evaluated WITH the static remainder
 - Primed values, such as Eqp0`, are evaluated WITHOUT the static remainder

 Notes on the finite_difference_form from sigma.inp file:
   none    : -2 => dSig/dE = 0 (skip the expansion)
   backward: -1 => dSig/dE = (Sig(Eo) - Sig(Eo-dE)) / dE
   central :  0 => dSig/dE = (Sig(Eo+dE) - Sig(Eo-dE)) / (2*dE)
   forward :  1 => dSig/dE = (Sig(Eo+dE) - Sig(Eo)) / dE
   default :  2 => forward for diagonal and none for off-diagonal
   dE is finite_difference_spacing from Sigma.inp file.
   We are using the form #2 with dE = 1.000 eV.

 General notes:
 - All energies are reported here in eV.
 - Both Emf and Vxc contain the average pot. Vxc0, so Vxc0 doesn`t affect Sigma.
 - Eqp1 and Eqp0 are Eqs. (36-37) from Hybertsen & Louie PRB 34 5390.
 - We recommend you use Eqp1 for QP properties of materials.

================================================================================

