
 frequency_dependence   1

 band_index   711   751
 sigma_matrix     0   0

 finite_difference_form   2
 finite_difference_spacing  1.000000

 symmetries
 ntran  =  1
 mtrx01 =  1  0  0  0  1  0  0  0  1

       k =  0.000000  0.000000  0.500000 ik =   2 spin = 1

   n         Emf          Eo           X        SX-X          CH         Sig         Vxc        Eqp0        Eqp1         CH`        Sig`       Eqp0`       Eqp1`         Znk
 711   -4.574461   -4.574461  -15.237257    8.880974   -8.275729  -14.632013  -13.893639   -5.312835   -5.190826   -7.258140  -13.614424   -4.295246   -4.341384    0.834760
 712   -4.546067   -4.546067  -15.230737    8.879174   -8.273268  -14.624831  -13.892720   -5.278178   -5.157312   -7.256274  -13.607837   -4.261184   -4.308216    0.834907
 713   -4.531036   -4.531036  -15.184288    8.865632   -8.249316  -14.567971  -13.851540   -5.247468   -5.129871   -7.238465  -13.557120   -4.236617   -4.284944    0.835857
 714   -4.512011   -4.512011  -14.994169    8.710405   -8.246091  -14.529855  -13.819077   -5.222790   -5.105638   -7.231172  -13.514936   -4.207870   -4.257999    0.835179
 715   -4.504455   -4.504455  -14.946153    8.671438   -8.225243  -14.499957  -13.781962   -5.222450   -5.104129   -7.212822  -13.487537   -4.210030   -4.258549    0.835206
 716   -4.463485   -4.463485  -15.011828    8.724093   -8.280061  -14.567797  -13.871025   -5.160257   -5.046039   -7.257326  -13.545061   -4.137522   -4.190955    0.836075
 717   -4.454760   -4.454760  -15.017415    8.730538   -8.280964  -14.567841  -13.873731   -5.148871   -5.035195   -7.258122  -13.545000   -4.126029   -4.179866    0.836228
 718   -4.441588   -4.441588  -14.985511    8.719715   -8.192223  -14.458019  -13.741915   -5.157692   -5.040402   -7.185262  -13.451058   -4.150731   -4.198370    0.836211
 719   -4.376564   -4.376564  -14.847881    8.619852   -8.239728  -14.467757  -13.813855   -5.030467   -4.923925   -7.224639  -13.452667   -4.015377   -4.074226    0.837068
 720   -4.214336   -4.214336  -14.811114    8.613896   -8.216143  -14.413361  -13.726409   -4.901288   -4.788708   -7.195875  -13.393093   -3.881020   -3.935645    0.836117
 721   -4.071579   -4.071579  -14.925521    8.532402   -7.223212  -13.616331  -12.289330   -5.398579   -5.177358   -6.320822  -12.713941   -4.496190   -4.425404    0.833292
 722   -4.009422   -4.009422  -14.619669    8.434897   -8.305314  -14.490085  -13.898153   -4.601354   -4.505353   -7.264728  -13.449499   -3.560768   -3.633532    0.837817
 723   -3.954343   -3.954343  -14.413153    8.283024   -8.310564  -14.440692  -13.888808   -4.506227   -4.416814   -7.265426  -13.395555   -3.461090   -3.541004    0.837986
 724   -3.936686   -3.936686  -14.615636    8.394309   -8.021078  -14.242405  -13.471162   -4.707929   -4.581924   -7.010725  -13.232052   -3.697577   -3.736642    0.836621
 725   -3.863080   -3.863080  -14.430228    8.290210   -8.335700  -14.475719  -13.921934   -4.416865   -4.327242   -7.280384  -13.420403   -3.361549   -3.442716    0.838162
 726   -3.862382   -3.862382  -14.437657    8.286837   -8.361092  -14.511912  -13.967252   -4.407042   -4.318943   -7.300456  -13.451276   -3.346406   -3.429865    0.838250
 727   -3.762585   -3.762585  -14.320047    8.262588   -8.285593  -14.343051  -13.769202   -4.336434   -4.242887   -7.235871  -13.293330   -3.286712   -3.364287    0.836984
 728   -3.608114   -3.608114  -14.115187    8.027867   -8.377027  -14.464347  -13.966970   -4.105490   -4.025268   -7.301237  -13.388557   -3.029700   -3.122993    0.838709
 729   -3.576186   -3.576186  -14.084780    8.005346   -8.380458  -14.459891  -13.971649   -4.064429   -3.985705   -7.303276  -13.382710   -2.987247   -3.082208    0.838760
 730   -3.449223   -3.449223  -13.937474    7.907663   -8.377711  -14.407522  -13.969364   -3.887381   -3.816880   -7.300740  -13.330552   -2.810411   -2.913197    0.839098
 731   -3.380904   -3.380904  -13.836782    7.865113   -8.351985  -14.323654  -13.887656   -3.816902   -3.746535   -7.276795  -13.248465   -2.741713   -2.844873    0.838607
 732   -2.399453   -2.399453  -10.752890    6.315861   -8.397903  -12.834932  -13.810394   -1.423991   -1.584490   -7.271867  -11.708897   -0.297956   -0.643728    0.835464
 733   -2.288115   -2.288115  -10.975502    6.415549   -8.491852  -13.051805  -14.047790   -1.292130   -1.455339   -7.344038  -11.903991   -0.144316   -0.495614    0.836133
 734   -2.223042   -2.223042  -10.855113    6.345174   -8.501831  -13.011770  -14.052268   -1.182543   -1.354244   -7.358135  -11.868074   -0.038847   -0.399279    0.834982
 735   -2.200474   -2.200474  -10.802681    6.316457   -8.492542  -12.978766  -14.026439   -1.152801   -1.325932   -7.349777  -11.836001   -0.010036   -0.372013    0.834747
 736   -2.086742   -2.086742  -10.131203    5.878119   -8.343154  -12.596238  -13.663269   -1.019711   -1.196660   -7.215388  -11.468472    0.108055   -0.255916    0.834167
 737   -1.959200   -1.959200  -10.454127    6.036702   -8.474151  -12.891575  -13.978884   -0.871891   -1.051485   -7.322863  -11.740287    0.279396   -0.090359    0.834827
 738   -1.951320   -1.951320  -10.384182    5.988751   -8.455828  -12.851259  -13.939488   -0.863091   -1.042546   -7.306229  -11.701659    0.286508   -0.082521    0.835095
 739   -1.779912   -1.779912  -10.474831    6.034888   -8.546854  -12.986797  -14.090575   -0.676133   -0.859023   -7.369060  -11.809003    0.501660    0.123616    0.834305
 740   -1.774712   -1.774712  -10.403334    5.974568   -8.514402  -12.943168  -14.047974   -0.669906   -0.852775   -7.340463  -11.769229    0.504033    0.126851    0.834478
 741   -1.754054   -1.754054  -10.186354    5.823146   -8.452592  -12.815800  -13.939214   -0.630640   -0.816712   -7.286934  -11.650142    0.535018    0.155878    0.834370
 742   -1.647337   -1.647337   -9.802319    5.576798   -8.382814  -12.608335  -13.768926   -0.486746   -0.679219   -7.229205  -11.454726    0.666863    0.283075    0.834159
 743   -1.599309   -1.599309   -9.067536    5.093979   -8.350419  -12.323976  -13.595095   -0.328190   -0.539959   -7.234209  -11.207765    0.788021    0.390291    0.833400
 744   -1.593000   -1.593000   -9.106284    5.116634   -8.355170  -12.344819  -13.613474   -0.324346   -0.535535   -7.236144  -11.225793    0.794680    0.397210    0.833533
 745   -1.572297   -1.572297   -9.649742    5.455898   -8.450816  -12.644659  -13.876615   -0.340341   -0.545760   -7.291546  -11.485390    0.818929    0.420211    0.833258
 746   -1.568919   -1.568919   -9.476090    5.344294   -8.416211  -12.548008  -13.789540   -0.327387   -0.534415   -7.268426  -11.400223    0.820398    0.421975    0.833248
 747   -1.564378   -1.564378   -9.426066    5.312515   -8.407884  -12.521434  -13.772878   -0.312935   -0.522628   -7.263939  -11.377489    0.831010    0.429636    0.832439
 748   -1.563883   -1.563883   -9.370699    5.278670   -8.397667  -12.489696  -13.744122   -0.309457   -0.519659   -7.257066  -11.349095    0.831143    0.429813    0.832432
 749   -1.543888   -1.543888   -9.371198    5.277793   -8.394238  -12.487643  -13.731588   -0.299943   -0.507722   -7.252428  -11.345833    0.841868    0.443369    0.832967
 750   -1.537461   -1.537461   -9.130206    5.156160   -8.338492  -12.312538  -13.572641   -0.277358   -0.489110   -7.212550  -11.186596    0.848584    0.447625    0.831957
 751   -1.486859   -1.486859   -9.866250    5.602091   -8.514852  -12.779011  -13.993898   -0.271972   -0.477005   -7.342589  -11.606748    0.900291    0.497419    0.831233


================================================================================

    n = band index.
  Emf = "inner" mean-field energy eigenvalue used to construct Sigma(E),
        read from WFN_inner.
   Eo = "outer" mean-field energy eigenvalue where we center the evaluation
        frequency grid {E} of Sigma(E). Defaults to Emf, unless
        you use WFN_outer and eqp_outer.dat / scissors_outer.
  Vxc = exchange-correlation pot., calculated from VXC or read from vxc.dat.
  KIH = Kinetic energy + Ionic potential + Hartree, read from kih.dat.
    X = bare exchange.
   SX = screened exchange contrib. to Sigma(E) at energy E=Eo
   CH = Coulomb hole contrib. to Sigma(E) at energy E=Eo
  Cor = SX-X + CH = correlation portion of Sigma(E) at energy E=Eo.
  Sig = X + Cor = self energy, Sigma(E), at energy E=Eo.
 Eqp0 = on-shell QP energy = Emf - Vxc + Sig(Eo)
        Eqp0 is *not* the recommended quantity to use for QP properties.
 Eqp1 = off-shell solution to the linearized  Dyson`s equation
      = Eqp0 + (dSig/dE) / (1 - dSig/dE) * (Eqp0 - Eo),
        or a full linear interpolation if more freq. points where computed.
        Eqp1 is the recommended quantity to use for QP properties.
  Znk = quasiparticle renormalization factor

 Notes on the static remainder:
 - Unprimed values, such as Eqp0, are evaluated WITH the static remainder
 - Primed values, such as Eqp0`, are evaluated WITHOUT the static remainder

 Notes on the finite_difference_form from sigma.inp file:
   none    : -2 => dSig/dE = 0 (skip the expansion)
   backward: -1 => dSig/dE = (Sig(Eo) - Sig(Eo-dE)) / dE
   central :  0 => dSig/dE = (Sig(Eo+dE) - Sig(Eo-dE)) / (2*dE)
   forward :  1 => dSig/dE = (Sig(Eo+dE) - Sig(Eo)) / dE
   default :  2 => forward for diagonal and none for off-diagonal
   dE is finite_difference_spacing from Sigma.inp file.
   We are using the form #2 with dE = 1.000 eV.

 General notes:
 - All energies are reported here in eV.
 - Both Emf and Vxc contain the average pot. Vxc0, so Vxc0 doesn`t affect Sigma.
 - Eqp1 and Eqp0 are Eqs. (36-37) from Hybertsen & Louie PRB 34 5390.
 - We recommend you use Eqp1 for QP properties of materials.

================================================================================

