
 BerkeleyGW version 3.0
 Epsilon code, Complex version, run on 11-Jun-2024 at 09:37:34 -0700

                                                                 ..o.          
                                                                .oxxo.         
                                                               .oxxxxo...      
                                                               oxxxxxxo.       
                                                              .oxxxxxxx.       
                                                              .ooooooxxo..     
                                                              .oooooooxo..     
                                                              .oooooxxo...     
                                                       .........oxooo......    
                                                 ............................  
                                             ................................. 
                                          .................................... 
           .          ..oo. ....  .................................oooxxxxxxxo.
     .............oxxxx@ox@@@x@x.....................o...........ooooooooooxx. 
    .o.........oox@x.oo........xxx@@............ooxxxxo..........ooooxxxxxoxo  
    .x........x@xxo...............o@xxo........oxxx@@@xoooooooooooooooxxxo...  
    .o......ox@@o..................oox@o.....ooxxx@xoooxxxxxxxoooooooooooo.... 
    o..ooooo@@xoooo....ooo...........x@o.....ooxxxxo   .oxxxxxxxxxxooooooo.... 
    . .oooo@@@@@@@@@@@@@@@@@@@@@@@@@@@@@@....ooooox.     .oxx@@@@@xxoo........ 
      .ooooxxxxxxxooooooxooooooooooooooxo...oooooxx.        ..ox@xxxoo.........
      .ooooooxxxx@xoooooooooooooxxoooooooooooxxxxx.            .oxxooooooooxxo.
     .oooooxxxxx@@@xxxxxxxxxxxxxxxxxxxxxxxxoxxxxo.                .oxxxxxxxxo. 
   ....oooxxxxx@@@xo..oxxx@@@@@@xxxxoxxoooooooxx.                  .oxxxoo..   
  .....ooxxxx@@xo.       ........    .ooooooooxxo                              
  ..oooxxxx@@@o                       .oooooooxoo.                             
  ....oxooxxxxx.                       .ooo..oooo.                             
  .....o.ooxxxxxo.                     .oooooooxo.                             
 ......ooooxxxxxxo.                     .ooooooxoo..                           
........ooxxxxxxxo..                     .o....oxoo...                         
.......ooooxxxxxxxo.                     ........oooo.                         
.ooooooo..ooxxxxoooo.                    .........ooo...                       
..oxo...ooooxxxoooo..                    .ooo......oooo...                     
  .ooooo....o.                            .oxxxoo....ooo....                   
    .oooooo...                              ...ooooo...ooo..                   
       ...                                     .oo.......                      
                                               ....ooo...                      
                      __              __                                       
 ______              [  |            [  |                 ._____  _          _ 
|_   _ \              | |  _          | |                /  ___ \| |        | |
  | |_) | .---.  _. _.| | / |  .---.  | | .---.  _    _ / /    \_|\ \  /\  / / 
  |  __'./ /__\\[ /`\_| '' <  / /__\\ | |/ /__\\| \  | | |   _____ \ \/  \/ /  
 _| |__| | \__. | |   | |`\ \ | \___. | || \___. \ \/ / \ \.___| |  \  /\  /   
|_______/ \.__./[_]  [__|  \_] \.__./[___]\.__./  \  /   \.____./    \/  \/    
                                                  / /                          
                                                 /_/                           
 --------------------------------------------------------------------------------
 Please cite the main BerkeleyGW paper when using results from this calculation:

 Jack Deslippe, Georgy Samsonidze, David A. Strubbe, Manish Jain, Marvin L.
 Cohen, and Steven G. Louie, "BerkeleyGW: A Massively Parallel Computer Package
 for the Calculation of the Quasiparticle and Optical Properties of Materials
 and Nanostructures," Comput. Phys. Commun. 183, 1269 (2012)

 Aditionally, PLEASE CITE ALL PAPERS REPORTED AT THE END OF THIS CALCULATION.
 --------------------------------------------------------------------------------

 Running MPI version (parallel)
 Running with 128 MPI task(s)
 Using OpenMP. Number of threads per MPI task: 8

 Compilation flags:
 - Compiler: GNU
 - Para. flags: MPI, OMP
 - Math  flags: USESCALAPACK, UNPACKED, USEFFTW3, HDF5
 - Debug flags: 

 Running with verbosity level 1 (default).

 We will start a new calculation from scratch.


 We`ll perform a uniform sampling of the full BZ.

 Computing the static inverse dielectric matrix

 We are using matrix communication scheme

 We are communicating via MPI

 We are using a truncated Coulomb interaction: cell wire
 Reading header of WFN
 Highest occupied band (unshifted grid) = 731
 Valence max    (unshifted grid) = -3.257259 eV
 Conduction min (unshifted grid) = -2.641590 eV
 Middle energy  (unshifted grid) = -2.949425 eV
 Fermi  energy  (unshifted grid) = -2.949425 eV

 Reading header of WFNq
 Highest occupied band (shifted grid) = 731

 Calculation parameters:
 - Cutoff of the dielectric matrix (Ry): 12.00
 - Total number of bands in the calculation: 4824
 - Number of fully occupied valence bands: 731
 - Number of partially occ. conduction bands: 0
 - Monkhorst-Pack q-grid for epsilon(q): 1 1 2

 Running with 4 valence pools
 Number of conduction bands per processor: 128
 Number of valence bands per processor: 183

 Memory available: 247172.2 MB per PE
 Memory required for execution: 121251.9 MB per PE
 Memory required for vcoul: 162.2 MB per PE

 Number of electrons per unit cell (from ifmax) = 1462.000000
 Number of electrons per unit cell (from occupations) = 1462.000000
 Plasma Frequency = .646097 Ry


 Started reading wavefunctions (WFN) with 9648 state(s) at 09:37:36.
 [ 09:37:36 |   0% ] state    1 / 9648.
 [ 09:37:36 |   0% ] state    3 / 9648, remaining: 164 s.
 [ 09:37:55 |  10% ] state  965 / 9648, remaining: 166 s.
 [ 09:38:12 |  20% ] state 1930 / 9648, remaining: 144 s.
 [ 09:38:30 |  30% ] state 2895 / 9648, remaining: 125 s.
 [ 09:38:48 |  40% ] state 3860 / 9648, remaining: 107 s.
 [ 09:39:05 |  50% ] state 4824 / 9648, remaining: 89 s.
 [ 09:39:26 |  60% ] state 5789 / 9648, remaining: 73 s.
 [ 09:39:44 |  70% ] state 6754 / 9648, remaining: 55 s.
 [ 09:40:02 |  80% ] state 7719 / 9648, remaining: 37 s.
 [ 09:40:21 |  90% ] state 8684 / 9648, remaining: 18 s.
 [ 09:40:39 | 100% ] state 9648 / 9648, remaining: 0 s.
 Finished reading wavefunctions (WFN) at 09:40:39.
 Elapsed time: 183 s.

 Initializing eps0mat.h5
 Initializing epsmat.h5
 - Screened Coulomb cutoff: 12.000 Ry
 - Total number of bands: 4824
 - Number of q-points: 2

 Scissors parameters:
 - Valence:    es =   0.0000 eV, e0 =   0.0000 eV, edel =   0.0000
 - Conduction: es =   0.0000 eV, e0 =   0.0000 eV, edel =   0.0000

 Q0 and |Q0| =  0.000000  0.000000  0.001000  0.000082
 Q  and |Q|  =  0.000000  0.000000  0.500000  0.041099

 GPU acceleration is : DISABLED

 Algorithms used:
 - mtxel         : CPU_ALGO
 - chi_summation : CPU_ALGO

 You have a slightly shifted q0 vector and a semiconductor.
 So, reading from WFNq.
 Reading header of WFNq
 Highest occupied band (shifted grid) = 731

 Started reading wavefunctions (WFNq) with 1462 state(s) at 09:40:40.
 [ 09:40:40 |   0% ] state    1 / 1462.
 [ 09:40:40 |   0% ] state    3 / 1462, remaining: 58 s.
 [ 09:40:46 |  10% ] state  147 / 1462, remaining: 52 s.
 [ 09:40:49 |  20% ] state  293 / 1462, remaining: 38 s.
 [ 09:40:52 |  30% ] state  439 / 1462, remaining: 29 s.
 [ 09:40:55 |  40% ] state  585 / 1462, remaining: 22 s.
 [ 09:40:58 |  50% ] state  731 / 1462, remaining: 18 s.
 [ 09:41:02 |  60% ] state  878 / 1462, remaining: 14 s.
 [ 09:41:05 |  70% ] state 1024 / 1462, remaining: 11 s.
 [ 09:41:07 |  80% ] state 1170 / 1462, remaining: 7 s.
 [ 09:41:10 |  90% ] state 1316 / 1462, remaining: 3 s.
 [ 09:41:13 | 100% ] state 1462 / 1462, remaining: 0 s.
 Finished reading wavefunctions (WFNq) at 09:41:13.
 Elapsed time: 33 s.

 Summary of the WFN files:
 - Number of k-points in WFN: 2
 - Number of k-points in WFNq: 2
 - Number of k-points in the full BZ of WFN: 2

================================================================================
 09:41:13   Dealing with q =  0.000000  0.000000  0.001000                 1 / 2
================================================================================

 This is the special q->0 point.
 Rank of the polarizability matrix (nmtx): 123471

 BLACS processor grid:   8 x  16; BLOCKSIZE =   32

 Number of k-points in the irreducible BZ(q) (nrk): 2

 Started calculation of matrix elements with 366 transition(s) at 09:41:16.
 [ 09:41:16 |   0% ] transition   1 / 366.
 [ 09:41:37 |   1% ] transition   3 / 366, remaining: 3392 s.
 [ 09:46:47 |  10% ] transition  37 / 366, remaining: 3007 s.
 [ 09:52:23 |  20% ] transition  74 / 366, remaining: 2667 s.
 [ 09:57:54 |  30% ] transition 110 / 366, remaining: 2346 s.
 [ 10:05:30 |  40% ] transition 147 / 366, remaining: 2188 s.
 [ 10:11:13 |  50% ] transition 184 / 366, remaining: 1795 s.
 [ 10:16:54 |  60% ] transition 220 / 366, remaining: 1434 s.
 [ 10:22:48 |  70% ] transition 257 / 366, remaining: 1070 s.
 [ 10:29:46 |  80% ] transition 293 / 366, remaining: 737 s.
 [ 10:37:34 |  90% ] transition 330 / 366, remaining: 380 s.
 Finished calculation of matrix elements at 10:44:37.
 Elapsed time: 3801 s.

 Preparing simple convergence tests with 4093 unoccupied bands.

 Started building polarizability matrix with 128 processor(s) at 10:51:29.
 [ 10:51:29 |   0% ] processor   1 / 128.
 [ 10:56:11 |   2% ] processor   3 / 128, remaining: 17560 s.
 [ 11:19:33 |   9% ] processor  13 / 128, remaining: 16257 s.
 [ 11:50:11 |  20% ] processor  26 / 128, remaining: 14504 s.
 [ 12:20:44 |  30% ] processor  39 / 128, remaining: 12678 s.
 [ 12:51:10 |  40% ] processor  52 / 128, remaining: 10840 s.
 [ 13:21:42 |  50% ] processor  65 / 128, remaining: 9011 s.
 [ 13:49:59 |  59% ] processor  77 / 128, remaining: 7327 s.
 [ 14:20:38 |  70% ] processor  90 / 128, remaining: 5498 s.
 [ 14:51:09 |  80% ] processor 103 / 128, remaining: 3665 s.
 [ 15:21:37 |  90% ] processor 116 / 128, remaining: 1832 s.
 Finished building polarizability matrix at 15:52:05.
 Elapsed time: 18035 s.

 q-pt      1: Head of Epsilon         =    1.000051595326185E+000   0.000000000000000E+000
 q-pt      1: Epsilon(2,2)            =    2.500309697973741E+000   0.000000000000000E+000
 q-pt      1: Head of Epsilon Inverse =    9.999502539824937E-001   9.305781891221561E-024
 q-pt      1: Epsilon Inverse(2,2)    =    6.657580162426292E-001  -2.385244779468110E-018

 For q0 points, you should check the symmetry (eps(G,G') = eps*(-G,-G')) by
 using the eps0sym code. Wavefunction convergence, as well as a finite q-shift
 may cause this property of eps(G,G') to be broken.

 Writing dielectric matrix to file
 Ok

================================================================================
 17:51:42   Dealing with q =  0.000000  0.000000  0.500000                 2 / 2
================================================================================

 This is a regular non-zero q-point.
 Rank of the polarizability matrix (nmtx): 123668

 BLACS processor grid:   8 x  16; BLOCKSIZE =   32

 Number of k-points in the irreducible BZ(q) (nrk): 2

 Started calculation of matrix elements with 366 transition(s) at 17:51:45.
 [ 17:51:45 |   0% ] transition   1 / 366.
 [ 17:52:12 |   1% ] transition   3 / 366, remaining: 4094 s.
 [ 17:57:28 |  10% ] transition  37 / 366, remaining: 3091 s.
 [ 18:03:03 |  20% ] transition  74 / 366, remaining: 2696 s.
 [ 18:08:29 |  30% ] transition 110 / 366, remaining: 2351 s.
 [ 18:14:08 |  40% ] transition 147 / 366, remaining: 2015 s.
 [ 18:19:54 |  50% ] transition 184 / 366, remaining: 1683 s.
 [ 18:27:30 |  60% ] transition 220 / 366, remaining: 1436 s.
 [ 18:35:14 |  70% ] transition 257 / 366, remaining: 1119 s.
 [ 18:42:42 |  80% ] transition 293 / 366, remaining: 774 s.
 [ 18:50:20 |  90% ] transition 330 / 366, remaining: 395 s.
 Finished calculation of matrix elements at 18:57:45.
 Elapsed time: 3961 s.

 Preparing simple convergence tests with 4093 unoccupied bands.

 Started building polarizability matrix with 128 processor(s) at 19:02:12.
 [ 19:02:12 |   0% ] processor   1 / 128.
 [ 19:06:56 |   2% ] processor   3 / 128, remaining: 17848 s.
 [ 19:30:14 |   9% ] processor  13 / 128, remaining: 16233 s.
 [ 20:00:39 |  20% ] processor  26 / 128, remaining: 14443 s.
 [ 20:31:12 |  30% ] processor  39 / 128, remaining: 12644 s.
 [ 21:01:35 |  40% ] processor  52 / 128, remaining: 10812 s.
 [ 21:32:04 |  50% ] processor  65 / 128, remaining: 8990 s.
 [ 22:00:21 |  59% ] processor  77 / 128, remaining: 7313 s.
 [ 22:30:59 |  70% ] processor  90 / 128, remaining: 5489 s.
 [ 23:01:35 |  80% ] processor 103 / 128, remaining: 3661 s.
 [ 23:32:03 |  90% ] processor 116 / 128, remaining: 1830 s.
 Finished building polarizability matrix at 00:02:35.
 Elapsed time: 18023 s.

 q-pt      2: Head of Epsilon         =    2.121724106888633E+000   0.000000000000000E+000
 q-pt      2: Epsilon(2,2)            =    2.121724106888644E+000   0.000000000000000E+000
 q-pt      2: Head of Epsilon Inverse =    6.249441099490388E-001   4.235164736271502E-018
 q-pt      2: Epsilon Inverse(2,2)    =    6.249441099490108E-001   6.369687763352339E-019

 Writing dielectric matrix to file
 Ok


********************************************************************************
*                                                                              *
* Your calculation employed methods and algorithms published in peer-reviewed  *
* papers. Please, cite the following references to give proper credit to their *
*          authors and help support future development of BerkeleyGW.          *
*                                                                              *
********************************************************************************

 J. Deslippe, G. Samsonidze, D. A. Strubbe, M. Jain, M. L. Cohen, and S. G.
 Louie, BerkeleyGW: A Massively Parallel Computer Package for the Calculation
 of the Quasiparticle and Optical Properties of Materials and Nanostructures,
 Computer Physics Communications 183, 1269 (2012).

 M. S. Hybertsen and S. G. Louie, Electron Correlation in Semiconductors and
 Insulators: Band Gaps and Quasiparticle Energies, Phys. Rev. B 34, 5390
 (1986).

 S. Ismail-Beigi, Truncation of Periodic Image Interactions for Confined
 Systems, Phys. Rev. B 73, 233103 (2006).

********************************************************************************

 
 Timing information
 
                                CPU time (s)          WALL time (s)       Number
 Routine                       min        max        min        max     of calls
 -------------------------  ---------  ---------  ---------  ---------  --------
 - Eps (I/O) Comm                1.38       2.69       1.91       3.03         2
 - Eps (I/O) IO              13045.65   13065.28   13065.65   13066.14         2
 - Input I/O                     7.23     100.22       7.26     104.45     11798
 - Input Comm                   80.03     206.69      86.47     206.68     11798
 - FFT Zero                   5784.25    6768.92     722.81     846.60     94428
 - FFT Put                    2706.92    3060.69     338.66     382.45     94428
 - FFT Plan                   1287.23    1448.72     160.07     180.21    188126
 - FFT Exec                  40236.20   43454.93    5031.84    5433.83    188126
 - FFT Mltply                10186.37   12155.54    1273.56    1518.59     93696
 - FFT Conjg                    43.50      51.25       5.47       6.37       732
 - FFT Get                     400.10     470.27      50.62      57.87     93696
 - INPUT                       175.16     185.30     185.30     185.30         1
 - INPUT_Q                      31.45      33.02      33.01      33.04         1
 - FULLBZ                        0.00       0.00       0.00       0.00         1
 - GVEC                          1.08       1.16       1.08       1.22         2
 - SUBGRP                        0.00       0.00      -0.00       0.00         2
 - IRRBZ                         0.00       0.00       0.00       0.01         2
 - GENWF                        23.10      43.08      21.46      30.43       732
 - MTXEL                     61018.83   67074.62    7632.15    8389.90       732
 - RQSTAR                        0.00       0.00      -0.00       0.03         4
 - GMAP                          0.18       0.23       0.09       0.10         4
 - EPSINV (TOTAL)            21979.89   22349.66   14314.53   14341.14         2
 - CHI SUM (COMM)                0.00    2506.30       0.00    2495.99       256
 - CHI SUM (TOTAL)          260574.31  270684.05   36041.58   36068.29         2
 - GENWF (VAL)                  15.78      33.18      14.53      21.83       732
 - GENWF (COND)                  6.48       9.80       6.48       9.81         4
 - EPSINV (VCOUL)                1.21      27.95       1.21      27.84         2
 - JOB SETUP                     0.01       0.04       0.00       0.00         1
 - Q LOOP SETUP                  1.10       1.18       1.10       1.24         2
 - INIT CUTOFF                   0.00       0.00      -0.00       0.00         2
 - INIT SCALAPACK                0.14       0.34       0.19       0.34         2
 - INIT ARRAYS                  18.49      32.03       2.59       4.87         2
 - CONVERGE TESTS               26.66     783.57      26.67     783.63         2
 - MTXEL (DENOM)                 1.01       1.96       0.11       0.17     93696
 - MTXEL (FFT)               61018.83   67074.62    7632.15    8389.90       732
 - GENWF (Ekin)                  0.11       0.19       0.11       0.19         8
 - GENWF (Sort)                  5.04       6.33       5.04       6.33         8
 - CHI SUM (zGEMM)          252790.09  264142.28   31601.58   33023.88       256
 - CHI SUM (PREP)             3448.54    3840.45     437.87     493.18       256
 - CHI SUM (ARRAY ALLOC)         0.00     299.06       0.00      37.95       256
 - EPSINV (I/O)              13048.06   13067.89   13068.64   13068.81         2
 - EPSINV (INVERT)            8875.68    9259.72    1228.37    1228.60         2
 - CHI SUM (BAR)                 0.00       0.06       0.00       0.01         2
 - FFT MLTPLY                  117.78     137.39      14.37      16.99     93696
 - TOTAL                    346487.78  359125.11   59053.72   59053.72         1
 
 Job Done
 
