
 BerkeleyGW version 4.0
 Sigma code, Complex version, run on 10-Dec-2024 at 14:13:17 -0800

                                                                 ..o.          
                                                                .oxxo.         
                                                               .oxxxxo...      
                                                               oxxxxxxo.       
                                                              .oxxxxxxx.       
                                                              .ooooooxxo..     
                                                              .oooooooxo..     
                                                              .oooooxxo...     
                                                       .........oxooo......    
                                                 ............................  
                                             ................................. 
                                          .................................... 
           .          ..oo. ....  .................................oooxxxxxxxo.
     .............oxxxx@ox@@@x@x.....................o...........ooooooooooxx. 
    .o.........oox@x.oo........xxx@@............ooxxxxo..........ooooxxxxxoxo  
    .x........x@xxo...............o@xxo........oxxx@@@xoooooooooooooooxxxo...  
    .o......ox@@o..................oox@o.....ooxxx@xoooxxxxxxxoooooooooooo.... 
    o..ooooo@@xoooo....ooo...........x@o.....ooxxxxo   .oxxxxxxxxxxooooooo.... 
    . .oooo@@@@@@@@@@@@@@@@@@@@@@@@@@@@@@....ooooox.     .oxx@@@@@xxoo........ 
      .ooooxxxxxxxooooooxooooooooooooooxo...oooooxx.        ..ox@xxxoo.........
      .ooooooxxxx@xoooooooooooooxxoooooooooooxxxxx.            .oxxooooooooxxo.
     .oooooxxxxx@@@xxxxxxxxxxxxxxxxxxxxxxxxoxxxxo.                .oxxxxxxxxo. 
   ....oooxxxxx@@@xo..oxxx@@@@@@xxxxoxxoooooooxx.                  .oxxxoo..   
  .....ooxxxx@@xo.       ........    .ooooooooxxo                              
  ..oooxxxx@@@o                       .oooooooxoo.                             
  ....oxooxxxxx.                       .ooo..oooo.                             
  .....o.ooxxxxxo.                     .oooooooxo.                             
 ......ooooxxxxxxo.                     .ooooooxoo..                           
........ooxxxxxxxo..                     .o....oxoo...                         
.......ooooxxxxxxxo.                     ........oooo.                         
.ooooooo..ooxxxxoooo.                    .........ooo...                       
..oxo...ooooxxxoooo..                    .ooo......oooo...                     
  .ooooo....o.                            .oxxxoo....ooo....                   
    .oooooo...                              ...ooooo...ooo..                   
       ...                                     .oo.......                      
                                               ....ooo...                      
                      __              __                                       
 ______              [  |            [  |                 ._____  _          _ 
|_   _ \              | |  _          | |                /  ___ \| |        | |
  | |_) | .---.  _. _.| | / |  .---.  | | .---.  _    _ / /    \_|\ \  /\  / / 
  |  __'./ /__\\[ /`\_| '' <  / /__\\ | |/ /__\\| \  | | |   _____ \ \/  \/ /  
 _| |__| | \__. | |   | |`\ \ | \___. | || \___. \ \/ / \ \.___| |  \  /\  /   
|_______/ \.__./[_]  [__|  \_] \.__./[___]\.__./  \  /   \.____./    \/  \/    
                                                  / /                          
                                                 /_/                           
 --------------------------------------------------------------------------------
 Please cite the main BerkeleyGW paper when using results from this calculation:

 Jack Deslippe, Georgy Samsonidze, David A. Strubbe, Manish Jain, Marvin L.
 Cohen, and Steven G. Louie, "BerkeleyGW: A Massively Parallel Computer Package
 for the Calculation of the Quasiparticle and Optical Properties of Materials
 and Nanostructures," Comput. Phys. Commun. 183, 1269 (2012)

 Aditionally, PLEASE CITE ALL PAPERS REPORTED AT THE END OF THIS CALCULATION.
 --------------------------------------------------------------------------------

 Running MPI version (parallel)
 Running with 1206 MPI task(s)
 Using OpenMP. Number of threads per MPI task: 2

 Compilation flags:
 - Compiler: GNU
 - Para. flags: MPI, OMP
 - Math  flags: USESCALAPACK, UNPACKED, USEFFTW3, HDF5
 - Debug flags: 

 Running with verbosity level 1 (default).

 Using the Generalized Plasmon Pole model

 We are communicating via MPI

 Using Collectives (MPI_BCast) Communication Scheme

 Computing CH as a partial sum over empty bands with the static remainder

 Running with semiconductor screening

 We are using a truncated Coulomb interaction: cell wire
 Cutoff for Monte-Carlo average of Coulomb potential: 1.000E-012 Ry

 Reading exchange-correlation matrix elements from vxc.dat file

 Treating W within the Hybertsen-Louie Generalized Plasmon Pole model

 Memory available: 25771.3 MB per PE

 Read from eps0mat.h5:
 - Number of G-vectors in the charge-density grid: 11053081
 - Max. number of G-vectors for dielectric matrices: 123471
 - Cutoff of the dielectric matrix (Ry): 12.000
 - Number of imaginary frequencies: 0
 - Total number of frequencies: 1
 - Frequency dependence: 0
 - Number of q-points: 1
 - Q grid: 1 1 2

 Read from epsmat.h5:
 - Number of G-vectors in the charge-density grid: 11053081
 - Max. number of G-vectors for dielectric matrices: 123668
 - Cutoff of the dielectric matrix: 12.000
 - Number of imaginary frequencies: 0
 - Total number of frequencies: 1
 - Frequency dependence: 0
 - Number of q-points: 1
 - Q grid: 1 1 2

 Reading header of WFN_inner
 Highest occupied band (unshifted grid) = 731
 Valence max    (unshifted grid) = -3.333186 eV
 Conduction min (unshifted grid) = -2.490297 eV
 Middle energy  (unshifted grid) = -2.911741 eV
 Fermi  energy  (unshifted grid) = -2.911741 eV


 Calculation parameters:
 - Cutoff of the bare Coulomb interaction (Ry): 60.00
 - Cutoff of the screened Coulomb interaction (Ry): 12.00
 - Number of G-vectors up to the bare int. cutoff: 1381955
 - Number of G-vectors up to the screened int. cutoff: 123471
 - Total number of bands in the calculation: 4824
 - Number of fully occupied valence bands: 731
 - Number of partially occ. conduction bands: 0

 Memory required for execution: 3966.8 MB per PE
 Memory required for vcoul: 162.2 MB per PE

 Number of electrons per unit cell (from ifmax) = 1462.000000
 Number of electrons per unit cell (from occupations) = 1462.000000
 Plasma Frequency = .646097 Ry

 Q-grid symmetries are being used.

 Parallelization report:
 - Using 1206 processor(s), 1 pool(s), 1206 processor(s) per pool.
 - Each pool is computing 41 diagonal sigma matrix element(s).
 - Each pool is computing 0 off-diagonal sigma matrix element(s).
 - Each processor is holding 4 band(s).


 Started reading wavefunctions (WFN_inner) with 9648 state(s) at 14:13:21.
 [ 14:13:22 |   0% ] state    1 / 9648.
 [ 14:13:22 |   0% ] state    3 / 9648, remaining: 415 s.
 [ 14:14:03 |  10% ] state  965 / 9648, remaining: 370 s.
 [ 14:14:44 |  20% ] state 1930 / 9648, remaining: 329 s.
 [ 14:15:25 |  30% ] state 2895 / 9648, remaining: 287 s.
 [ 14:16:06 |  40% ] state 3860 / 9648, remaining: 246 s.
 [ 14:16:47 |  50% ] state 4824 / 9648, remaining: 205 s.
 [ 14:17:29 |  60% ] state 5789 / 9648, remaining: 165 s.
 [ 14:18:08 |  70% ] state 6754 / 9648, remaining: 123 s.
 [ 14:18:47 |  80% ] state 7719 / 9648, remaining: 81 s.
 [ 14:19:26 |  90% ] state 8684 / 9648, remaining: 41 s.
 [ 14:20:06 | 100% ] state 9648 / 9648, remaining: 0 s.
 Finished reading wavefunctions (WFN_inner) at 14:20:07.
 Elapsed time: 405 s.


 Scissors parameters:
 - Valence:    es =   0.0000 eV, e0 =   0.0000 eV, edel =   0.0000
 - Conduction: es =   0.0000 eV, e0 =   0.0000 eV, edel =   0.0000

 Scissors parameters (outer):
 - Valence:    es =   0.0000 eV, e0 =   0.0000 eV, edel =   0.0000
 - Conduction: es =   0.0000 eV, e0 =   0.0000 eV, edel =   0.0000


 Data for sum rule:
 - rho(0,1) = 1462.000000 electrons
 - wp = 8.790598 eV

 Number of bands to compute diagonal self-energy matrix elements: 41
 Bands:
 - 711
 - 712
 - 713
 - 714
 - 715
 - 716
 - 717
 - 718
 - 719
 - 720
 - 721
 - 722
 - 723
 - 724
 - 725
 - 726
 - 727
 - 728
 - 729
 - 730
 - 731
 - 732
 - 733
 - 734
 - 735
 - 736
 - 737
 - 738
 - 739
 - 740
 - 741
 - 742
 - 743
 - 744
 - 745
 - 746
 - 747
 - 748
 - 749
 - 750
 - 751
 Number of off-diagonal bands to compute self-energy matrix elements: 0

 GPU acceleration is : DISABLED

 Algorithms used:
 - mtxel     : CPU_ALGO
 - sigma_gpp : CPU_ALGO

 Total number of frequencies in the dielectric matrix: 1
 Number of imag. frequencies in the dielectric matrix: 0


 Started reading eps0mat.h5 with 1 q-point(s) at 14:20:07.
 [ 14:20:07 |   0% ] q-point 1 / 1.
 Finished reading eps0mat.h5 at 14:22:31.
 Elapsed time: 144 s.


 Started reading epsmat.h5 with 1 q-point(s) at 14:22:31.
 [ 14:22:31 |   0% ] q-point 1 / 1.
 Finished reading epsmat.h5 at 14:24:55.
 Elapsed time: 144 s.

 Number of k-points in WFN_inner: 2
 Number of k-points in the full BZ of WFN_inner: 2

================================================================================
 14:24:55   Dealing with k =  0.000000  0.000000  0.500000                 1 / 1
================================================================================

 Reading vxc.dat
 Number of q-points in the irreducible BZ(k) (nrq): 2

 Started calculating Sigma with 82 block(s) at 14:24:55.
 [ 14:25:00 |   0% ] block  1 / 82.
 [ 14:57:12 |   2% ] block  3 / 82, remaining: 77077 s.
 [ 16:33:28 |  10% ] block  9 / 82, remaining: 71241 s.
 [ 18:41:45 |  20% ] block 17 / 82, remaining: 63521 s.
 [ 20:50:07 |  29% ] block 25 / 82, remaining: 55827 s.
 [ 22:58:33 |  39% ] block 33 / 82, remaining: 48137 s.
 [ 01:07:01 |  49% ] block 41 / 82, remaining: 40441 s.
 [ 03:31:46 |  60% ] block 50 / 82, remaining: 31789 s.
 [ 05:40:19 |  70% ] block 58 / 82, remaining: 24085 s.
 [ 07:48:56 |  79% ] block 66 / 82, remaining: 16380 s.
 [ 09:57:35 |  89% ] block 74 / 82, remaining: 8673 s.
 [ 12:06:21 |  99% ] block 82 / 82, remaining: 964 s.
 Finished calculating Sigma at 12:22:26.
 Elapsed time: 79051 s.

 Unsymmetrized values for ik =   2 spin = 1

     n      Emf       Eo      Vxc        X     SX-X       CH      Cor      Sig
   711   -4.604   -4.604  -13.866  -15.237    8.893   -8.260    0.633  -14.604
   712   -4.566   -4.566  -13.841  -15.234    8.888   -8.245    0.643  -14.590
   713   -4.550   -4.550  -13.876  -15.217    8.883   -8.266    0.617  -14.600
   714   -4.545   -4.545  -13.828  -15.191    8.873   -8.236    0.637  -14.555
   715   -4.512   -4.512  -13.810  -14.956    8.682   -8.243    0.439  -14.517
   716   -4.491   -4.491  -13.818  -14.939    8.671   -8.249    0.421  -14.518
   717   -4.462   -4.462  -13.878  -15.003    8.716   -8.283    0.432  -14.570
   718   -4.406   -4.406  -13.784  -14.884    8.647   -8.227    0.420  -14.464
   719   -4.397   -4.397  -13.814  -14.873    8.639   -8.240    0.400  -14.473
   720   -4.226   -4.226  -13.187  -14.758    8.593   -7.896    0.697  -14.062
   721   -4.072   -4.072  -13.311  -14.704    8.537   -7.958    0.579  -14.124
   722   -4.056   -4.056  -13.883  -14.644    8.458   -8.300    0.158  -14.485
   723   -3.955   -3.955  -13.889  -14.404    8.276   -8.308   -0.032  -14.437
   724   -3.946   -3.946  -13.388  -14.541    8.396   -8.000    0.396  -14.146
   725   -3.889   -3.889  -13.705  -14.475    8.335   -8.203    0.132  -14.343
   726   -3.852   -3.852  -13.982  -14.439    8.285   -8.371   -0.085  -14.524
   727   -3.650   -3.650  -13.597  -14.221    8.194   -8.193    0.001  -14.220
   728   -3.625   -3.625  -13.960  -14.119    8.036   -8.377   -0.341  -14.460
   729   -3.522   -3.522  -13.715  -13.972    8.017   -8.283   -0.266  -14.238
   730   -3.488   -3.488  -13.957  -13.952    7.922   -8.373   -0.450  -14.403
   731   -3.420   -3.420  -13.853  -13.941    7.936   -8.323   -0.387  -14.329
   732   -2.448   -2.448  -13.584  -10.327    6.093   -8.345   -2.252  -12.579
   733   -2.305   -2.305  -14.054  -11.001    6.431   -8.496   -2.066  -13.066
   734   -2.282   -2.282  -14.034  -10.947    6.399   -8.487   -2.087  -13.035
   735   -2.199   -2.199  -14.013  -10.786    6.307   -8.489   -2.182  -12.968
   736   -2.178   -2.178  -13.968  -10.638    6.203   -8.477   -2.274  -12.912
   737   -1.973   -1.973  -14.003  -10.476    6.046   -8.486   -2.440  -12.916
   738   -1.901   -1.901  -13.959  -10.336    5.956   -8.476   -2.521  -12.857
   739   -1.786   -1.786  -14.094  -10.481    6.034   -8.546   -2.512  -12.993
   740   -1.767   -1.767  -13.937  -10.177    5.816   -8.453   -2.637  -12.814
   741   -1.747   -1.747  -13.920  -10.144    5.801   -8.448   -2.648  -12.792
   742   -1.723   -1.723  -13.954  -10.136    5.810   -8.489   -2.679  -12.815
   743   -1.613   -1.613  -13.601   -9.075    5.096   -8.353   -3.257  -12.331
   744   -1.602   -1.602  -13.640   -9.155    5.147   -8.367   -3.220  -12.375
   745   -1.583   -1.583  -13.880   -9.652    5.456   -8.455   -2.999  -12.651
   746   -1.580   -1.580  -13.858   -9.606    5.427   -8.444   -3.017  -12.623
   747   -1.575   -1.575  -13.715   -9.298    5.230   -8.388   -3.158  -12.456
   748   -1.574   -1.574  -13.764   -9.412    5.303   -8.405   -3.103  -12.515
   749   -1.564   -1.564  -13.694   -9.247    5.199   -8.386   -3.188  -12.434
   750   -1.520   -1.520  -13.740   -9.446    5.347   -8.408   -3.061  -12.506
   751   -1.484   -1.484  -13.890   -9.691    5.494   -8.470   -2.976  -12.667

 Symmetrized values from band-averaging:

       k =  0.000000  0.000000  0.500000 ik =   2 spin = 1

     n      Emf       Eo      Vxc        X      Cor     Eqp0     Eqp1      Znk
   711   -4.604   -4.604  -13.866  -15.237    0.633   -5.342   -5.220    0.835
   712   -4.566   -4.566  -13.841  -15.234    0.643   -5.315   -5.191    0.834
   713   -4.550   -4.550  -13.876  -15.217    0.617   -5.274   -5.155    0.835
   714   -4.545   -4.545  -13.828  -15.191    0.637   -5.272   -5.152    0.836
   715   -4.512   -4.512  -13.810  -14.956    0.439   -5.219   -5.102    0.835
   716   -4.491   -4.491  -13.818  -14.939    0.421   -5.191   -5.076    0.836
   717   -4.462   -4.462  -13.878  -15.003    0.432   -5.154   -5.041    0.836
   718   -4.406   -4.406  -13.784  -14.884    0.420   -5.086   -4.975    0.837
   719   -4.397   -4.397  -13.814  -14.873    0.400   -5.057   -4.949    0.837
   720   -4.226   -4.226  -13.187  -14.758    0.697   -5.101   -4.955    0.833
   721   -4.072   -4.072  -13.311  -14.704    0.579   -4.885   -4.751    0.834
   722   -4.056   -4.056  -13.883  -14.644    0.158   -4.658   -4.560    0.838
   723   -3.955   -3.955  -13.889  -14.404   -0.032   -4.503   -4.415    0.838
   724   -3.946   -3.946  -13.388  -14.541    0.396   -4.703   -4.578    0.835
   725   -3.889   -3.889  -13.705  -14.475    0.132   -4.526   -4.423    0.837
   726   -3.852   -3.852  -13.982  -14.439   -0.085   -4.394   -4.306    0.838
   727   -3.650   -3.650  -13.597  -14.221    0.001   -4.273   -4.171    0.836
   728   -3.625   -3.625  -13.960  -14.119   -0.341   -4.125   -4.044    0.839
   729   -3.522   -3.522  -13.715  -13.972   -0.266   -4.045   -3.959    0.837
   730   -3.488   -3.488  -13.957  -13.952   -0.450   -3.934   -3.862    0.839
   731   -3.420   -3.420  -13.853  -13.941   -0.387   -3.896   -3.819    0.838
   732   -2.448   -2.448  -13.584  -10.327   -2.252   -1.443   -1.610    0.833
   733   -2.305   -2.305  -14.054  -11.001   -2.066   -1.317   -1.479    0.836
   734   -2.282   -2.282  -14.034  -10.947   -2.087   -1.283   -1.447    0.836
   735   -2.199   -2.199  -14.013  -10.786   -2.182   -1.154   -1.327    0.835
   736   -2.178   -2.178  -13.968  -10.638   -2.274   -1.122   -1.297    0.834
   737   -1.973   -1.973  -14.003  -10.476   -2.440   -0.885   -1.065    0.835
   738   -1.901   -1.901  -13.959  -10.336   -2.521   -0.798   -0.981    0.835
   739   -1.786   -1.786  -14.094  -10.481   -2.512   -0.685   -0.867    0.834
   740   -1.767   -1.767  -13.937  -10.177   -2.637   -0.644   -0.830    0.834
   741   -1.747   -1.747  -13.920  -10.144   -2.648   -0.619   -0.806    0.834
   742   -1.723   -1.723  -13.954  -10.136   -2.679   -0.584   -0.773    0.834
   743   -1.613   -1.613  -13.601   -9.075   -3.257   -0.344   -0.555    0.833
   744   -1.602   -1.602  -13.640   -9.155   -3.220   -0.338   -0.548    0.833
   745   -1.583   -1.583  -13.880   -9.652   -2.999   -0.354   -0.559    0.833
   746   -1.580   -1.580  -13.858   -9.606   -3.017   -0.346   -0.552    0.833
   747   -1.575   -1.575  -13.715   -9.298   -3.158   -0.317   -0.527    0.833
   748   -1.574   -1.574  -13.764   -9.412   -3.103   -0.325   -0.534    0.832
   749   -1.564   -1.564  -13.694   -9.247   -3.188   -0.304   -0.515    0.833
   750   -1.520   -1.520  -13.740   -9.446   -3.061   -0.286   -0.495    0.831
   751   -1.484   -1.484  -13.890   -9.691   -2.976   -0.261   -0.467    0.832

================================================================================

    n = band index.
  Emf = "inner" mean-field energy eigenvalue used to construct Sigma(E),
        read from WFN_inner.
   Eo = "outer" mean-field energy eigenvalue where we center the evaluation
        frequency grid {E} of Sigma(E). Defaults to Emf, unless
        you use WFN_outer and eqp_outer.dat / scissors_outer.
  Vxc = exchange-correlation pot., calculated from VXC or read from vxc.dat.
  KIH = Kinetic energy + Ionic potential + Hartree, read from kih.dat.
    X = bare exchange.
   SX = screened exchange contrib. to Sigma(E) at energy E=Eo
   CH = Coulomb hole contrib. to Sigma(E) at energy E=Eo
  Cor = SX-X + CH = correlation portion of Sigma(E) at energy E=Eo.
  Sig = X + Cor = self energy, Sigma(E), at energy E=Eo.
 Eqp0 = on-shell QP energy = Emf - Vxc + Sig(Eo)
        Eqp0 is *not* the recommended quantity to use for QP properties.
 Eqp1 = off-shell solution to the linearized  Dyson`s equation
      = Eqp0 + (dSig/dE) / (1 - dSig/dE) * (Eqp0 - Eo),
        or a full linear interpolation if more freq. points where computed.
        Eqp1 is the recommended quantity to use for QP properties.
  Znk = quasiparticle renormalization factor

 Notes on the static remainder:
 - Unprimed values, such as Eqp0, are evaluated WITH the static remainder
 - Primed values, such as Eqp0`, are evaluated WITHOUT the static remainder

 Notes on the finite_difference_form from sigma.inp file:
   none    : -2 => dSig/dE = 0 (skip the expansion)
   backward: -1 => dSig/dE = (Sig(Eo) - Sig(Eo-dE)) / dE
   central :  0 => dSig/dE = (Sig(Eo+dE) - Sig(Eo-dE)) / (2*dE)
   forward :  1 => dSig/dE = (Sig(Eo+dE) - Sig(Eo)) / dE
   default :  2 => forward for diagonal and none for off-diagonal
   dE is finite_difference_spacing from Sigma.inp file.
   We are using the form #2 with dE = 1.000 eV.

 General notes:
 - All energies are reported here in eV.
 - Both Emf and Vxc contain the average pot. Vxc0, so Vxc0 doesn`t affect Sigma.
 - Eqp1 and Eqp0 are Eqs. (36-37) from Hybertsen & Louie PRB 34 5390.
 - We recommend you use Eqp1 for QP properties of materials.

================================================================================


WARNING: |Eqp0 - Eo| > finite_difference_spacing. Linear extrapolation for eqp1
may be inaccurate. You should test the validity of eqp1 by rerunning the
calculation with the self energy evaluated at the eqp0 energies. For that,
use the eqp_outer.dat file, created with eqp.py script and point WFN_outer to
WFN_inner, if you were not already using WFN_outer.


********************************************************************************
*                                                                              *
* Your calculation employed methods and algorithms published in peer-reviewed  *
* papers. Please, cite the following references to give proper credit to their *
*          authors and help support future development of BerkeleyGW.          *
*                                                                              *
********************************************************************************

 J. Deslippe, G. Samsonidze, D. A. Strubbe, M. Jain, M. L. Cohen, and S. G.
 Louie, BerkeleyGW: A Massively Parallel Computer Package for the Calculation
 of the Quasiparticle and Optical Properties of Materials and Nanostructures,
 Computer Physics Communications 183, 1269 (2012).

 M. S. Hybertsen and S. G. Louie, Electron Correlation in Semiconductors and
 Insulators: Band Gaps and Quasiparticle Energies, Phys. Rev. B 34, 5390
 (1986).

 S. Ismail-Beigi, Truncation of Periodic Image Interactions for Confined
 Systems, Phys. Rev. B 73, 233103 (2006).

 M. Del Ben, F. H. da Jornada, A. Canning, N. Wichmann, K. Raman, R. Sasanka,
 C. Yang, S. G. Louie, and J. Deslippe, Large-Scale GW Calculations on Pre-
 Exascale HPC Systems, Computer Physics Communications 235, 187 (2019).

********************************************************************************

 
 Timing information
 
                                CPU time (s)          WALL time (s)       Number
 Routine                       min        max        min        max     of calls
 -------------------------  ---------  ---------  ---------  ---------  --------
 - Epscopy Comm                  0.17       0.87       0.08       0.44         2
 - Input I/O                    12.73     152.95      12.70     157.61     10005
 - Input Comm                  181.04     393.94     191.30     393.98     10005
 - FFT Zero                     44.27     151.71      22.31      76.08       492
 - FFT Put                      31.54      70.06      15.81      36.33       492
 - FFT Plan                      0.50       0.85       0.24       0.39       863
 - FFT Exec                    774.71    1152.50     387.40     577.42       863
 - FFT Mltply                   42.45     104.39      21.21      52.25       369
 - FFT Conjg                     8.89      32.03       4.42      16.06       123
 - FFT Get                      28.45      77.81      14.24      42.40       369
 - I/O TOTAL                   665.16     696.29     694.55     696.57         8
 - INPUT                       395.28     410.65     409.26     410.70         1
 - EPSCOPY                     271.66     288.35     287.91     288.04         1
 - FULLBZ                        0.00       0.01       0.00       0.01         2
 - VXC                           0.00       0.01       0.00       0.13         2
 - MTXEL_CH                    135.72     196.83      67.87      99.87        41
 - SUBGRP                        0.00       0.00       0.00       0.00         1
 - IRRBZ                         0.00       0.00       0.00       0.00         1
 - GMAP                          0.18       0.53       0.18       0.53         2
 - GENWF                         2.29       3.93       2.29       3.93         2
 - MTXEL                       800.89    1313.71     400.57     671.06        82
 - MTXEL_COR TOT            135052.77  156161.90   78271.09   78573.33        82
 - VCOUL                         0.94       2.29       0.94       2.28         2
 - EPSREAD                       0.52       0.83       0.52       0.83         2
 - INPUT_OUTER                   0.00       1.36       0.00       1.36         1
 - MTXEL COMM                    0.00       0.00       0.00       0.00         2
 - BARE X                        0.00       4.02       0.00       3.80        83
 - WF COMM                       0.00       0.00       0.00       0.00         1
 - INPUT (READ)                336.18     406.09     351.11     406.13     10003
 - INPUT (WRITE)                 0.04       0.17       0.04       0.17      9648
 - SUB-TRANSF TOT                0.00       0.00       0.00       0.00        82
 - M.COR INIT                   10.38      19.83       5.29       9.99        82
 - M.COR EPSINIT               376.41     603.60     198.02     303.09        82
 - M.COR COMM                 1879.98   23410.14    1036.37   22623.17     98892
 - M.COR PP PREP               287.84     488.26     150.59     245.34      8446
 - M.COR SX+CH               98619.26  116382.93   49315.74   58222.40    395568
 - M.COR REMAIN              10670.53   38125.60    5437.33   19165.17    395568
 - READ NEPS                     0.00       0.18       0.00       0.18         1
 - EPSCOPY IO                  270.37     287.11     286.46     286.82         2
 - EQP LOOP TOTAL           136028.84  157588.47   79050.40   79050.78         1
 - TOTAL                    136727.71  158286.93   79749.58   79749.68         1
 
 Job Done
 
