
 BerkeleyGW version 4.0
 Sigma code, Complex version, run on 10-Dec-2024 at 13:30:29 -0800

                                                                 ..o.          
                                                                .oxxo.         
                                                               .oxxxxo...      
                                                               oxxxxxxo.       
                                                              .oxxxxxxx.       
                                                              .ooooooxxo..     
                                                              .oooooooxo..     
                                                              .oooooxxo...     
                                                       .........oxooo......    
                                                 ............................  
                                             ................................. 
                                          .................................... 
           .          ..oo. ....  .................................oooxxxxxxxo.
     .............oxxxx@ox@@@x@x.....................o...........ooooooooooxx. 
    .o.........oox@x.oo........xxx@@............ooxxxxo..........ooooxxxxxoxo  
    .x........x@xxo...............o@xxo........oxxx@@@xoooooooooooooooxxxo...  
    .o......ox@@o..................oox@o.....ooxxx@xoooxxxxxxxoooooooooooo.... 
    o..ooooo@@xoooo....ooo...........x@o.....ooxxxxo   .oxxxxxxxxxxooooooo.... 
    . .oooo@@@@@@@@@@@@@@@@@@@@@@@@@@@@@@....ooooox.     .oxx@@@@@xxoo........ 
      .ooooxxxxxxxooooooxooooooooooooooxo...oooooxx.        ..ox@xxxoo.........
      .ooooooxxxx@xoooooooooooooxxoooooooooooxxxxx.            .oxxooooooooxxo.
     .oooooxxxxx@@@xxxxxxxxxxxxxxxxxxxxxxxxoxxxxo.                .oxxxxxxxxo. 
   ....oooxxxxx@@@xo..oxxx@@@@@@xxxxoxxoooooooxx.                  .oxxxoo..   
  .....ooxxxx@@xo.       ........    .ooooooooxxo                              
  ..oooxxxx@@@o                       .oooooooxoo.                             
  ....oxooxxxxx.                       .ooo..oooo.                             
  .....o.ooxxxxxo.                     .oooooooxo.                             
 ......ooooxxxxxxo.                     .ooooooxoo..                           
........ooxxxxxxxo..                     .o....oxoo...                         
.......ooooxxxxxxxo.                     ........oooo.                         
.ooooooo..ooxxxxoooo.                    .........ooo...                       
..oxo...ooooxxxoooo..                    .ooo......oooo...                     
  .ooooo....o.                            .oxxxoo....ooo....                   
    .oooooo...                              ...ooooo...ooo..                   
       ...                                     .oo.......                      
                                               ....ooo...                      
                      __              __                                       
 ______              [  |            [  |                 ._____  _          _ 
|_   _ \              | |  _          | |                /  ___ \| |        | |
  | |_) | .---.  _. _.| | / |  .---.  | | .---.  _    _ / /    \_|\ \  /\  / / 
  |  __'./ /__\\[ /`\_| '' <  / /__\\ | |/ /__\\| \  | | |   _____ \ \/  \/ /  
 _| |__| | \__. | |   | |`\ \ | \___. | || \___. \ \/ / \ \.___| |  \  /\  /   
|_______/ \.__./[_]  [__|  \_] \.__./[___]\.__./  \  /   \.____./    \/  \/    
                                                  / /                          
                                                 /_/                           
 --------------------------------------------------------------------------------
 Please cite the main BerkeleyGW paper when using results from this calculation:

 Jack Deslippe, Georgy Samsonidze, David A. Strubbe, Manish Jain, Marvin L.
 Cohen, and Steven G. Louie, "BerkeleyGW: A Massively Parallel Computer Package
 for the Calculation of the Quasiparticle and Optical Properties of Materials
 and Nanostructures," Comput. Phys. Commun. 183, 1269 (2012)

 Aditionally, PLEASE CITE ALL PAPERS REPORTED AT THE END OF THIS CALCULATION.
 --------------------------------------------------------------------------------

 Running MPI version (parallel)
 Running with 2412 MPI task(s)
 Using OpenMP. Number of threads per MPI task: 2

 Compilation flags:
 - Compiler: GNU
 - Para. flags: MPI, OMP
 - Math  flags: USESCALAPACK, UNPACKED, USEFFTW3, HDF5
 - Debug flags: 

 Running with verbosity level 1 (default).

 Using the Generalized Plasmon Pole model

 We are communicating via MPI

 Using Collectives (MPI_BCast) Communication Scheme

 Computing CH as a partial sum over empty bands with the static remainder

 Running with semiconductor screening

 We are using a truncated Coulomb interaction: cell wire
 Cutoff for Monte-Carlo average of Coulomb potential: 1.000E-012 Ry

 Reading exchange-correlation matrix elements from vxc.dat file

 Treating W within the Hybertsen-Louie Generalized Plasmon Pole model

 Memory available: 12821.7 MB per PE

 Read from eps0mat.h5:
 - Number of G-vectors in the charge-density grid: 11053081
 - Max. number of G-vectors for dielectric matrices: 123471
 - Cutoff of the dielectric matrix (Ry): 12.000
 - Number of imaginary frequencies: 0
 - Total number of frequencies: 1
 - Frequency dependence: 0
 - Number of q-points: 1
 - Q grid: 1 1 2

 Read from epsmat.h5:
 - Number of G-vectors in the charge-density grid: 11053081
 - Max. number of G-vectors for dielectric matrices: 123668
 - Cutoff of the dielectric matrix: 12.000
 - Number of imaginary frequencies: 0
 - Total number of frequencies: 1
 - Frequency dependence: 0
 - Number of q-points: 1
 - Q grid: 1 1 2

 Reading header of WFN_inner
 Highest occupied band (unshifted grid) = 731
 Valence max    (unshifted grid) = -3.333186 eV
 Conduction min (unshifted grid) = -2.490297 eV
 Middle energy  (unshifted grid) = -2.911741 eV
 Fermi  energy  (unshifted grid) = -2.911741 eV


 Calculation parameters:
 - Cutoff of the bare Coulomb interaction (Ry): 60.00
 - Cutoff of the screened Coulomb interaction (Ry): 12.00
 - Number of G-vectors up to the bare int. cutoff: 1381955
 - Number of G-vectors up to the screened int. cutoff: 123471
 - Total number of bands in the calculation: 4824
 - Number of fully occupied valence bands: 731
 - Number of partially occ. conduction bands: 0

 Memory required for execution: 2485.5 MB per PE
 Memory required for vcoul: 162.2 MB per PE

 Number of electrons per unit cell (from ifmax) = 1462.000000
 Number of electrons per unit cell (from occupations) = 1462.000000
 Plasma Frequency = .646097 Ry

 Q-grid symmetries are being used.

 Parallelization report:
 - Using 2412 processor(s), 1 pool(s), 2412 processor(s) per pool.
 - Each pool is computing 22 diagonal sigma matrix element(s).
 - Each pool is computing 0 off-diagonal sigma matrix element(s).
 - Each processor is holding 2 band(s).


 Started reading wavefunctions (WFN_inner) with 9648 state(s) at 13:30:34.
 [ 13:30:35 |   0% ] state    1 / 9648.
 [ 13:30:35 |   0% ] state    3 / 9648, remaining: 559 s.
 [ 13:31:27 |  10% ] state  965 / 9648, remaining: 466 s.
 [ 13:32:19 |  20% ] state 1930 / 9648, remaining: 414 s.
 [ 13:33:11 |  30% ] state 2895 / 9648, remaining: 363 s.
 [ 13:34:02 |  40% ] state 3860 / 9648, remaining: 311 s.
 [ 13:34:55 |  50% ] state 4824 / 9648, remaining: 260 s.
 [ 13:35:46 |  60% ] state 5789 / 9648, remaining: 208 s.
 [ 13:36:36 |  70% ] state 6754 / 9648, remaining: 155 s.
 [ 13:37:25 |  80% ] state 7719 / 9648, remaining: 102 s.
 [ 13:38:12 |  90% ] state 8684 / 9648, remaining: 51 s.
 [ 13:38:59 | 100% ] state 9648 / 9648, remaining: 0 s.
 Finished reading wavefunctions (WFN_inner) at 13:39:01.
 Elapsed time: 507 s.


 Scissors parameters:
 - Valence:    es =   0.0000 eV, e0 =   0.0000 eV, edel =   0.0000
 - Conduction: es =   0.0000 eV, e0 =   0.0000 eV, edel =   0.0000

 Scissors parameters (outer):
 - Valence:    es =   0.0000 eV, e0 =   0.0000 eV, edel =   0.0000
 - Conduction: es =   0.0000 eV, e0 =   0.0000 eV, edel =   0.0000


 Data for sum rule:
 - rho(0,1) = 1462.000000 electrons
 - wp = 8.790598 eV

 Number of bands to compute diagonal self-energy matrix elements: 22
 Bands:
 - 711
 - 712
 - 713
 - 714
 - 715
 - 716
 - 717
 - 718
 - 719
 - 720
 - 721
 - 722
 - 723
 - 724
 - 725
 - 726
 - 727
 - 728
 - 729
 - 730
 - 731
 - 732
 Number of off-diagonal bands to compute self-energy matrix elements: 0

 GPU acceleration is : DISABLED

 Algorithms used:
 - mtxel     : CPU_ALGO
 - sigma_gpp : CPU_ALGO

 Total number of frequencies in the dielectric matrix: 1
 Number of imag. frequencies in the dielectric matrix: 0


 Started reading eps0mat.h5 with 1 q-point(s) at 13:39:02.
 [ 13:39:02 |   0% ] q-point 1 / 1.
 Finished reading eps0mat.h5 at 13:41:30.
 Elapsed time: 149 s.


 Started reading epsmat.h5 with 1 q-point(s) at 13:41:31.
 [ 13:41:31 |   0% ] q-point 1 / 1.
 Finished reading epsmat.h5 at 13:43:50.
 Elapsed time: 139 s.

 Number of k-points in WFN_inner: 2
 Number of k-points in the full BZ of WFN_inner: 2

================================================================================
 13:43:50   Dealing with k =  0.000000  0.000000  0.000000                 1 / 1
================================================================================

 Reading vxc.dat
 Number of q-points in the irreducible BZ(k) (nrq): 2

 Started calculating Sigma with 44 block(s) at 13:43:50.
 [ 13:43:54 |   0% ] block  1 / 44.
 [ 14:09:06 |   5% ] block  3 / 44, remaining: 31090 s.
 [ 14:31:47 |   9% ] block  5 / 44, remaining: 28015 s.
 [ 15:17:21 |  18% ] block  9 / 44, remaining: 24868 s.
 [ 16:14:22 |  30% ] block 14 / 44, remaining: 21328 s.
 [ 16:59:55 |  39% ] block 18 / 44, remaining: 18544 s.
 [ 17:57:00 |  50% ] block 23 / 44, remaining: 15100 s.
 [ 18:42:45 |  59% ] block 27 / 44, remaining: 12354 s.
 [ 19:28:34 |  68% ] block 31 / 44, remaining: 9611 s.
 [ 20:25:55 |  80% ] block 36 / 44, remaining: 6181 s.
 [ 21:11:39 |  89% ] block 40 / 44, remaining: 3433 s.
 Finished calculating Sigma at 22:09:02.
 Elapsed time: 30311 s.

 Unsymmetrized values for ik =   1 spin = 1

     n      Emf       Eo      Vxc        X     SX-X       CH      Cor      Sig
   711   -4.715   -4.715  -13.813  -15.282    8.928   -8.223    0.705  -14.577
   712   -4.644   -4.644  -13.712  -15.137    8.849   -8.174    0.675  -14.462
   713   -4.621   -4.621  -13.801  -15.131    8.831   -8.218    0.613  -14.518
   714   -4.572   -4.572  -13.924  -15.285    8.918   -8.297    0.622  -14.663
   715   -4.560   -4.560  -13.916  -15.279    8.914   -8.292    0.622  -14.657
   716   -4.411   -4.411  -13.482  -14.955    8.743   -8.078    0.665  -14.290
   717   -4.325   -4.325  -13.862  -14.953    8.695   -8.271    0.425  -14.529
   718   -4.309   -4.309  -13.710  -14.943    8.694   -8.178    0.516  -14.427
   719   -4.170   -4.170  -13.843  -14.619    8.444   -8.269    0.175  -14.444
   720   -4.129   -4.129  -13.812  -14.614    8.437   -8.253    0.184  -14.430
   721   -4.087   -4.087  -13.957  -14.701    8.482   -8.346    0.136  -14.565
   722   -4.066   -4.066  -13.207  -14.687    8.508   -7.891    0.617  -14.070
   723   -4.032   -4.032  -13.898  -14.525    8.343   -8.318    0.025  -14.500
   724   -4.010   -4.010  -13.348  -14.575    8.410   -7.981    0.428  -14.147
   725   -3.894   -3.894  -13.597  -14.458    8.342   -8.149    0.193  -14.265
   726   -3.826   -3.826  -13.938  -14.321    8.204   -8.345   -0.141  -14.462
   727   -3.760   -3.760  -13.920  -14.289    8.186   -8.339   -0.152  -14.442
   728   -3.723   -3.723  -13.877  -14.249    8.168   -8.320   -0.152  -14.402
   729   -3.555   -3.555  -13.302  -14.145    8.227   -8.071    0.156  -13.989
   730   -3.390   -3.390  -13.982  -13.858    7.842   -8.397   -0.554  -14.412
   731   -3.333   -3.333  -13.989  -13.800    7.802   -8.401   -0.599  -14.399
   732   -2.490   -2.490  -13.818  -10.816    6.376   -8.413   -2.037  -12.853

 Symmetrized values from band-averaging:

       k =  0.000000  0.000000  0.000000 ik =   1 spin = 1

     n      Emf       Eo      Vxc        X      Cor     Eqp0     Eqp1      Znk
   711   -4.715   -4.715  -13.813  -15.282    0.705   -5.479   -5.352    0.834
   712   -4.644   -4.644  -13.712  -15.137    0.675   -5.395   -5.271    0.835
   713   -4.621   -4.621  -13.801  -15.131    0.613   -5.337   -5.220    0.836
   714   -4.572   -4.572  -13.924  -15.285    0.622   -5.311   -5.190    0.835
   715   -4.560   -4.560  -13.916  -15.279    0.622   -5.301   -5.179    0.835
   716   -4.411   -4.411  -13.482  -14.955    0.665   -5.219   -5.085    0.834
   717   -4.325   -4.325  -13.862  -14.953    0.425   -4.992   -4.883    0.836
   718   -4.309   -4.309  -13.710  -14.943    0.516   -5.025   -4.907    0.835
   719   -4.170   -4.170  -13.843  -14.619    0.175   -4.771   -4.673    0.838
   720   -4.129   -4.129  -13.812  -14.614    0.184   -4.747   -4.647    0.837
   721   -4.087   -4.087  -13.957  -14.701    0.136   -4.695   -4.596    0.837
   722   -4.066   -4.066  -13.207  -14.687    0.617   -4.930   -4.786    0.834
   723   -4.032   -4.032  -13.898  -14.525    0.025   -4.634   -4.537    0.838
   724   -4.010   -4.010  -13.348  -14.575    0.428   -4.808   -4.677    0.835
   725   -3.894   -3.894  -13.597  -14.458    0.193   -4.562   -4.453    0.836
   726   -3.826   -3.826  -13.938  -14.321   -0.141   -4.350   -4.265    0.838
   727   -3.760   -3.760  -13.920  -14.289   -0.152   -4.282   -4.197    0.838
   728   -3.723   -3.723  -13.877  -14.249   -0.152   -4.248   -4.163    0.838
   729   -3.555   -3.555  -13.302  -14.145    0.156   -4.242   -4.128    0.834
   730   -3.390   -3.390  -13.982  -13.858   -0.554   -3.820   -3.751    0.839
   731   -3.333   -3.333  -13.989  -13.800   -0.599   -3.743   -3.677    0.839
   732   -2.490   -2.490  -13.818  -10.816   -2.037   -1.525   -1.684    0.835

================================================================================

    n = band index.
  Emf = "inner" mean-field energy eigenvalue used to construct Sigma(E),
        read from WFN_inner.
   Eo = "outer" mean-field energy eigenvalue where we center the evaluation
        frequency grid {E} of Sigma(E). Defaults to Emf, unless
        you use WFN_outer and eqp_outer.dat / scissors_outer.
  Vxc = exchange-correlation pot., calculated from VXC or read from vxc.dat.
  KIH = Kinetic energy + Ionic potential + Hartree, read from kih.dat.
    X = bare exchange.
   SX = screened exchange contrib. to Sigma(E) at energy E=Eo
   CH = Coulomb hole contrib. to Sigma(E) at energy E=Eo
  Cor = SX-X + CH = correlation portion of Sigma(E) at energy E=Eo.
  Sig = X + Cor = self energy, Sigma(E), at energy E=Eo.
 Eqp0 = on-shell QP energy = Emf - Vxc + Sig(Eo)
        Eqp0 is *not* the recommended quantity to use for QP properties.
 Eqp1 = off-shell solution to the linearized  Dyson`s equation
      = Eqp0 + (dSig/dE) / (1 - dSig/dE) * (Eqp0 - Eo),
        or a full linear interpolation if more freq. points where computed.
        Eqp1 is the recommended quantity to use for QP properties.
  Znk = quasiparticle renormalization factor

 Notes on the static remainder:
 - Unprimed values, such as Eqp0, are evaluated WITH the static remainder
 - Primed values, such as Eqp0`, are evaluated WITHOUT the static remainder

 Notes on the finite_difference_form from sigma.inp file:
   none    : -2 => dSig/dE = 0 (skip the expansion)
   backward: -1 => dSig/dE = (Sig(Eo) - Sig(Eo-dE)) / dE
   central :  0 => dSig/dE = (Sig(Eo+dE) - Sig(Eo-dE)) / (2*dE)
   forward :  1 => dSig/dE = (Sig(Eo+dE) - Sig(Eo)) / dE
   default :  2 => forward for diagonal and none for off-diagonal
   dE is finite_difference_spacing from Sigma.inp file.
   We are using the form #2 with dE = 1.000 eV.

 General notes:
 - All energies are reported here in eV.
 - Both Emf and Vxc contain the average pot. Vxc0, so Vxc0 doesn`t affect Sigma.
 - Eqp1 and Eqp0 are Eqs. (36-37) from Hybertsen & Louie PRB 34 5390.
 - We recommend you use Eqp1 for QP properties of materials.

================================================================================


********************************************************************************
*                                                                              *
* Your calculation employed methods and algorithms published in peer-reviewed  *
* papers. Please, cite the following references to give proper credit to their *
*          authors and help support future development of BerkeleyGW.          *
*                                                                              *
********************************************************************************

 J. Deslippe, G. Samsonidze, D. A. Strubbe, M. Jain, M. L. Cohen, and S. G.
 Louie, BerkeleyGW: A Massively Parallel Computer Package for the Calculation
 of the Quasiparticle and Optical Properties of Materials and Nanostructures,
 Computer Physics Communications 183, 1269 (2012).

 M. S. Hybertsen and S. G. Louie, Electron Correlation in Semiconductors and
 Insulators: Band Gaps and Quasiparticle Energies, Phys. Rev. B 34, 5390
 (1986).

 S. Ismail-Beigi, Truncation of Periodic Image Interactions for Confined
 Systems, Phys. Rev. B 73, 233103 (2006).

 M. Del Ben, F. H. da Jornada, A. Canning, N. Wichmann, K. Raman, R. Sasanka,
 C. Yang, S. G. Louie, and J. Deslippe, Large-Scale GW Calculations on Pre-
 Exascale HPC Systems, Computer Physics Communications 235, 187 (2019).

********************************************************************************

 
 Timing information
 
                                CPU time (s)          WALL time (s)       Number
 Routine                       min        max        min        max     of calls
 -------------------------  ---------  ---------  ---------  ---------  --------
 - Epscopy Comm                  0.06       0.73       0.03       0.37         2
 - Input I/O                    12.57     161.36      12.59     161.40     10005
 - Input Comm                  296.75     495.46     310.00     495.52     10005
 - FFT Zero                     13.74     134.20       6.88      67.20       176
 - FFT Put                       6.01      32.16       3.00      20.61       176
 - FFT Plan                      0.15       0.34       0.07       0.17       288
 - FFT Exec                    197.88     519.99      98.95     262.87       288
 - FFT Mltply                   10.05      87.53       5.03      43.78       110
 - FFT Conjg                     3.95      37.46       1.98      18.74        66
 - FFT Get                       5.28      34.17       2.65      22.64       110
 - I/O TOTAL                   775.89     799.56     796.34     799.48         8
 - INPUT                       495.09     513.10     510.72     513.15         1
 - EPSCOPY                     277.91     288.59     288.17     288.36         1
 - FULLBZ                        0.00       0.01       0.00       0.21         2
 - VXC                           0.00       0.01       0.00       0.25         2
 - MTXEL_CH                     55.60     175.91      27.80      88.88        22
 - SUBGRP                        0.00       0.00       0.00       0.00         1
 - IRRBZ                         0.00       0.00       0.00       0.00         1
 - GMAP                          0.15       0.69       0.15       0.69         2
 - GENWF                         2.00       5.09       2.00       5.09         2
 - MTXEL                       184.57     635.61      92.30     323.38        44
 - MTXEL_COR TOT             47489.97   59363.02   29889.20   30182.66        44
 - VCOUL                         1.15       3.42       1.15       3.42         2
 - EPSREAD                       0.56       0.94       0.57       0.94         2
 - INPUT_OUTER                   0.00       2.24       0.00       2.24         1
 - MTXEL COMM                    0.00       0.00       0.00       0.00         2
 - BARE X                        0.00       2.79       0.00       2.62        45
 - WF COMM                       0.00       0.00       0.00       0.00         1
 - INPUT (READ)                453.50     508.68     470.64     508.73     10003
 - INPUT (WRITE)                 0.02       0.10       0.02       0.10      9648
 - SUB-TRANSF TOT                0.00       0.00       0.00       0.00        44
 - M.COR INIT                    1.94      11.98       1.02       6.03        44
 - M.COR EPSINIT                93.08     227.43      46.59     115.64        44
 - M.COR COMM                 1833.17   14464.79    1080.84   13555.42    106128
 - M.COR PP PREP                80.04     173.36      40.13      87.41      2288
 - M.COR SX+CH               29816.53   38621.34   14907.52   19314.96    212256
 - M.COR REMAIN               2769.12   19666.92    1492.20    9933.97    212256
 - READ NEPS                     0.00       0.75       0.00       0.75         1
 - EPSCOPY IO                  276.89     287.87     287.32     287.65         2
 - EQP LOOP TOTAL            47752.68   60134.00   30311.07   30311.30         1
 - TOTAL                     48554.13   60935.59   31112.94   31113.05         1
 
 Job Done
 
