
 frequency_dependence   1

 band_index   711   732
 sigma_matrix     0   0

 finite_difference_form   2
 finite_difference_spacing  1.000000

 symmetries
 ntran  =  1
 mtrx01 =  1  0  0  0  1  0  0  0  1

       k =  0.000000  0.000000  0.000000 ik =   1 spin = 1

   n            Emf             Eo              X           SX-X             CH            Sig            Vxc           Eqp0           Eqp1            CH`           Sig`          Eqp0`          Eqp1`            Znk
 711   -4.714616774   -4.714616774  -15.282493875    8.927916574   -8.222596477  -14.577173778  -13.813078404   -5.478712148   -5.351761131   -7.221168122  -13.575745423   -4.477283793   -4.516715602    0.833854489
 712   -4.644016876   -4.644016876  -15.137249494    8.848547724   -8.173566699  -14.462268469  -13.711643624   -5.394641721   -5.270796646   -7.178320902  -13.467022672   -4.399395924   -4.439755766    0.835010690
 713   -4.620776379   -4.620776379  -15.130500100    8.831013493   -8.218157124  -14.517643732  -13.800929086   -5.337491025   -5.219713949   -7.215424496  -13.514911104   -4.334758397   -4.381759476    0.835670895
 714   -4.571876216   -4.571876216  -15.285182241    8.918360087   -8.296622326  -14.663444480  -13.923871485   -5.311449211   -5.189602572   -7.275945577  -13.642767731   -4.290772462   -4.337085061    0.835247312
 715   -4.560097760   -4.560097760  -15.279435943    8.914405533   -8.292001753  -14.657032163  -13.916259973   -5.300869950   -5.178714547   -7.271386692  -13.636417102   -4.280254889   -4.326401760    0.835097208
 716   -4.411049424   -4.411049424  -14.954780029    8.742963217   -8.078142560  -14.289959372  -13.481776538   -5.219232259   -5.084727902   -7.084791753  -13.296608566   -4.225881452   -4.256698611    0.833571871
 717   -4.324908694   -4.324908694  -14.953241888    8.695415935   -8.270762913  -14.528588866  -13.861735171   -4.991762389   -4.882512980   -7.248083308  -13.505909261   -3.969082784   -4.027377085    0.836171848
 718   -4.308843817   -4.308843817  -14.942690640    8.694097122   -8.177979133  -14.426572651  -13.710059621   -5.025356847   -4.907271720   -7.168474749  -13.417068267   -4.015852463   -4.064138984    0.835194724
 719   -4.169565529   -4.169565529  -14.619335293    8.444413057   -8.269485905  -14.444408141  -13.843042051   -4.770931619   -4.673235251   -7.240577594  -13.415499830   -3.742023308   -3.811480703    0.837542606
 720   -4.128637729   -4.128637729  -14.614299707    8.436916945   -8.253066297  -14.430449059  -13.811749449   -4.747337339   -4.646680855   -7.223186591  -13.400569353   -3.717457633   -3.784352685    0.837309606
 721   -4.087106781   -4.087106781  -14.700816783    8.482150122   -8.346476984  -14.565143644  -13.956906521   -4.695343904   -4.596364239   -7.296746179  -13.515412840   -3.645613100   -3.717458265    0.837267965
 722   -4.066409706   -4.066409706  -14.687484285    8.507556036   -7.890508172  -14.070436421  -13.206637967   -4.930208160   -4.786448902   -6.906524946  -13.086453196   -3.946224934   -3.966226907    0.833573148
 723   -4.031987472   -4.031987472  -14.524905491    8.342611857   -8.318005683  -14.500299317  -13.897845418   -4.634441371   -4.536594047   -7.270141177  -13.452434811   -3.586576865   -3.658918061    0.837585376
 724   -4.009585316   -4.009585316  -14.574921962    8.409645211   -7.981353470  -14.146630221  -13.347778983   -4.808436555   -4.676516747   -6.981866648  -13.147143399   -3.808949732   -3.842082068    0.834863112
 725   -3.894202911   -3.894202911  -14.458168433    8.342163663   -8.149337766  -14.265342537  -13.597133598   -4.562411850   -4.452954027   -7.123551057  -13.239555827   -3.536625140   -3.595199161    0.836192220
 726   -3.826158807   -3.826158807  -14.320525689    8.203512364   -8.344615153  -14.461628479  -13.937822335   -4.349964951   -4.265312219   -7.287101142  -13.404114468   -3.292450940   -3.378703898    0.838389196
 727   -3.760039942   -3.760039942  -14.289387322    8.186219640   -8.338692904  -14.441860586  -13.920302611   -4.281597917   -4.197252504   -7.281872008  -13.385039690   -3.224777021   -3.311338773    0.838281807
 728   -3.723074073   -3.723074073  -14.249407914    8.168007031   -8.320191323  -14.401592206  -13.877132168   -4.247534111   -4.162557087   -7.265256222  -13.346657106   -3.192599011   -3.278550635    0.837972356
 729   -3.554647455   -3.554647455  -14.144776500    8.226824649   -8.070939860  -13.988891711  -13.301889555   -4.241649611   -4.127772064   -7.049749003  -12.967700854   -3.220458754   -3.275853906    0.834239899
 730   -3.390230022   -3.390230022  -13.858051899    7.842140012   -8.396582495  -14.412494381  -13.982286694   -3.820437709   -3.751244578   -7.310445962  -13.326357849   -2.734301176   -2.839798525    0.839163426
 731   -3.333186241   -3.333186241  -13.800078920    7.802226828   -8.401267830  -14.399119921  -13.989137079   -3.743169083   -3.677198711   -7.312340508  -13.310192600   -2.654241761   -2.763490772    0.839089920
 732   -2.490296587   -2.490296587  -10.815774647    6.376364731   -8.413163470  -12.852573387  -13.817882853   -1.524987121   -1.684034308   -7.292408113  -11.731818030   -0.404231764   -0.747937854    0.835237100


================================================================================

    n = band index.
  Emf = "inner" mean-field energy eigenvalue used to construct Sigma(E),
        read from WFN_inner.
   Eo = "outer" mean-field energy eigenvalue where we center the evaluation
        frequency grid {E} of Sigma(E). Defaults to Emf, unless
        you use WFN_outer and eqp_outer.dat / scissors_outer.
  Vxc = exchange-correlation pot., calculated from VXC or read from vxc.dat.
  KIH = Kinetic energy + Ionic potential + Hartree, read from kih.dat.
    X = bare exchange.
   SX = screened exchange contrib. to Sigma(E) at energy E=Eo
   CH = Coulomb hole contrib. to Sigma(E) at energy E=Eo
  Cor = SX-X + CH = correlation portion of Sigma(E) at energy E=Eo.
  Sig = X + Cor = self energy, Sigma(E), at energy E=Eo.
 Eqp0 = on-shell QP energy = Emf - Vxc + Sig(Eo)
        Eqp0 is *not* the recommended quantity to use for QP properties.
 Eqp1 = off-shell solution to the linearized  Dyson`s equation
      = Eqp0 + (dSig/dE) / (1 - dSig/dE) * (Eqp0 - Eo),
        or a full linear interpolation if more freq. points where computed.
        Eqp1 is the recommended quantity to use for QP properties.
  Znk = quasiparticle renormalization factor

 Notes on the static remainder:
 - Unprimed values, such as Eqp0, are evaluated WITH the static remainder
 - Primed values, such as Eqp0`, are evaluated WITHOUT the static remainder

 Notes on the finite_difference_form from sigma.inp file:
   none    : -2 => dSig/dE = 0 (skip the expansion)
   backward: -1 => dSig/dE = (Sig(Eo) - Sig(Eo-dE)) / dE
   central :  0 => dSig/dE = (Sig(Eo+dE) - Sig(Eo-dE)) / (2*dE)
   forward :  1 => dSig/dE = (Sig(Eo+dE) - Sig(Eo)) / dE
   default :  2 => forward for diagonal and none for off-diagonal
   dE is finite_difference_spacing from Sigma.inp file.
   We are using the form #2 with dE = 1.000 eV.

 General notes:
 - All energies are reported here in eV.
 - Both Emf and Vxc contain the average pot. Vxc0, so Vxc0 doesn`t affect Sigma.
 - Eqp1 and Eqp0 are Eqs. (36-37) from Hybertsen & Louie PRB 34 5390.
 - We recommend you use Eqp1 for QP properties of materials.

================================================================================

