
 frequency_dependence   1

 band_index   711   751
 sigma_matrix     0   0

 finite_difference_form   2
 finite_difference_spacing  1.000000

 symmetries
 ntran  =  1
 mtrx01 =  1  0  0  0  1  0  0  0  1

       k =  0.000000  0.000000  0.500000 ik =   2 spin = 1

   n            Emf             Eo              X           SX-X             CH            Sig            Vxc           Eqp0           Eqp1            CH`           Sig`          Eqp0`          Eqp1`            Znk
 711   -4.603751758   -4.603751758  -15.236519188    8.892653207   -8.260041668  -14.603907649  -13.865861531   -5.341797876   -5.220026902   -7.247440403  -13.591306384   -4.329196611   -4.374495742    0.835008990
 712   -4.565531766   -4.565531766  -15.233824149    8.888185391   -8.244817938  -14.590456696  -13.840644256   -5.315344207   -5.191215290   -7.232737416  -13.578376174   -4.303263684   -4.346681279    0.834453378
 713   -4.549970851   -4.549970851  -15.216996150    8.883389982   -8.265988026  -14.599594193  -13.875893854   -5.273671190   -5.154533217   -7.251966986  -13.585573154   -4.259650151   -4.307443717    0.835376651
 714   -4.544675002   -4.544675002  -15.191432663    8.873342167   -8.236448040  -14.554538537  -13.827617329   -5.271596210   -5.152098183   -7.227696235  -13.545786731   -4.262844404   -4.309174323    0.835610758
 715   -4.511575857   -4.511575857  -14.955574392    8.681765262   -8.243183962  -14.516993092  -13.810030456   -5.218538493   -5.101979732   -7.228596682  -13.502405813   -4.203951213   -4.254670085    0.835127411
 716   -4.490998711   -4.490998711  -14.939359056    8.670560936   -8.249200611  -14.517998730  -13.817745795   -5.191251646   -5.076166023   -7.232413515  -13.501211634   -4.174464550   -4.226486511    0.835651352
 717   -4.461981353   -4.461981353  -15.002534521    8.715807232   -8.283472502  -14.570199791  -13.877718456   -5.154462689   -5.040997742   -7.259893356  -13.546620646   -4.130883543   -4.185134818    0.836147285
 718   -4.406198036   -4.406198036  -14.884169064    8.647257637   -8.226846570  -14.463757996  -13.783762916   -5.086193116   -4.975116579   -7.213284659  -13.450196085   -4.072631205   -4.127119024    0.836650969
 719   -4.397100167   -4.397100167  -14.873004449    8.639070466   -8.239508940  -14.473442924  -13.813819570   -5.056723521   -4.949092307   -7.224918728  -13.458852712   -4.042133309   -4.100053505    0.836829286
 720   -4.226430983   -4.226430983  -14.758372389    8.592556872   -7.896040067  -14.061855585  -13.187217202   -5.101069366   -4.955254143   -6.921178967  -13.086994484   -4.126208265   -4.142916883    0.833285131
 721   -4.072405216   -4.072405216  -14.703788699    8.537068223   -7.957604612  -14.124325088  -13.311330318   -4.885399987   -4.750729886   -6.969324331  -13.136044808   -3.897119706   -3.926155215    0.834353054
 722   -4.056001610   -4.056001610  -14.643900191    8.458182332   -8.299695481  -14.485413340  -13.883390413   -4.658024537   -4.560222041   -7.261371525  -13.447089384   -3.619700581   -3.690580489    0.837543568
 723   -3.955442638   -3.955442638  -14.404458229    8.275830568   -8.308008906  -14.436636567  -13.888805793   -4.503273412   -4.414535295   -7.263496607  -13.392124268   -3.458761113   -3.539214029    0.838019109
 724   -3.945636152   -3.945636152  -14.541407265    8.396330515   -8.000482521  -14.145559271  -13.388140629   -4.703054795   -4.578242924   -6.998841026  -13.143917776   -3.701413299   -3.741657768    0.835214156
 725   -3.888995240   -3.888995240  -14.474599131    8.334981071   -8.202995625  -14.342613685  -13.705230576   -4.526378349   -4.422510407   -7.168002529  -13.307620589   -3.491385254   -3.556179772    0.837040014
 726   -3.852202543   -3.852202543  -14.438936527    8.285209053   -8.370616076  -14.524343551  -13.982477775   -4.394068318   -4.306395406   -7.307927647  -13.461655121   -3.331379889   -3.415648063    0.838201789
 727   -3.650054768   -3.650054768  -14.220817656    8.193951244   -8.193396825  -14.220263238  -13.597174163   -4.273143843   -4.170898772   -7.151735700  -13.178602113   -3.231482718   -3.300167807    0.835906173
 728   -3.624838170   -3.624838170  -14.118772845    8.035789679   -8.376772874  -14.459756041  -13.959744660   -4.124849551   -4.044131953   -7.302336903  -13.385320069   -3.050413579   -3.143143815    0.838568478
 729   -3.521537158   -3.521537158  -13.971825279    8.016608768   -8.282982363  -14.238198874  -13.715219284   -4.044516747   -3.959348173   -7.224939239  -13.180155749   -2.986473623   -3.073610099    0.837147422
 730   -3.488074735   -3.488074735  -13.952417685    7.922335773   -8.372823040  -14.402904952  -13.956950320   -3.934029367   -3.862245950   -7.297636822  -13.327718734   -2.858843149   -2.960127876    0.839034262
 731   -3.420343792   -3.420343792  -13.941377657    7.936040009   -8.323409212  -14.328746860  -13.853016714   -3.896073938   -3.819116960   -7.253380220  -13.258717868   -2.826044947   -2.922182313    0.838233968
 732   -2.447824846   -2.447824846  -10.327361995    6.092876579   -8.344814184  -12.579299600  -13.584307971   -1.442816475   -1.610269245   -7.237430499  -11.471915916   -0.335432790   -0.687395929    0.833381716
 733   -2.304594719   -2.304594719  -11.000635632    6.430876336   -8.496402908  -13.066162205  -14.053591786   -1.317165138   -1.479024541   -7.348374251  -11.918133548   -0.169136481   -0.519180679    0.836080055
 734   -2.282270707   -2.282270707  -10.947236081    6.399335528   -8.486789526  -13.034690079  -14.034141853   -1.282818932   -1.446672015   -7.340115161  -11.888015713   -0.136144567   -0.487986840    0.836057039
 735   -2.198983684   -2.198983684  -10.785896518    6.306719701   -8.489003971  -12.968180788  -14.013043631   -1.154120840   -1.326837484   -7.346301087  -11.825477904   -0.011417957   -0.373024280    0.834699219
 736   -2.177514038   -2.177514038  -10.637935456    6.202903588   -8.477306587  -12.912338455  -13.967998276   -1.121854217   -1.296762169   -7.336094388  -11.771126255    0.019357983   -0.344632745    0.834314096
 737   -1.972782891   -1.972782891  -10.476070929    6.046144287   -8.486085378  -12.916012020  -14.003453204   -0.885341708   -1.064792170   -7.333314203  -11.763240846    0.267429467   -0.102252269    0.834979155
 738   -1.900967021   -1.900967021  -10.335943746    5.955830589   -8.476448245  -12.856561401  -13.959097345   -0.798431077   -0.980776151   -7.321180534  -11.701293690    0.356836634   -0.016574662    0.834613034
 739   -1.786183679   -1.786183679  -10.481207160    6.033982748   -8.545688478  -12.992912889  -14.094213609   -0.684882959   -0.867321077   -7.367836664  -11.815061075    0.492968855    0.115411398    0.834343050
 740   -1.766613860   -1.766613860  -10.177384845    5.816215541   -8.453069856  -12.814239160  -13.937046559   -0.643806460   -0.829925001   -7.287780194  -11.648949498    0.521483201    0.142204185    0.834238231
 741   -1.747228470   -1.747228470  -10.144403297    5.800848577   -8.448388548  -12.791943268  -13.919839836   -0.619331902   -0.806480281   -7.283551624  -11.627106345    0.545505021    0.165078865    0.834073102
 742   -1.722868806   -1.722868806  -10.136121309    5.809605477   -8.488789043  -12.815304876  -13.954054734   -0.584118948   -0.773149038   -7.322877348  -11.649393180    0.581792747    0.199223759    0.834002095
 743   -1.613000855   -1.613000855   -9.074539972    5.096162732   -8.352939565  -12.331316805  -13.600655148   -0.343662512   -0.555146386   -7.236716167  -11.215093407    0.772560886    0.375103548    0.833390463
 744   -1.602249133   -1.602249133   -9.155499209    5.146951430   -8.366928866  -12.375476644  -13.639951860   -0.337773917   -0.548439401   -7.244284199  -11.252831977    0.784870750    0.387169191    0.833396906
 745   -1.583422510   -1.583422510   -9.651743326    5.456012120   -8.455059036  -12.650790242  -13.880120430   -0.354092322   -0.559135898   -7.295646073  -11.491377279    0.805320641    0.406895188    0.833207077
 746   -1.580256030   -1.580256030   -9.606303574    5.427083127   -8.443755494  -12.622975940  -13.857586661   -0.345645309   -0.551525074   -7.287458713  -11.466679160    0.810651471    0.411951326    0.833243175
 747   -1.575229240   -1.575229240   -9.298175224    5.229563280   -8.387505379  -12.456117323  -13.714527924   -0.316818640   -0.527348933   -7.251824169  -11.320436113    0.818862570    0.418334434    0.832701430
 748   -1.573645720   -1.573645720   -9.412454829    5.302552049   -8.405206226  -12.515109006  -13.764107306   -0.324647420   -0.534107895   -7.262732069  -11.372634850    0.817826736    0.416770181    0.832297230
 749   -1.563958692   -1.563958692   -9.246751970    5.198674946   -8.386366191  -12.434443215  -13.694264318   -0.304137590   -0.514770723   -7.252577866  -11.300654890    0.829650736    0.429456254    0.832807108
 750   -1.520280697   -1.520280697   -9.445604991    5.347469170   -8.407986202  -12.506122022  -13.739907417   -0.286495302   -0.494979279   -7.263756347  -11.361892167    0.857734553    0.455899615    0.831020874
 751   -1.483865227   -1.483865227   -9.691252198    5.494190558   -8.470126922  -12.667188562  -13.890006389   -0.261047400   -0.466641906   -7.307539472  -11.504601112    0.901540050    0.500477676    0.831868246


================================================================================

    n = band index.
  Emf = "inner" mean-field energy eigenvalue used to construct Sigma(E),
        read from WFN_inner.
   Eo = "outer" mean-field energy eigenvalue where we center the evaluation
        frequency grid {E} of Sigma(E). Defaults to Emf, unless
        you use WFN_outer and eqp_outer.dat / scissors_outer.
  Vxc = exchange-correlation pot., calculated from VXC or read from vxc.dat.
  KIH = Kinetic energy + Ionic potential + Hartree, read from kih.dat.
    X = bare exchange.
   SX = screened exchange contrib. to Sigma(E) at energy E=Eo
   CH = Coulomb hole contrib. to Sigma(E) at energy E=Eo
  Cor = SX-X + CH = correlation portion of Sigma(E) at energy E=Eo.
  Sig = X + Cor = self energy, Sigma(E), at energy E=Eo.
 Eqp0 = on-shell QP energy = Emf - Vxc + Sig(Eo)
        Eqp0 is *not* the recommended quantity to use for QP properties.
 Eqp1 = off-shell solution to the linearized  Dyson`s equation
      = Eqp0 + (dSig/dE) / (1 - dSig/dE) * (Eqp0 - Eo),
        or a full linear interpolation if more freq. points where computed.
        Eqp1 is the recommended quantity to use for QP properties.
  Znk = quasiparticle renormalization factor

 Notes on the static remainder:
 - Unprimed values, such as Eqp0, are evaluated WITH the static remainder
 - Primed values, such as Eqp0`, are evaluated WITHOUT the static remainder

 Notes on the finite_difference_form from sigma.inp file:
   none    : -2 => dSig/dE = 0 (skip the expansion)
   backward: -1 => dSig/dE = (Sig(Eo) - Sig(Eo-dE)) / dE
   central :  0 => dSig/dE = (Sig(Eo+dE) - Sig(Eo-dE)) / (2*dE)
   forward :  1 => dSig/dE = (Sig(Eo+dE) - Sig(Eo)) / dE
   default :  2 => forward for diagonal and none for off-diagonal
   dE is finite_difference_spacing from Sigma.inp file.
   We are using the form #2 with dE = 1.000 eV.

 General notes:
 - All energies are reported here in eV.
 - Both Emf and Vxc contain the average pot. Vxc0, so Vxc0 doesn`t affect Sigma.
 - Eqp1 and Eqp0 are Eqs. (36-37) from Hybertsen & Louie PRB 34 5390.
 - We recommend you use Eqp1 for QP properties of materials.

================================================================================

