srun: Step created for StepId=33734155.1

 BerkeleyGW version 4.0
 Sigma code, Complex version, run on 10-Dec-2024 at 22:09:33 -0800

                                                                 ..o.          
                                                                .oxxo.         
                                                               .oxxxxo...      
                                                               oxxxxxxo.       
                                                              .oxxxxxxx.       
                                                              .ooooooxxo..     
                                                              .oooooooxo..     
                                                              .oooooxxo...     
                                                       .........oxooo......    
                                                 ............................  
                                             ................................. 
                                          .................................... 
           .          ..oo. ....  .................................oooxxxxxxxo.
     .............oxxxx@ox@@@x@x.....................o...........ooooooooooxx. 
    .o.........oox@x.oo........xxx@@............ooxxxxo..........ooooxxxxxoxo  
    .x........x@xxo...............o@xxo........oxxx@@@xoooooooooooooooxxxo...  
    .o......ox@@o..................oox@o.....ooxxx@xoooxxxxxxxoooooooooooo.... 
    o..ooooo@@xoooo....ooo...........x@o.....ooxxxxo   .oxxxxxxxxxxooooooo.... 
    . .oooo@@@@@@@@@@@@@@@@@@@@@@@@@@@@@@....ooooox.     .oxx@@@@@xxoo........ 
      .ooooxxxxxxxooooooxooooooooooooooxo...oooooxx.        ..ox@xxxoo.........
      .ooooooxxxx@xoooooooooooooxxoooooooooooxxxxx.            .oxxooooooooxxo.
     .oooooxxxxx@@@xxxxxxxxxxxxxxxxxxxxxxxxoxxxxo.                .oxxxxxxxxo. 
   ....oooxxxxx@@@xo..oxxx@@@@@@xxxxoxxoooooooxx.                  .oxxxoo..   
  .....ooxxxx@@xo.       ........    .ooooooooxxo                              
  ..oooxxxx@@@o                       .oooooooxoo.                             
  ....oxooxxxxx.                       .ooo..oooo.                             
  .....o.ooxxxxxo.                     .oooooooxo.                             
 ......ooooxxxxxxo.                     .ooooooxoo..                           
........ooxxxxxxxo..                     .o....oxoo...                         
.......ooooxxxxxxxo.                     ........oooo.                         
.ooooooo..ooxxxxoooo.                    .........ooo...                       
..oxo...ooooxxxoooo..                    .ooo......oooo...                     
  .ooooo....o.                            .oxxxoo....ooo....                   
    .oooooo...                              ...ooooo...ooo..                   
       ...                                     .oo.......                      
                                               ....ooo...                      
                      __              __                                       
 ______              [  |            [  |                 ._____  _          _ 
|_   _ \              | |  _          | |                /  ___ \| |        | |
  | |_) | .---.  _. _.| | / |  .---.  | | .---.  _    _ / /    \_|\ \  /\  / / 
  |  __'./ /__\\[ /`\_| '' <  / /__\\ | |/ /__\\| \  | | |   _____ \ \/  \/ /  
 _| |__| | \__. | |   | |`\ \ | \___. | || \___. \ \/ / \ \.___| |  \  /\  /   
|_______/ \.__./[_]  [__|  \_] \.__./[___]\.__./  \  /   \.____./    \/  \/    
                                                  / /                          
                                                 /_/                           
 --------------------------------------------------------------------------------
 Please cite the main BerkeleyGW paper when using results from this calculation:

 Jack Deslippe, Georgy Samsonidze, David A. Strubbe, Manish Jain, Marvin L.
 Cohen, and Steven G. Louie, "BerkeleyGW: A Massively Parallel Computer Package
 for the Calculation of the Quasiparticle and Optical Properties of Materials
 and Nanostructures," Comput. Phys. Commun. 183, 1269 (2012)

 Aditionally, PLEASE CITE ALL PAPERS REPORTED AT THE END OF THIS CALCULATION.
 --------------------------------------------------------------------------------

 Running MPI version (parallel)
 Running with 2412 MPI task(s)
 Using OpenMP. Number of threads per MPI task: 2

 Compilation flags:
 - Compiler: GNU
 - Para. flags: MPI, OMP
 - Math  flags: USESCALAPACK, UNPACKED, USEFFTW3, HDF5
 - Debug flags: 

 Running with verbosity level 1 (default).

 Using the Generalized Plasmon Pole model

 We are communicating via MPI

 Using Collectives (MPI_BCast) Communication Scheme

 Computing CH as a partial sum over empty bands with the static remainder

 Running with semiconductor screening

 We are using a truncated Coulomb interaction: cell wire
 Cutoff for Monte-Carlo average of Coulomb potential: 1.000E-012 Ry

 Reading exchange-correlation matrix elements from vxc.dat file

 Treating W within the Hybertsen-Louie Generalized Plasmon Pole model

 Memory available: 12889.3 MB per PE

 Read from eps0mat.h5:
 - Number of G-vectors in the charge-density grid: 11053081
 - Max. number of G-vectors for dielectric matrices: 123471
 - Cutoff of the dielectric matrix (Ry): 12.000
 - Number of imaginary frequencies: 0
 - Total number of frequencies: 1
 - Frequency dependence: 0
 - Number of q-points: 1
 - Q grid: 1 1 2

 Read from epsmat.h5:
 - Number of G-vectors in the charge-density grid: 11053081
 - Max. number of G-vectors for dielectric matrices: 123668
 - Cutoff of the dielectric matrix: 12.000
 - Number of imaginary frequencies: 0
 - Total number of frequencies: 1
 - Frequency dependence: 0
 - Number of q-points: 1
 - Q grid: 1 1 2

 Reading header of WFN_inner
 Highest occupied band (unshifted grid) = 731
 Valence max    (unshifted grid) = -3.333186 eV
 Conduction min (unshifted grid) = -2.490297 eV
 Middle energy  (unshifted grid) = -2.911741 eV
 Fermi  energy  (unshifted grid) = -2.911741 eV


 Calculation parameters:
 - Cutoff of the bare Coulomb interaction (Ry): 60.00
 - Cutoff of the screened Coulomb interaction (Ry): 12.00
 - Number of G-vectors up to the bare int. cutoff: 1381955
 - Number of G-vectors up to the screened int. cutoff: 123471
 - Total number of bands in the calculation: 4824
 - Number of fully occupied valence bands: 731
 - Number of partially occ. conduction bands: 0

 Memory required for execution: 2359.0 MB per PE
 Memory required for vcoul: 162.2 MB per PE

 Number of electrons per unit cell (from ifmax) = 1462.000000
 Number of electrons per unit cell (from occupations) = 1462.000000
 Plasma Frequency = .646097 Ry

 Q-grid symmetries are being used.

 Parallelization report:
 - Using 2412 processor(s), 1 pool(s), 2412 processor(s) per pool.
 - Each pool is computing 19 diagonal sigma matrix element(s).
 - Each pool is computing 0 off-diagonal sigma matrix element(s).
 - Each processor is holding 2 band(s).


 Started reading wavefunctions (WFN_inner) with 9648 state(s) at 22:09:38.
 [ 22:09:39 |   0% ] state    1 / 9648.
 [ 22:09:39 |   0% ] state    3 / 9648, remaining: 550 s.
 [ 22:10:31 |  10% ] state  965 / 9648, remaining: 472 s.
 [ 22:11:23 |  20% ] state 1930 / 9648, remaining: 418 s.
 [ 22:12:15 |  30% ] state 2895 / 9648, remaining: 365 s.
 [ 22:13:07 |  40% ] state 3860 / 9648, remaining: 312 s.
 [ 22:13:59 |  50% ] state 4824 / 9648, remaining: 260 s.
 [ 22:14:50 |  60% ] state 5789 / 9648, remaining: 208 s.
 [ 22:15:39 |  70% ] state 6754 / 9648, remaining: 154 s.
 [ 22:16:27 |  80% ] state 7719 / 9648, remaining: 102 s.
 [ 22:17:15 |  90% ] state 8684 / 9648, remaining: 51 s.
 [ 22:18:01 | 100% ] state 9648 / 9648, remaining: 0 s.
 Finished reading wavefunctions (WFN_inner) at 22:18:02.
 Elapsed time: 504 s.


 Scissors parameters:
 - Valence:    es =   0.0000 eV, e0 =   0.0000 eV, edel =   0.0000
 - Conduction: es =   0.0000 eV, e0 =   0.0000 eV, edel =   0.0000

 Scissors parameters (outer):
 - Valence:    es =   0.0000 eV, e0 =   0.0000 eV, edel =   0.0000
 - Conduction: es =   0.0000 eV, e0 =   0.0000 eV, edel =   0.0000


 Data for sum rule:
 - rho(0,1) = 1462.000000 electrons
 - wp = 8.790598 eV

 Number of bands to compute diagonal self-energy matrix elements: 19
 Bands:
 - 733
 - 734
 - 735
 - 736
 - 737
 - 738
 - 739
 - 740
 - 741
 - 742
 - 743
 - 744
 - 745
 - 746
 - 747
 - 748
 - 749
 - 750
 - 751
 Number of off-diagonal bands to compute self-energy matrix elements: 0

 GPU acceleration is : DISABLED

 Algorithms used:
 - mtxel     : CPU_ALGO
 - sigma_gpp : CPU_ALGO

 Total number of frequencies in the dielectric matrix: 1
 Number of imag. frequencies in the dielectric matrix: 0


 Started reading eps0mat.h5 with 1 q-point(s) at 22:18:04.
 [ 22:18:04 |   0% ] q-point 1 / 1.
 Finished reading eps0mat.h5 at 22:20:36.
 Elapsed time: 152 s.


 Started reading epsmat.h5 with 1 q-point(s) at 22:20:36.
 [ 22:20:36 |   0% ] q-point 1 / 1.
 Finished reading epsmat.h5 at 22:22:58.
 Elapsed time: 143 s.

 Number of k-points in WFN_inner: 2
 Number of k-points in the full BZ of WFN_inner: 2

================================================================================
 22:22:58   Dealing with k =  0.000000  0.000000  0.000000                 1 / 1
================================================================================

 Reading vxc.dat
 Number of q-points in the irreducible BZ(k) (nrq): 2

 Started calculating Sigma with 38 block(s) at 22:22:59.
 [ 22:23:03 |   0% ] block  1 / 38.
 [ 22:45:50 |   5% ] block  3 / 38, remaining: 24661 s.
 [ 22:57:15 |   8% ] block  4 / 38, remaining: 23972 s.
 [ 23:42:52 |  18% ] block  8 / 38, remaining: 21222 s.
 [ 00:27:55 |  29% ] block 12 / 38, remaining: 18387 s.
 [ 01:13:00 |  39% ] block 16 / 38, remaining: 15633 s.
 [ 01:46:48 |  47% ] block 19 / 38, remaining: 13580 s.
 [ 02:31:54 |  58% ] block 23 / 38, remaining: 10856 s.
 [ 03:16:50 |  68% ] block 27 / 38, remaining: 8134 s.
 [ 04:01:47 |  79% ] block 31 / 38, remaining: 5419 s.
 [ 04:46:44 |  89% ] block 35 / 38, remaining: 2708 s.
 [ 05:20:29 |  97% ] block 38 / 38, remaining: 677 s.
 Finished calculating Sigma at 05:31:44.
 Elapsed time: 25725 s.

 Unsymmetrized values for ik =   1 spin = 1

     n      Emf       Eo      Vxc        X     SX-X       CH      Cor      Sig
   733   -2.399   -2.399  -14.004  -11.043    6.490   -8.469   -1.979  -13.022
   734   -2.339   -2.339  -13.721  -10.409    6.109   -8.393   -2.284  -12.693
   735   -2.032   -2.032  -14.020  -10.604    6.133   -8.489   -2.356  -12.960
   736   -2.011   -2.011  -14.000  -10.559    6.107   -8.481   -2.373  -12.933
   737   -1.952   -1.952  -14.057  -10.591    6.126   -8.518   -2.393  -12.984
   738   -1.917   -1.917  -14.032  -10.483    6.053   -8.508   -2.455  -12.938
   739   -1.841   -1.841  -14.057  -10.360    5.969   -8.527   -2.558  -12.918
   740   -1.839   -1.839  -14.072  -10.378    5.987   -8.537   -2.550  -12.928
   741   -1.800   -1.800  -13.983  -10.199    5.849   -8.489   -2.640  -12.839
   742   -1.709   -1.709  -13.870   -9.889    5.640   -8.446   -2.806  -12.695
   743   -1.689   -1.689  -13.590   -9.138    5.135   -8.332   -3.197  -12.336
   744   -1.682   -1.682  -13.688   -9.348    5.268   -8.369   -3.100  -12.448
   745   -1.665   -1.665  -13.823   -9.667    5.476   -8.424   -2.948  -12.615
   746   -1.636   -1.636  -13.657   -9.357    5.295   -8.360   -3.065  -12.422
   747   -1.570   -1.570  -14.066  -10.209    5.827   -8.538   -2.711  -12.919
   748   -1.549   -1.549  -13.856   -9.828    5.562   -8.420   -2.858  -12.686
   749   -1.543   -1.543  -13.856   -9.807    5.557   -8.431   -2.875  -12.682
   750   -1.528   -1.528  -13.787   -9.759    5.518   -8.378   -2.860  -12.619
   751   -1.499   -1.499  -13.556   -9.073    5.072   -8.309   -3.237  -12.311

 Symmetrized values from band-averaging:

       k =  0.000000  0.000000  0.000000 ik =   1 spin = 1

     n      Emf       Eo      Vxc        X      Cor     Eqp0     Eqp1      Znk
   733   -2.399   -2.399  -14.004  -11.043   -1.979   -1.417   -1.578    0.836
   734   -2.339   -2.339  -13.721  -10.409   -2.284   -1.310   -1.481    0.834
   735   -2.032   -2.032  -14.020  -10.604   -2.356   -0.972   -1.147    0.835
   736   -2.011   -2.011  -14.000  -10.559   -2.373   -0.944   -1.121    0.835
   737   -1.952   -1.952  -14.057  -10.591   -2.393   -0.878   -1.055    0.835
   738   -1.917   -1.917  -14.032  -10.483   -2.455   -0.824   -1.004    0.835
   739   -1.841   -1.841  -14.057  -10.360   -2.558   -0.702   -0.892    0.833
   740   -1.839   -1.839  -14.072  -10.378   -2.550   -0.695   -0.887    0.833
   741   -1.800   -1.800  -13.983  -10.199   -2.640   -0.656   -0.847    0.833
   742   -1.709   -1.709  -13.870   -9.889   -2.806   -0.535   -0.731    0.833
   743   -1.689   -1.689  -13.590   -9.138   -3.197   -0.434   -0.642    0.834
   744   -1.682   -1.682  -13.688   -9.348   -3.100   -0.443   -0.649    0.834
   745   -1.665   -1.665  -13.823   -9.667   -2.948   -0.457   -0.657    0.834
   746   -1.636   -1.636  -13.657   -9.357   -3.065   -0.401   -0.607    0.834
   747   -1.570   -1.570  -14.066  -10.209   -2.711   -0.423   -0.613    0.834
   748   -1.549   -1.549  -13.856   -9.828   -2.858   -0.379   -0.573    0.834
   749   -1.543   -1.543  -13.856   -9.807   -2.875   -0.369   -0.564    0.834
   750   -1.528   -1.528  -13.787   -9.759   -2.860   -0.359   -0.553    0.834
   751   -1.499   -1.499  -13.556   -9.073   -3.237   -0.254   -0.460    0.835

================================================================================

    n = band index.
  Emf = "inner" mean-field energy eigenvalue used to construct Sigma(E),
        read from WFN_inner.
   Eo = "outer" mean-field energy eigenvalue where we center the evaluation
        frequency grid {E} of Sigma(E). Defaults to Emf, unless
        you use WFN_outer and eqp_outer.dat / scissors_outer.
  Vxc = exchange-correlation pot., calculated from VXC or read from vxc.dat.
  KIH = Kinetic energy + Ionic potential + Hartree, read from kih.dat.
    X = bare exchange.
   SX = screened exchange contrib. to Sigma(E) at energy E=Eo
   CH = Coulomb hole contrib. to Sigma(E) at energy E=Eo
  Cor = SX-X + CH = correlation portion of Sigma(E) at energy E=Eo.
  Sig = X + Cor = self energy, Sigma(E), at energy E=Eo.
 Eqp0 = on-shell QP energy = Emf - Vxc + Sig(Eo)
        Eqp0 is *not* the recommended quantity to use for QP properties.
 Eqp1 = off-shell solution to the linearized  Dyson`s equation
      = Eqp0 + (dSig/dE) / (1 - dSig/dE) * (Eqp0 - Eo),
        or a full linear interpolation if more freq. points where computed.
        Eqp1 is the recommended quantity to use for QP properties.
  Znk = quasiparticle renormalization factor

 Notes on the static remainder:
 - Unprimed values, such as Eqp0, are evaluated WITH the static remainder
 - Primed values, such as Eqp0`, are evaluated WITHOUT the static remainder

 Notes on the finite_difference_form from sigma.inp file:
   none    : -2 => dSig/dE = 0 (skip the expansion)
   backward: -1 => dSig/dE = (Sig(Eo) - Sig(Eo-dE)) / dE
   central :  0 => dSig/dE = (Sig(Eo+dE) - Sig(Eo-dE)) / (2*dE)
   forward :  1 => dSig/dE = (Sig(Eo+dE) - Sig(Eo)) / dE
   default :  2 => forward for diagonal and none for off-diagonal
   dE is finite_difference_spacing from Sigma.inp file.
   We are using the form #2 with dE = 1.000 eV.

 General notes:
 - All energies are reported here in eV.
 - Both Emf and Vxc contain the average pot. Vxc0, so Vxc0 doesn`t affect Sigma.
 - Eqp1 and Eqp0 are Eqs. (36-37) from Hybertsen & Louie PRB 34 5390.
 - We recommend you use Eqp1 for QP properties of materials.

================================================================================


WARNING: |Eqp0 - Eo| > finite_difference_spacing. Linear extrapolation for eqp1
may be inaccurate. You should test the validity of eqp1 by rerunning the
calculation with the self energy evaluated at the eqp0 energies. For that,
use the eqp_outer.dat file, created with eqp.py script and point WFN_outer to
WFN_inner, if you were not already using WFN_outer.


********************************************************************************
*                                                                              *
* Your calculation employed methods and algorithms published in peer-reviewed  *
* papers. Please, cite the following references to give proper credit to their *
*          authors and help support future development of BerkeleyGW.          *
*                                                                              *
********************************************************************************

 J. Deslippe, G. Samsonidze, D. A. Strubbe, M. Jain, M. L. Cohen, and S. G.
 Louie, BerkeleyGW: A Massively Parallel Computer Package for the Calculation
 of the Quasiparticle and Optical Properties of Materials and Nanostructures,
 Computer Physics Communications 183, 1269 (2012).

 M. S. Hybertsen and S. G. Louie, Electron Correlation in Semiconductors and
 Insulators: Band Gaps and Quasiparticle Energies, Phys. Rev. B 34, 5390
 (1986).

 S. Ismail-Beigi, Truncation of Periodic Image Interactions for Confined
 Systems, Phys. Rev. B 73, 233103 (2006).

 M. Del Ben, F. H. da Jornada, A. Canning, N. Wichmann, K. Raman, R. Sasanka,
 C. Yang, S. G. Louie, and J. Deslippe, Large-Scale GW Calculations on Pre-
 Exascale HPC Systems, Computer Physics Communications 235, 187 (2019).

********************************************************************************

 
 Timing information
 
                                CPU time (s)          WALL time (s)       Number
 Routine                       min        max        min        max     of calls
 -------------------------  ---------  ---------  ---------  ---------  --------
 - Epscopy Comm                  0.06       0.75       0.03       0.38         2
 - Input I/O                    12.73     162.10      12.79     162.13     10005
 - Input Comm                  293.68     493.44     307.02     493.46     10005
 - FFT Zero                     11.44     116.28       5.71      58.22       152
 - FFT Put                       5.10      27.53       2.57      17.99       152
 - FFT Plan                      0.12       0.30       0.07       0.14       249
 - FFT Exec                    170.95     427.34      85.48     215.87       249
 - FFT Mltply                    7.94      76.80       3.96      38.44        95
 - FFT Conjg                     3.29      33.22       1.64      16.64        57
 - FFT Get                       4.44      28.75       2.22      18.92        95
 - I/O TOTAL                   780.37     804.00     800.71     803.83         8
 - INPUT                       492.47     511.19     508.80     511.22         1
 - EPSCOPY                     284.13     294.80     294.50     294.58         1
 - FULLBZ                        0.00       0.01       0.00       0.25         2
 - VXC                           0.00       0.01       0.00       0.32         2
 - MTXEL_CH                     47.66     153.15      23.84      77.45        19
 - SUBGRP                        0.00       0.00       0.00       0.00         1
 - IRRBZ                         0.00       0.00       0.00       0.00         1
 - GMAP                          0.15       0.69       0.15       0.68         2
 - GENWF                         1.99       5.06       1.99       5.06         2
 - MTXEL                       158.56     527.28      79.30     269.57        38
 - MTXEL_COR TOT             40490.06   50626.69   25368.47   25613.34        38
 - VCOUL                         1.18       3.42       1.18       3.43         2
 - EPSREAD                       0.53       0.90       0.53       0.90         2
 - INPUT_OUTER                   0.00       2.24       0.00       2.24         1
 - MTXEL COMM                    0.00       0.00       0.00       0.00         2
 - BARE X                        0.00       2.39       0.00       2.23        39
 - WF COMM                       0.00       0.00       0.00       0.00         1
 - INPUT (READ)                451.40     506.96     468.59     506.99     10003
 - INPUT (WRITE)                 0.02       0.09       0.02       0.10      9648
 - SUB-TRANSF TOT                0.00       0.00       0.00       0.00        38
 - M.COR INIT                    1.58       9.37       0.84       4.71        38
 - M.COR EPSINIT                80.61     189.36      40.55      95.78        38
 - M.COR COMM                 1355.57   12095.15     714.42   11310.00     91656
 - M.COR PP PREP                67.27     147.21      33.76      74.07      1976
 - M.COR SX+CH               25615.32   33535.89   12809.18   16772.73    183312
 - M.COR REMAIN               2391.59   17122.53    1289.07    8633.76    183312
 - READ NEPS                     0.00       1.45       0.00       1.45         1
 - EPSCOPY IO                  283.09     294.06     293.52     293.86         2
 - EQP LOOP TOTAL            40726.19   51260.48   25724.54   25724.71         1
 - TOTAL                     41532.21   52066.57   26530.84   26530.99         1
 
 Job Done
 
