
 frequency_dependence   1

 band_index   733   751
 sigma_matrix     0   0

 finite_difference_form   2
 finite_difference_spacing  1.000000

 symmetries
 ntran  =  1
 mtrx01 =  1  0  0  0  1  0  0  0  1

       k =  0.000000  0.000000  0.000000 ik =   1 spin = 1

   n            Emf             Eo              X           SX-X             CH            Sig            Vxc           Eqp0           Eqp1            CH`           Sig`          Eqp0`          Eqp1`            Znk
 733   -2.398625519   -2.398625519  -11.043218667    6.490291000   -8.469476441  -13.022404109  -14.003788562   -1.417241066   -1.577902420   -7.335162846  -11.888090514   -0.282927471   -0.629286039    0.836291115
 734   -2.338594808   -2.338594808  -10.408597071    6.108750117   -8.392769210  -12.692616164  -13.721211639   -1.309999333   -1.480867931   -7.272463328  -11.572310282   -0.189693450   -0.546665429    0.833881636
 735   -2.031556432   -2.031556432  -10.604190979    6.132961851   -8.489214898  -12.960444026  -14.020394577   -0.971605881   -1.146691611   -7.328878069  -11.800107197    0.188730948   -0.178022609    0.834817078
 736   -2.011138791   -2.011138791  -10.559495384    6.107392878   -8.480595831  -12.932698337  -13.999547667   -0.944289461   -1.120569847   -7.321334783  -11.773437289    0.214971588   -0.152858795    0.834765434
 737   -1.951633906   -1.951633906  -10.591031632    6.125683522   -8.518494016  -12.983842126  -14.057350501   -0.878125531   -1.054889388   -7.355530305  -11.820878414    0.284838181   -0.083419247    0.835340030
 738   -1.917367306   -1.917367306  -10.483152555    6.053147313   -8.508228402  -12.938233644  -14.031869741   -0.823731209   -1.004325721   -7.347463975  -11.777469217    0.337033218   -0.035240852    0.834867821
 739   -1.840699088   -1.840699088  -10.360285673    5.969004528   -8.526621720  -12.917902864  -14.057086194   -0.701515758   -0.891922026   -7.364008265  -11.755289410    0.461097697    0.076368984    0.832857220
 740   -1.839168499   -1.839168499  -10.377778975    5.987287277   -8.537066479  -12.927558178  -14.071615328   -0.695111349   -0.886624136   -7.372838787  -11.763330486    0.469116343    0.082714261    0.832602080
 741   -1.800079222   -1.800079222  -10.198989904    5.849414429   -8.489307566  -12.838883041  -13.983067391   -0.655894872   -0.846981052   -7.332272283  -11.681847758    0.501140411    0.116821862    0.832993538
 742   -1.709419900   -1.709419900   -9.888904341    5.639585727   -8.446065182  -12.695383796  -13.870067826   -0.534735870   -0.731402287   -7.292894099  -11.542212713    0.618435213    0.228704092    0.832579305
 743   -1.688614872   -1.688614872   -9.138269472    5.134989357   -8.332259227  -12.335539342  -13.589886896   -0.434267318   -0.642099791   -7.218701236  -11.221981351    0.679290673    0.286953107    0.834310297
 744   -1.682318403   -1.682318403   -9.347964733    5.268474272   -8.368843851  -12.448334312  -13.687533934   -0.443118781   -0.648651522   -7.241215431  -11.320705892    0.684509639    0.291949273    0.834140732
 745   -1.665385263   -1.665385263   -9.666502234    5.475949968   -8.424036755  -12.614589020  -13.823150126   -0.456824158   -0.657270761   -7.276010817  -11.466563083    0.691201780    0.300348669    0.834144420
 746   -1.635578407   -1.635578407   -9.357136547    5.295157882   -8.360439431  -12.422418096  -13.656587734   -0.401408769   -0.606864634   -7.230832271  -11.292810936    0.728198391    0.334693486    0.833527046
 747   -1.569592631   -1.569592631  -10.208732082    5.827460561   -8.538084198  -12.919355718  -14.066295865   -0.422652484   -0.613440602   -7.350740578  -11.732012098    0.764691135    0.376393971    0.833654687
 748   -1.548542179   -1.548542179   -9.828439934    5.561756845   -8.419775493  -12.686458582  -13.856396985   -0.378603776   -0.572606304   -7.254374715  -11.521057804    0.786797002    0.399544389    0.834177144
 749   -1.542653392   -1.542653392   -9.807183856    5.556612046   -8.431262266  -12.681834076  -13.855585554   -0.368901914   -0.563721399   -7.267400509  -11.517972319    0.794959843    0.406962370    0.834019817
 750   -1.527851524   -1.527851524   -9.758646986    5.517606376   -8.377648291  -12.618688900  -13.787490579   -0.359049846   -0.552986520   -7.215648846  -11.456689456    0.802949599    0.416204931    0.834072215
 751   -1.498910719   -1.498910719   -9.073375973    5.071690675   -8.309166782  -12.310852079  -13.555753004   -0.254009795   -0.459745037   -7.189953644  -11.191638942    0.865203343    0.474504317    0.834737658


================================================================================

    n = band index.
  Emf = "inner" mean-field energy eigenvalue used to construct Sigma(E),
        read from WFN_inner.
   Eo = "outer" mean-field energy eigenvalue where we center the evaluation
        frequency grid {E} of Sigma(E). Defaults to Emf, unless
        you use WFN_outer and eqp_outer.dat / scissors_outer.
  Vxc = exchange-correlation pot., calculated from VXC or read from vxc.dat.
  KIH = Kinetic energy + Ionic potential + Hartree, read from kih.dat.
    X = bare exchange.
   SX = screened exchange contrib. to Sigma(E) at energy E=Eo
   CH = Coulomb hole contrib. to Sigma(E) at energy E=Eo
  Cor = SX-X + CH = correlation portion of Sigma(E) at energy E=Eo.
  Sig = X + Cor = self energy, Sigma(E), at energy E=Eo.
 Eqp0 = on-shell QP energy = Emf - Vxc + Sig(Eo)
        Eqp0 is *not* the recommended quantity to use for QP properties.
 Eqp1 = off-shell solution to the linearized  Dyson`s equation
      = Eqp0 + (dSig/dE) / (1 - dSig/dE) * (Eqp0 - Eo),
        or a full linear interpolation if more freq. points where computed.
        Eqp1 is the recommended quantity to use for QP properties.
  Znk = quasiparticle renormalization factor

 Notes on the static remainder:
 - Unprimed values, such as Eqp0, are evaluated WITH the static remainder
 - Primed values, such as Eqp0`, are evaluated WITHOUT the static remainder

 Notes on the finite_difference_form from sigma.inp file:
   none    : -2 => dSig/dE = 0 (skip the expansion)
   backward: -1 => dSig/dE = (Sig(Eo) - Sig(Eo-dE)) / dE
   central :  0 => dSig/dE = (Sig(Eo+dE) - Sig(Eo-dE)) / (2*dE)
   forward :  1 => dSig/dE = (Sig(Eo+dE) - Sig(Eo)) / dE
   default :  2 => forward for diagonal and none for off-diagonal
   dE is finite_difference_spacing from Sigma.inp file.
   We are using the form #2 with dE = 1.000 eV.

 General notes:
 - All energies are reported here in eV.
 - Both Emf and Vxc contain the average pot. Vxc0, so Vxc0 doesn`t affect Sigma.
 - Eqp1 and Eqp0 are Eqs. (36-37) from Hybertsen & Louie PRB 34 5390.
 - We recommend you use Eqp1 for QP properties of materials.

================================================================================

