
 BerkeleyGW version 3.0
 BSE/Kernel code, Complex version, run on 14-Jun-2024 at 15:36:03 -0700

                                                                 ..o.          
                                                                .oxxo.         
                                                               .oxxxxo...      
                                                               oxxxxxxo.       
                                                              .oxxxxxxx.       
                                                              .ooooooxxo..     
                                                              .oooooooxo..     
                                                              .oooooxxo...     
                                                       .........oxooo......    
                                                 ............................  
                                             ................................. 
                                          .................................... 
           .          ..oo. ....  .................................oooxxxxxxxo.
     .............oxxxx@ox@@@x@x.....................o...........ooooooooooxx. 
    .o.........oox@x.oo........xxx@@............ooxxxxo..........ooooxxxxxoxo  
    .x........x@xxo...............o@xxo........oxxx@@@xoooooooooooooooxxxo...  
    .o......ox@@o..................oox@o.....ooxxx@xoooxxxxxxxoooooooooooo.... 
    o..ooooo@@xoooo....ooo...........x@o.....ooxxxxo   .oxxxxxxxxxxooooooo.... 
    . .oooo@@@@@@@@@@@@@@@@@@@@@@@@@@@@@@....ooooox.     .oxx@@@@@xxoo........ 
      .ooooxxxxxxxooooooxooooooooooooooxo...oooooxx.        ..ox@xxxoo.........
      .ooooooxxxx@xoooooooooooooxxoooooooooooxxxxx.            .oxxooooooooxxo.
     .oooooxxxxx@@@xxxxxxxxxxxxxxxxxxxxxxxxoxxxxo.                .oxxxxxxxxo. 
   ....oooxxxxx@@@xo..oxxx@@@@@@xxxxoxxoooooooxx.                  .oxxxoo..   
  .....ooxxxx@@xo.       ........    .ooooooooxxo                              
  ..oooxxxx@@@o                       .oooooooxoo.                             
  ....oxooxxxxx.                       .ooo..oooo.                             
  .....o.ooxxxxxo.                     .oooooooxo.                             
 ......ooooxxxxxxo.                     .ooooooxoo..                           
........ooxxxxxxxo..                     .o....oxoo...                         
.......ooooxxxxxxxo.                     ........oooo.                         
.ooooooo..ooxxxxoooo.                    .........ooo...                       
..oxo...ooooxxxoooo..                    .ooo......oooo...                     
  .ooooo....o.                            .oxxxoo....ooo....                   
    .oooooo...                              ...ooooo...ooo..                   
       ...                                     .oo.......                      
                                               ....ooo...                      
                      __              __                                       
 ______              [  |            [  |                 ._____  _          _ 
|_   _ \              | |  _          | |                /  ___ \| |        | |
  | |_) | .---.  _. _.| | / |  .---.  | | .---.  _    _ / /    \_|\ \  /\  / / 
  |  __'./ /__\\[ /`\_| '' <  / /__\\ | |/ /__\\| \  | | |   _____ \ \/  \/ /  
 _| |__| | \__. | |   | |`\ \ | \___. | || \___. \ \/ / \ \.___| |  \  /\  /   
|_______/ \.__./[_]  [__|  \_] \.__./[___]\.__./  \  /   \.____./    \/  \/    
                                                  / /                          
                                                 /_/                           
 --------------------------------------------------------------------------------
 Please cite the main BerkeleyGW paper when using results from this calculation:

 Jack Deslippe, Georgy Samsonidze, David A. Strubbe, Manish Jain, Marvin L.
 Cohen, and Steven G. Louie, "BerkeleyGW: A Massively Parallel Computer Package
 for the Calculation of the Quasiparticle and Optical Properties of Materials
 and Nanostructures," Comput. Phys. Commun. 183, 1269 (2012)

 Aditionally, PLEASE CITE ALL PAPERS REPORTED AT THE END OF THIS CALCULATION.
 --------------------------------------------------------------------------------

 Running MPI version (parallel)
 Running with 402 MPI task(s)
 Using OpenMP. Number of threads per MPI task: 2

 Compilation flags:
 - Compiler: GNU
 - Para. flags: MPI, OMP
 - Math  flags: USESCALAPACK, UNPACKED, USEFFTW3, HDF5
 - Debug flags: 

 Calculating the kernel only for (v,c)->(v',c') transitions.

 Running with verbosity level 1 (default).

 We are doing a calculation with zero exciton momentum


 Running with semiconductor screening

 We are communicating via MPI

 We will not reuse wavefunction FFTs.
 We are using a truncated Coulomb interaction: cell wire
 Highest occupied band (coarse grid) = 731
 Valence max    (coarse grid) = -3.257259 eV
 Conduction min (coarse grid) = -2.641590 eV
 Middle energy  (coarse grid) = -2.949425 eV
 Fermi  energy  (coarse grid) = -2.949425 eV

 No symmetries used in the coarse grid sampling

 Parallelization strategy: (k,c)^2
 - Breaking transitions into (v)^2 blocks
 - Distributing each block with (k,c)^2 transitions to blocks of processors
 Parallelizing calculation with blocks and pools:
 - Number of transitions per block: 1600
 - Number of MPI ranks per block: 100
 - Number of transitions per MPI rank: 4

 Memory available: 40616.9 MB per PE
 Memory required for execution: 35698.9 MB per PE
 Extra memory required for vcoul: 162.2 MB per PE

 Started reading wavefunctions (WFN_co) with 80 state(s) at 15:36:05.
 [ 15:36:20 |   0% ] state  1 / 80.
 [ 15:36:20 |   3% ] state  3 / 80, remaining: 6 s.
 [ 15:36:20 |   9% ] state  8 / 80, remaining: 5 s.
 [ 15:36:21 |  19% ] state 16 / 80, remaining: 4 s.
 [ 15:36:21 |  29% ] state 24 / 80, remaining: 4 s.
 [ 15:36:22 |  39% ] state 32 / 80, remaining: 3 s.
 [ 15:36:22 |  49% ] state 40 / 80, remaining: 3 s.
 [ 15:38:03 |  59% ] state 48 / 80, remaining: 74 s.
 [ 15:38:03 |  69% ] state 56 / 80, remaining: 48 s.
 [ 15:38:04 |  79% ] state 64 / 80, remaining: 28 s.
 [ 15:38:04 |  89% ] state 72 / 80, remaining: 13 s.
 [ 15:38:04 |  99% ] state 80 / 80, remaining: 1 s.
 Finished reading wavefunctions (WFN_co) at 15:38:04.
 Elapsed time: 119 s.


 Crystal wavefunctions read from file WFN_co:
 - Number of k-points in WFN_co: 2
 - Number of k-points in the full BZ of WFN_co: 2

 GPU acceleration is : DISABLED

 Algorithms used:
 - calc_charge_matrix: CPU_ALGO
 - g_sum             : CPU_ALGO
 - w_sum             : CPU_ALGO

 Calculation parameters:
 - This is a Bethe-Salpeter-equation calculation.
 - Cutoff of the bare Coulomb interaction (Ry): 60.00
 - Cutoff of the screened Coulomb interaction (Ry): 12.00
 - Number of G-vectors up to the bare int. cutoff: 1381955
 - Number of G-vectors up to the screened int. cutoff: 123471
 - Number of valence bands: 20
 - Number of conduction bands: 20
 - Number of spins: 1

 Epsilon matrix for q->0 read from eps0mat.h5:
 - Number of q-points: 1
 - Dielectric cutoff (Ry): 12.00

 Epsilon matrix for q/=0 read from epsmat.h5:
 - Number of q-points: 1
 - Dielectric cutoff (Ry): 12.00

 Calculating Coulomb potential.
 Note: for G=0: setting q0 =  0.000000  0.000000  0.001000

 Started calculation of matrix elements with 4 blocked transition(s) at 15:43:11.
 [ 15:43:11 |   0% ] blocked transition 1 / 4.
 [ 00:47:55 |  25% ] blocked transition 2 / 4.
 [ 00:59:17 |  50% ] blocked transition 3 / 4, remaining: 1363 s.
 [ 01:10:18 |  75% ] blocked transition 4 / 4, remaining: 672 s.
 Finished calculation of matrix elements at 01:21:22.
 Elapsed time: 34690 s.

 Expected size of the BSE matrices:
   bsemat.h5: 39.848 MB


 Frobenius norm of the matrices per spin:
 - Head :  3.593320923656E+0001
 - Wing :  3.126125662688E+0003
 - Body :  8.068628704487E+0003
 - X    :  3.455989565205E+0003


********************************************************************************
*                                                                              *
* Your calculation employed methods and algorithms published in peer-reviewed  *
* papers. Please, cite the following references to give proper credit to their *
*          authors and help support future development of BerkeleyGW.          *
*                                                                              *
********************************************************************************

 J. Deslippe, G. Samsonidze, D. A. Strubbe, M. Jain, M. L. Cohen, and S. G.
 Louie, BerkeleyGW: A Massively Parallel Computer Package for the Calculation
 of the Quasiparticle and Optical Properties of Materials and Nanostructures,
 Computer Physics Communications 183, 1269 (2012).

 M. Rohlfing and S. G. Louie, Electron-Hole Excitations and Optical Spectra
 from First Principles, Phys. Rev. B 62, 4927 (2000).

 S. Ismail-Beigi, Truncation of Periodic Image Interactions for Confined
 Systems, Phys. Rev. B 73, 233103 (2006).

********************************************************************************


                             CPU (s)        WALL (s)          #

 INPUT:          (min.)      120.638         121.051          1
                 (PE 0)      120.638         121.065
                 (max.)      121.065         121.075
 EPSCOPY:        (min.)      285.236         306.397          1
                 (PE 0)      288.946         306.407
                 (max.)      306.313         306.411
 GENWF:          (min.)        0.000           0.000          4
                 (PE 0)        7.341           7.349
                 (max.)       12.101          12.102
 EXCWF:          (min.)        0.000           0.000          0
                 (PE 0)        0.000           0.000
                 (max.)        0.000           0.000
 MTXEL:          (min.)    34621.848       34623.852          4
                 (PE 0)    60101.707       34683.025
                 (max.)    67141.186       34683.025
 FULLBZ:         (min.)        0.000           0.000          2
                 (PE 0)        0.000           0.000
                 (max.)        0.002           0.005
 BSEWRITE:       (min.)        1.235           1.800          1
                 (PE 0)        1.533           1.840
                 (max.)        1.777           1.840
 MTXEL Setup:    (min.)        0.000           0.000          2
                 (PE 0)        3.048           3.050
                 (max.)        3.574           3.574
 MTXEL Vcoul:    (min.)        0.000           0.000          5
                 (PE 0)        0.027           0.015
                 (max.)        0.040           0.026
 MTXEL W:        (min.)        0.000           0.000     123471
                 (PE 0)      190.131          95.867
                 (max.)      924.955         465.108
 MTXEL W-Sum:    (min.)        0.000           0.000     123475
                 (PE 0)    49114.953       24581.467
                 (max.)    62793.633       31415.773
 MTXEL FFT Dir:  (min.)        0.000           0.000          4
                 (PE 0)      841.514         423.009
                 (max.)      877.962         441.188
 MTXEL High G:   (min.)        0.000           0.000          1
                 (PE 0)        2.233           2.234
                 (max.)        5.415           5.416
 MTXEL FFT X:    (min.)        0.000           0.000          4
                 (PE 0)      511.761         256.905
                 (max.)      524.375         263.199
 MTXEL BSEX:     (min.)        0.000           0.000          4
                 (PE 0)        1.736           0.972
                 (max.)        2.076           1.187
 MTXEL INDEX:    (min.)        0.000           0.000          1
                 (PE 0)        0.090           0.089
                 (max.)        0.209           0.210
 MTXEL EPSHEAD:  (min.)        0.000           0.000          1
                 (PE 0)        0.000           0.000
                 (max.)        0.000           0.000
 MTXEL EPSREAD:  (min.)        0.000           0.000     123668
                 (PE 0)      219.454         111.570
                 (max.)      281.071         140.962
 MTXEL EPSOPEN:  (min.)        0.000           0.000          0
                 (PE 0)        0.000           0.000
                 (max.)        0.000           0.000
 MTXEL G SUM:    (min.)        0.000           0.000          4
                 (PE 0)       13.985           7.080
                 (max.)       18.096           9.186
 MTXEL COMM:     (min.)     2138.361        2136.565       1608
                 (PE 0)     9161.105        9161.999
                 (max.)    34316.979       34318.959
 BSEWRITE COMM:  (min.)        0.145           0.163          1
                 (PE 0)        0.145           0.167
                 (max.)        0.176           0.177
 BSEWRITE I/O:   (min.)        1.057           1.623          1
                 (PE 0)        1.348           1.623
                 (max.)        1.609           1.624
 MTXEL FFT CC:   (min.)        0.000           0.000          4
                 (PE 0)       14.457           7.254
                 (max.)       15.616           7.838
 MTXEL FFT VV:   (min.)        0.000           0.000          4
                 (PE 0)      827.057         415.755
                 (max.)      862.596         433.516
 MTXEL FIND:     (min.)        0.000           0.000          4
                 (PE 0)        0.448           0.447
                 (max.)        0.702           0.702
 MTXEL ALLOC:    (min.)        0.000           0.000          4
                 (PE 0)        0.000           0.000
                 (max.)        0.000           0.001
 MTXEL FFTBOX:   (min.)        0.000           0.000          4
                 (PE 0)        0.000           0.001
                 (max.)        0.000           0.003
 MTXEL FFT VC:   (min.)        0.000           0.000          4
                 (PE 0)      511.761         256.905
                 (max.)      524.375         263.199

 TOTAL:          (min.)    35119.718       35122.417
                 (PE 0)    60522.983       35122.456
                 (max.)    67582.744       35122.456

