
 BerkeleyGW version 4.0
 BSE/Kernel code, Complex version, run on 31-Dec-2024 at 02:43:35 -0800

                                                                 ..o.          
                                                                .oxxo.         
                                                               .oxxxxo...      
                                                               oxxxxxxo.       
                                                              .oxxxxxxx.       
                                                              .ooooooxxo..     
                                                              .oooooooxo..     
                                                              .oooooxxo...     
                                                       .........oxooo......    
                                                 ............................  
                                             ................................. 
                                          .................................... 
           .          ..oo. ....  .................................oooxxxxxxxo.
     .............oxxxx@ox@@@x@x.....................o...........ooooooooooxx. 
    .o.........oox@x.oo........xxx@@............ooxxxxo..........ooooxxxxxoxo  
    .x........x@xxo...............o@xxo........oxxx@@@xoooooooooooooooxxxo...  
    .o......ox@@o..................oox@o.....ooxxx@xoooxxxxxxxoooooooooooo.... 
    o..ooooo@@xoooo....ooo...........x@o.....ooxxxxo   .oxxxxxxxxxxooooooo.... 
    . .oooo@@@@@@@@@@@@@@@@@@@@@@@@@@@@@@....ooooox.     .oxx@@@@@xxoo........ 
      .ooooxxxxxxxooooooxooooooooooooooxo...oooooxx.        ..ox@xxxoo.........
      .ooooooxxxx@xoooooooooooooxxoooooooooooxxxxx.            .oxxooooooooxxo.
     .oooooxxxxx@@@xxxxxxxxxxxxxxxxxxxxxxxxoxxxxo.                .oxxxxxxxxo. 
   ....oooxxxxx@@@xo..oxxx@@@@@@xxxxoxxoooooooxx.                  .oxxxoo..   
  .....ooxxxx@@xo.       ........    .ooooooooxxo                              
  ..oooxxxx@@@o                       .oooooooxoo.                             
  ....oxooxxxxx.                       .ooo..oooo.                             
  .....o.ooxxxxxo.                     .oooooooxo.                             
 ......ooooxxxxxxo.                     .ooooooxoo..                           
........ooxxxxxxxo..                     .o....oxoo...                         
.......ooooxxxxxxxo.                     ........oooo.                         
.ooooooo..ooxxxxoooo.                    .........ooo...                       
..oxo...ooooxxxoooo..                    .ooo......oooo...                     
  .ooooo....o.                            .oxxxoo....ooo....                   
    .oooooo...                              ...ooooo...ooo..                   
       ...                                     .oo.......                      
                                               ....ooo...                      
                      __              __                                       
 ______              [  |            [  |                 ._____  _          _ 
|_   _ \              | |  _          | |                /  ___ \| |        | |
  | |_) | .---.  _. _.| | / |  .---.  | | .---.  _    _ / /    \_|\ \  /\  / / 
  |  __'./ /__\\[ /`\_| '' <  / /__\\ | |/ /__\\| \  | | |   _____ \ \/  \/ /  
 _| |__| | \__. | |   | |`\ \ | \___. | || \___. \ \/ / \ \.___| |  \  /\  /   
|_______/ \.__./[_]  [__|  \_] \.__./[___]\.__./  \  /   \.____./    \/  \/    
                                                  / /                          
                                                 /_/                           
 --------------------------------------------------------------------------------
 Please cite the main BerkeleyGW paper when using results from this calculation:

 Jack Deslippe, Georgy Samsonidze, David A. Strubbe, Manish Jain, Marvin L.
 Cohen, and Steven G. Louie, "BerkeleyGW: A Massively Parallel Computer Package
 for the Calculation of the Quasiparticle and Optical Properties of Materials
 and Nanostructures," Comput. Phys. Commun. 183, 1269 (2012)

 Aditionally, PLEASE CITE ALL PAPERS REPORTED AT THE END OF THIS CALCULATION.
 --------------------------------------------------------------------------------

 Running MPI version (parallel)
 Running with 402 MPI task(s)
 Using OpenMP. Number of threads per MPI task: 2

 Compilation flags:
 - Compiler: GNU
 - Para. flags: MPI, OMP
 - Math  flags: USESCALAPACK, UNPACKED, USEFFTW3, HDF5
 - Debug flags: 

 Calculating the kernel only for (v,c)->(v',c') transitions.

 Running with verbosity level 1 (default).

 We are doing a calculation with zero exciton momentum


 Running with semiconductor screening

 We are communicating via MPI

 We will not reuse wavefunction FFTs.
 We are using a truncated Coulomb interaction: cell wire
 Highest occupied band (coarse grid) = 731
 Valence max    (coarse grid) = -3.333186 eV
 Conduction min (coarse grid) = -2.490297 eV
 Middle energy  (coarse grid) = -2.911741 eV
 Fermi  energy  (coarse grid) = -2.911741 eV

 No symmetries used in the coarse grid sampling

 Parallelization strategy: (k,c)^2
 - Breaking transitions into (v)^2 blocks
 - Distributing each block with (k,c)^2 transitions to blocks of processors
 Parallelizing calculation with blocks and pools:
 - Number of transitions per block: 1600
 - Number of MPI ranks per block: 100
 - Number of transitions per MPI rank: 4

 Memory available: 40322.3 MB per PE
 Memory required for execution: 35698.9 MB per PE
 Extra memory required for vcoul: 162.2 MB per PE

 Started reading wavefunctions (WFN_co) with 80 state(s) at 02:43:36.
 [ 02:43:51 |   0% ] state  1 / 80.
 [ 02:43:51 |   3% ] state  3 / 80, remaining: 5 s.
 [ 02:43:52 |   9% ] state  8 / 80, remaining: 5 s.
 [ 02:43:52 |  19% ] state 16 / 80, remaining: 4 s.
 [ 02:43:53 |  29% ] state 24 / 80, remaining: 4 s.
 [ 02:43:53 |  39% ] state 32 / 80, remaining: 3 s.
 [ 02:43:54 |  49% ] state 40 / 80, remaining: 3 s.
 [ 02:45:35 |  59% ] state 48 / 80, remaining: 74 s.
 [ 02:45:36 |  69% ] state 56 / 80, remaining: 48 s.
 [ 02:45:36 |  79% ] state 64 / 80, remaining: 29 s.
 [ 02:45:36 |  89% ] state 72 / 80, remaining: 13 s.
 [ 02:45:37 |  99% ] state 80 / 80, remaining: 1 s.
 Finished reading wavefunctions (WFN_co) at 02:45:37.
 Elapsed time: 120 s.


 Crystal wavefunctions read from file WFN_co:
 - Number of k-points in WFN_co: 2
 - Number of k-points in the full BZ of WFN_co: 2

 GPU acceleration is : DISABLED

 Algorithms used:
 - mtxel : CPU_ALGO
 - w_sum : CPU_ALGO
 - g_sum : CPU_ALGO

 Calculation parameters:
 - This is a Bethe-Salpeter-equation calculation.
 - Cutoff of the bare Coulomb interaction (Ry): 60.00
 - Cutoff of the screened Coulomb interaction (Ry): 12.00
 - Number of G-vectors up to the bare int. cutoff: 1381955
 - Number of G-vectors up to the screened int. cutoff: 123471
 - Number of valence bands: 20
 - Number of conduction bands: 20
 - Number of spins: 1
 - Number of spinors: 1

 Epsilon matrix for q->0 read from eps0mat.h5:
 - Number of q-points: 1
 - Dielectric cutoff (Ry): 12.00

 Epsilon matrix for q/=0 read from epsmat.h5:
 - Number of q-points: 1
 - Dielectric cutoff (Ry): 12.00

 Calculating Coulomb potential.
 Note: for G=0: setting q0 =  0.000000  0.000000  0.001000

 Started calculation of matrix elements with 4 blocked transition(s) at 02:51:25.
 [ 02:51:25 |   0% ] blocked transition 1 / 4.
 [ 12:21:00 |  25% ] blocked transition 2 / 4.
 [ 12:32:10 |  50% ] blocked transition 3 / 4, remaining: 1339 s.
 [ 12:43:10 |  75% ] blocked transition 4 / 4, remaining: 665 s.
 Finished calculation of matrix elements at 12:54:12.
 Elapsed time: 36166 s.

 Expected size of the BSE matrices:
   bsemat.h5: 39.848 MB


 Frobenius norm of the matrices per spin:
 - Head :  3.584428264607E+0001
 - Wing :  3.011255586322E+0003
 - Body :  8.158985144830E+0003
 - X    :  3.412027695410E+0003


********************************************************************************
*                                                                              *
* Your calculation employed methods and algorithms published in peer-reviewed  *
* papers. Please, cite the following references to give proper credit to their *
*          authors and help support future development of BerkeleyGW.          *
*                                                                              *
********************************************************************************

 J. Deslippe, G. Samsonidze, D. A. Strubbe, M. Jain, M. L. Cohen, and S. G.
 Louie, BerkeleyGW: A Massively Parallel Computer Package for the Calculation
 of the Quasiparticle and Optical Properties of Materials and Nanostructures,
 Computer Physics Communications 183, 1269 (2012).

 M. Rohlfing and S. G. Louie, Electron-Hole Excitations and Optical Spectra
 from First Principles, Phys. Rev. B 62, 4927 (2000).

 S. Ismail-Beigi, Truncation of Periodic Image Interactions for Confined
 Systems, Phys. Rev. B 73, 233103 (2006).

********************************************************************************


                             CPU (s)        WALL (s)          #

 INPUT:          (min.)      121.713         122.147          1
                 (PE 0)      121.713         122.160
                 (max.)      122.149         122.187
 EPSCOPY:        (min.)      334.206         346.900          1
                 (PE 0)      334.206         346.929
                 (max.)      346.903         346.933
 GENWF:          (min.)        0.000           0.000          4
                 (PE 0)        9.364           9.373
                 (max.)       13.916          13.918
 EXCWF:          (min.)        0.000           0.000          0
                 (PE 0)        0.000           0.000
                 (max.)        0.000           0.000
 MTXEL:          (min.)    36096.228       36098.717          4
                 (PE 0)    63668.301       36157.106
                 (max.)    70310.636       36159.111
 FULLBZ:         (min.)        0.000           0.000          2
                 (PE 0)        0.000           0.001
                 (max.)        0.001           0.004
 BSEWRITE:       (min.)        0.760           1.421          1
                 (PE 0)        1.192           1.463
                 (max.)        1.405           1.463
 MTXEL Setup:    (min.)        0.000           0.000          2
                 (PE 0)        2.997           2.998
                 (max.)        4.107           4.107
 MTXEL Vcoul:    (min.)        0.000           0.000          5
                 (PE 0)        0.029           0.017
                 (max.)        0.042           0.030
 MTXEL W:        (min.)        0.000           0.000     123471
                 (PE 0)      234.573         118.467
                 (max.)     1388.730         658.683
 MTXEL W-Sum:    (min.)        0.000           0.000     123475
                 (PE 0)    53154.361       26600.672
                 (max.)    66310.848       33164.528
 MTXEL FFT Dir:  (min.)        0.000           0.000          4
                 (PE 0)      897.302         454.894
                 (max.)      901.325         456.672
 MTXEL High G:   (min.)        0.000           0.000          1
                 (PE 0)        5.606           5.611
                 (max.)        7.884           7.885
 MTXEL FFT X:    (min.)        0.000           0.000          4
                 (PE 0)      522.284         263.002
                 (max.)      525.016         264.366
 MTXEL BSEX:     (min.)        0.000           0.000          4
                 (PE 0)        1.547           1.028
                 (max.)        1.928           1.308
 MTXEL INDEX:    (min.)        0.000           0.000          1
                 (PE 0)        0.105           0.105
                 (max.)        0.270           0.271
 MTXEL EPSHEAD:  (min.)        0.000           0.000          1
                 (PE 0)        0.000           0.000
                 (max.)        0.000           0.001
 MTXEL EPSREAD:  (min.)        0.000           0.000     123668
                 (PE 0)      268.301         134.716
                 (max.)      357.248         180.349
 MTXEL EPSOPEN:  (min.)        0.000           0.000          0
                 (PE 0)        0.000           0.000
                 (max.)        0.000           0.000
 MTXEL G SUM:    (min.)        0.000           0.000          4
                 (PE 0)       17.687           8.977
                 (max.)       18.784           9.494
 MTXEL COMM:     (min.)     1937.214        1934.401       1608
                 (PE 0)     8507.288        8508.441
                 (max.)    35777.399       35779.818
 BSEWRITE COMM:  (min.)        0.000           0.000          1
                 (PE 0)        0.190           0.205
                 (max.)        0.208           0.208
 BSEWRITE I/O:   (min.)        0.700           1.213          1
                 (PE 0)        0.961           1.213
                 (max.)        1.196           1.214
 MTXEL FFT CC:   (min.)        0.000           0.000          4
                 (PE 0)       14.525           7.311
                 (max.)       15.161           7.648
 MTXEL FFT VV:   (min.)        0.000           0.000          4
                 (PE 0)      882.778         447.583
                 (max.)      886.682         449.354
 MTXEL FIND:     (min.)        0.000           0.000          4
                 (PE 0)        0.265           0.266
                 (max.)        0.816           0.815
 MTXEL ALLOC:    (min.)        0.000           0.000          4
                 (PE 0)        0.000           0.000
                 (max.)        0.000           0.001
 MTXEL FFTBOX:   (min.)        0.000           0.000          4
                 (PE 0)        0.000           0.001
                 (max.)        0.000           0.002
 MTXEL FFT VC:   (min.)        0.000           0.000          4
                 (PE 0)      522.284         263.002
                 (max.)      525.016         264.366

 TOTAL:          (min.)    36637.442       36640.835
                 (PE 0)    64138.670       36640.875
                 (max.)    70793.908       36640.875

