
 BerkeleyGW version 4.0
 BSE/Kernel code, Complex version, run on 07-Feb-2025 at 06:41:05 -0800

                                                                 ..o.          
                                                                .oxxo.         
                                                               .oxxxxo...      
                                                               oxxxxxxo.       
                                                              .oxxxxxxx.       
                                                              .ooooooxxo..     
                                                              .oooooooxo..     
                                                              .oooooxxo...     
                                                       .........oxooo......    
                                                 ............................  
                                             ................................. 
                                          .................................... 
           .          ..oo. ....  .................................oooxxxxxxxo.
     .............oxxxx@ox@@@x@x.....................o...........ooooooooooxx. 
    .o.........oox@x.oo........xxx@@............ooxxxxo..........ooooxxxxxoxo  
    .x........x@xxo...............o@xxo........oxxx@@@xoooooooooooooooxxxo...  
    .o......ox@@o..................oox@o.....ooxxx@xoooxxxxxxxoooooooooooo.... 
    o..ooooo@@xoooo....ooo...........x@o.....ooxxxxo   .oxxxxxxxxxxooooooo.... 
    . .oooo@@@@@@@@@@@@@@@@@@@@@@@@@@@@@@....ooooox.     .oxx@@@@@xxoo........ 
      .ooooxxxxxxxooooooxooooooooooooooxo...oooooxx.        ..ox@xxxoo.........
      .ooooooxxxx@xoooooooooooooxxoooooooooooxxxxx.            .oxxooooooooxxo.
     .oooooxxxxx@@@xxxxxxxxxxxxxxxxxxxxxxxxoxxxxo.                .oxxxxxxxxo. 
   ....oooxxxxx@@@xo..oxxx@@@@@@xxxxoxxoooooooxx.                  .oxxxoo..   
  .....ooxxxx@@xo.       ........    .ooooooooxxo                              
  ..oooxxxx@@@o                       .oooooooxoo.                             
  ....oxooxxxxx.                       .ooo..oooo.                             
  .....o.ooxxxxxo.                     .oooooooxo.                             
 ......ooooxxxxxxo.                     .ooooooxoo..                           
........ooxxxxxxxo..                     .o....oxoo...                         
.......ooooxxxxxxxo.                     ........oooo.                         
.ooooooo..ooxxxxoooo.                    .........ooo...                       
..oxo...ooooxxxoooo..                    .ooo......oooo...                     
  .ooooo....o.                            .oxxxoo....ooo....                   
    .oooooo...                              ...ooooo...ooo..                   
       ...                                     .oo.......                      
                                               ....ooo...                      
                      __              __                                       
 ______              [  |            [  |                 ._____  _          _ 
|_   _ \              | |  _          | |                /  ___ \| |        | |
  | |_) | .---.  _. _.| | / |  .---.  | | .---.  _    _ / /    \_|\ \  /\  / / 
  |  __'./ /__\\[ /`\_| '' <  / /__\\ | |/ /__\\| \  | | |   _____ \ \/  \/ /  
 _| |__| | \__. | |   | |`\ \ | \___. | || \___. \ \/ / \ \.___| |  \  /\  /   
|_______/ \.__./[_]  [__|  \_] \.__./[___]\.__./  \  /   \.____./    \/  \/    
                                                  / /                          
                                                 /_/                           
 --------------------------------------------------------------------------------
 Please cite the main BerkeleyGW paper when using results from this calculation:

 Jack Deslippe, Georgy Samsonidze, David A. Strubbe, Manish Jain, Marvin L.
 Cohen, and Steven G. Louie, "BerkeleyGW: A Massively Parallel Computer Package
 for the Calculation of the Quasiparticle and Optical Properties of Materials
 and Nanostructures," Comput. Phys. Commun. 183, 1269 (2012)

 Aditionally, PLEASE CITE ALL PAPERS REPORTED AT THE END OF THIS CALCULATION.
 --------------------------------------------------------------------------------

 Running MPI version (parallel)
 Running with 402 MPI task(s)
 Using OpenMP. Number of threads per MPI task: 2

 Compilation flags:
 - Compiler: GNU
 - Para. flags: MPI, OMP
 - Math  flags: USESCALAPACK, UNPACKED, USEFFTW3, HDF5
 - Debug flags: 

 Calculating the kernel only for (v,c)->(v',c') transitions.

 Running with verbosity level 1 (default).

 We are doing a calculation with zero exciton momentum


 Running with semiconductor screening

 We are communicating via MPI

 We will not reuse wavefunction FFTs.
 We are using a truncated Coulomb interaction: cell wire
 Highest occupied band (coarse grid) = 728
 Valence max    (coarse grid) = -3.335213 eV
 Conduction min (coarse grid) = -2.421328 eV
 Middle energy  (coarse grid) = -2.878271 eV
 Fermi  energy  (coarse grid) = -2.878271 eV

 No symmetries used in the coarse grid sampling

 Parallelization strategy: (k,c)^2
 - Breaking transitions into (v)^2 blocks
 - Distributing each block with (k,c)^2 transitions to blocks of processors
 Parallelizing calculation with blocks and pools:
 - Number of transitions per block: 1600
 - Number of MPI ranks per block: 100
 - Number of transitions per MPI rank: 4

 Memory available: 40722.3 MB per PE
 Memory required for execution: 35698.9 MB per PE
 Extra memory required for vcoul: 162.2 MB per PE

 Started reading wavefunctions (WFN_co) with 80 state(s) at 06:41:07.
 [ 06:41:22 |   0% ] state  1 / 80.
 [ 06:41:23 |   3% ] state  3 / 80, remaining: 5 s.
 [ 06:41:23 |   9% ] state  8 / 80, remaining: 5 s.
 [ 06:41:23 |  19% ] state 16 / 80, remaining: 4 s.
 [ 06:41:24 |  29% ] state 24 / 80, remaining: 4 s.
 [ 06:41:24 |  39% ] state 32 / 80, remaining: 3 s.
 [ 06:41:25 |  49% ] state 40 / 80, remaining: 3 s.
 [ 06:43:08 |  59% ] state 48 / 80, remaining: 75 s.
 [ 06:43:08 |  69% ] state 56 / 80, remaining: 49 s.
 [ 06:43:08 |  79% ] state 64 / 80, remaining: 29 s.
 [ 06:43:09 |  89% ] state 72 / 80, remaining: 14 s.
 [ 06:43:09 |  99% ] state 80 / 80, remaining: 1 s.
 Finished reading wavefunctions (WFN_co) at 06:43:09.
 Elapsed time: 122 s.


 Crystal wavefunctions read from file WFN_co:
 - Number of k-points in WFN_co: 2
 - Number of k-points in the full BZ of WFN_co: 2

 GPU acceleration is : DISABLED

 Algorithms used:
 - mtxel : CPU_ALGO
 - w_sum : CPU_ALGO
 - g_sum : CPU_ALGO

 Calculation parameters:
 - This is a Bethe-Salpeter-equation calculation.
 - Cutoff of the bare Coulomb interaction (Ry): 60.00
 - Cutoff of the screened Coulomb interaction (Ry): 12.00
 - Number of G-vectors up to the bare int. cutoff: 1381955
 - Number of G-vectors up to the screened int. cutoff: 123471
 - Number of valence bands: 20
 - Number of conduction bands: 20
 - Number of spins: 1
 - Number of spinors: 1

 Epsilon matrix for q->0 read from eps0mat.h5:
 - Number of q-points: 1
 - Dielectric cutoff (Ry): 12.00

 Epsilon matrix for q/=0 read from epsmat.h5:
 - Number of q-points: 1
 - Dielectric cutoff (Ry): 12.00

 Calculating Coulomb potential.
 Note: for G=0: setting q0 =  0.000000  0.000000  0.001000

 Started calculation of matrix elements with 4 blocked transition(s) at 06:49:00.
 [ 06:49:00 |   0% ] blocked transition 1 / 4.
 [ 15:53:55 |  25% ] blocked transition 2 / 4.
 [ 16:05:07 |  50% ] blocked transition 3 / 4, remaining: 1343 s.
 [ 16:16:10 |  75% ] blocked transition 4 / 4, remaining: 668 s.
 Finished calculation of matrix elements at 16:27:13.
 Elapsed time: 34693 s.

 Expected size of the BSE matrices:
   bsemat.h5: 39.848 MB


 Frobenius norm of the matrices per spin:
 - Head :  3.568074973353E+0001
 - Wing :  3.016720812720E+0003
 - Body :  8.209559294084E+0003
 - X    :  3.537108881599E+0003


********************************************************************************
*                                                                              *
* Your calculation employed methods and algorithms published in peer-reviewed  *
* papers. Please, cite the following references to give proper credit to their *
*          authors and help support future development of BerkeleyGW.          *
*                                                                              *
********************************************************************************

 J. Deslippe, G. Samsonidze, D. A. Strubbe, M. Jain, M. L. Cohen, and S. G.
 Louie, BerkeleyGW: A Massively Parallel Computer Package for the Calculation
 of the Quasiparticle and Optical Properties of Materials and Nanostructures,
 Computer Physics Communications 183, 1269 (2012).

 M. Rohlfing and S. G. Louie, Electron-Hole Excitations and Optical Spectra
 from First Principles, Phys. Rev. B 62, 4927 (2000).

 S. Ismail-Beigi, Truncation of Periodic Image Interactions for Confined
 Systems, Phys. Rev. B 73, 233103 (2006).

********************************************************************************


                             CPU (s)        WALL (s)          #

 INPUT:          (min.)      123.454         123.784          1
                 (PE 0)      123.454         123.993
                 (max.)      123.986         123.999
 EPSCOPY:        (min.)      333.377         349.744          1
                 (PE 0)      333.377         349.752
                 (max.)      349.724         349.755
 GENWF:          (min.)        0.000           0.000          4
                 (PE 0)        9.343           9.356
                 (max.)       13.721          13.722
 EXCWF:          (min.)        0.000           0.000          0
                 (PE 0)        0.000           0.000
                 (max.)        0.000           0.000
 MTXEL:          (min.)    34622.248       34625.175          4
                 (PE 0)    62470.454       34683.708
                 (max.)    67146.713       34685.999
 FULLBZ:         (min.)        0.000           0.000          2
                 (PE 0)        0.000           0.000
                 (max.)        0.002           0.003
 BSEWRITE:       (min.)        0.882           1.415          1
                 (PE 0)        1.131           1.417
                 (max.)        1.399           1.417
 MTXEL Setup:    (min.)        0.000           0.000          2
                 (PE 0)        3.012           3.013
                 (max.)        4.131           4.131
 MTXEL Vcoul:    (min.)        0.000           0.000          5
                 (PE 0)        0.031           0.020
                 (max.)        0.041           0.029
 MTXEL W:        (min.)        0.000           0.000     123471
                 (PE 0)      225.760         114.373
                 (max.)     1321.053         633.716
 MTXEL W-Sum:    (min.)        0.000           0.000     123475
                 (PE 0)    53732.020       26889.173
                 (max.)    62980.746       31499.466
 MTXEL FFT Dir:  (min.)        0.000           0.000          4
                 (PE 0)      902.028         456.983
                 (max.)      904.365         458.005
 MTXEL High G:   (min.)        0.000           0.000          1
                 (PE 0)        6.031           6.035
                 (max.)        6.344           6.344
 MTXEL FFT X:    (min.)        0.000           0.000          4
                 (PE 0)      519.441         261.591
                 (max.)      529.588         266.584
 MTXEL BSEX:     (min.)        0.000           0.000          4
                 (PE 0)        1.547           1.038
                 (max.)        1.910           1.284
 MTXEL INDEX:    (min.)        0.000           0.000          1
                 (PE 0)        0.107           0.108
                 (max.)        0.223           0.223
 MTXEL EPSHEAD:  (min.)        0.000           0.000          1
                 (PE 0)        0.000           0.000
                 (max.)        0.000           0.001
 MTXEL EPSREAD:  (min.)        0.000           0.000     123668
                 (PE 0)      246.917         124.109
                 (max.)      316.485         159.235
 MTXEL EPSOPEN:  (min.)        0.000           0.000          0
                 (PE 0)        0.000           0.000
                 (max.)        0.000           0.000
 MTXEL G SUM:    (min.)        0.000           0.000          4
                 (PE 0)       17.115           8.793
                 (max.)       18.443           9.305
 MTXEL COMM:     (min.)     2116.558        2114.831       1608
                 (PE 0)     6795.208        6795.750
                 (max.)    34310.006       34312.649
 BSEWRITE COMM:  (min.)        0.142           0.152          1
                 (PE 0)        0.142           0.161
                 (max.)        0.162           0.162
 BSEWRITE I/O:   (min.)        0.719           1.253          1
                 (PE 0)        0.987           1.254
                 (max.)        1.236           1.255
 MTXEL FFT CC:   (min.)        0.000           0.000          4
                 (PE 0)       14.482           7.306
                 (max.)       15.277           7.695
 MTXEL FFT VV:   (min.)        0.000           0.000          4
                 (PE 0)      887.546         449.677
                 (max.)      889.821         450.659
 MTXEL FIND:     (min.)        0.000           0.000          4
                 (PE 0)        0.238           0.238
                 (max.)        0.791           0.791
 MTXEL ALLOC:    (min.)        0.000           0.000          4
                 (PE 0)        0.000           0.000
                 (max.)        0.000           0.001
 MTXEL FFTBOX:   (min.)        0.000           0.000          4
                 (PE 0)        0.000           0.000
                 (max.)        0.000           0.002
 MTXEL FFT VC:   (min.)        0.000           0.000          4
                 (PE 0)      519.441         261.591
                 (max.)      529.588         266.584

 TOTAL:          (min.)    35167.572       35171.247
                 (PE 0)    62940.832       35171.249
                 (max.)    67633.108       35171.250

