
 BerkeleyGW version 3.0
 BSE/Kernel code, Complex version, run on 10-Jun-2024 at 10:16:32 -0700

                                                                 ..o.          
                                                                .oxxo.         
                                                               .oxxxxo...      
                                                               oxxxxxxo.       
                                                              .oxxxxxxx.       
                                                              .ooooooxxo..     
                                                              .oooooooxo..     
                                                              .oooooxxo...     
                                                       .........oxooo......    
                                                 ............................  
                                             ................................. 
                                          .................................... 
           .          ..oo. ....  .................................oooxxxxxxxo.
     .............oxxxx@ox@@@x@x.....................o...........ooooooooooxx. 
    .o.........oox@x.oo........xxx@@............ooxxxxo..........ooooxxxxxoxo  
    .x........x@xxo...............o@xxo........oxxx@@@xoooooooooooooooxxxo...  
    .o......ox@@o..................oox@o.....ooxxx@xoooxxxxxxxoooooooooooo.... 
    o..ooooo@@xoooo....ooo...........x@o.....ooxxxxo   .oxxxxxxxxxxooooooo.... 
    . .oooo@@@@@@@@@@@@@@@@@@@@@@@@@@@@@@....ooooox.     .oxx@@@@@xxoo........ 
      .ooooxxxxxxxooooooxooooooooooooooxo...oooooxx.        ..ox@xxxoo.........
      .ooooooxxxx@xoooooooooooooxxoooooooooooxxxxx.            .oxxooooooooxxo.
     .oooooxxxxx@@@xxxxxxxxxxxxxxxxxxxxxxxxoxxxxo.                .oxxxxxxxxo. 
   ....oooxxxxx@@@xo..oxxx@@@@@@xxxxoxxoooooooxx.                  .oxxxoo..   
  .....ooxxxx@@xo.       ........    .ooooooooxxo                              
  ..oooxxxx@@@o                       .oooooooxoo.                             
  ....oxooxxxxx.                       .ooo..oooo.                             
  .....o.ooxxxxxo.                     .oooooooxo.                             
 ......ooooxxxxxxo.                     .ooooooxoo..                           
........ooxxxxxxxo..                     .o....oxoo...                         
.......ooooxxxxxxxo.                     ........oooo.                         
.ooooooo..ooxxxxoooo.                    .........ooo...                       
..oxo...ooooxxxoooo..                    .ooo......oooo...                     
  .ooooo....o.                            .oxxxoo....ooo....                   
    .oooooo...                              ...ooooo...ooo..                   
       ...                                     .oo.......                      
                                               ....ooo...                      
                      __              __                                       
 ______              [  |            [  |                 ._____  _          _ 
|_   _ \              | |  _          | |                /  ___ \| |        | |
  | |_) | .---.  _. _.| | / |  .---.  | | .---.  _    _ / /    \_|\ \  /\  / / 
  |  __'./ /__\\[ /`\_| '' <  / /__\\ | |/ /__\\| \  | | |   _____ \ \/  \/ /  
 _| |__| | \__. | |   | |`\ \ | \___. | || \___. \ \/ / \ \.___| |  \  /\  /   
|_______/ \.__./[_]  [__|  \_] \.__./[___]\.__./  \  /   \.____./    \/  \/    
                                                  / /                          
                                                 /_/                           
 --------------------------------------------------------------------------------
 Please cite the main BerkeleyGW paper when using results from this calculation:

 Jack Deslippe, Georgy Samsonidze, David A. Strubbe, Manish Jain, Marvin L.
 Cohen, and Steven G. Louie, "BerkeleyGW: A Massively Parallel Computer Package
 for the Calculation of the Quasiparticle and Optical Properties of Materials
 and Nanostructures," Comput. Phys. Commun. 183, 1269 (2012)

 Aditionally, PLEASE CITE ALL PAPERS REPORTED AT THE END OF THIS CALCULATION.
 --------------------------------------------------------------------------------

 Running MPI version (parallel)
 Running with 402 MPI task(s)
 Using OpenMP. Number of threads per MPI task: 2

 Compilation flags:
 - Compiler: GNU
 - Para. flags: MPI, OMP
 - Math  flags: USESCALAPACK, UNPACKED, USEFFTW3, HDF5
 - Debug flags: 

 Calculating the kernel only for (v,c)->(v',c') transitions.

 Running with verbosity level 1 (default).

 We are doing a calculation with zero exciton momentum


 Running with semiconductor screening

 We are communicating via MPI

 We will not reuse wavefunction FFTs.
 We are using a truncated Coulomb interaction: cell wire
 Highest occupied band (coarse grid) = 731
 Valence max    (coarse grid) = -3.314670 eV
 Conduction min (coarse grid) = -2.460450 eV
 Middle energy  (coarse grid) = -2.887560 eV
 Fermi  energy  (coarse grid) = -2.887560 eV

 No symmetries used in the coarse grid sampling

 Parallelization strategy: (k,c)^2
 - Breaking transitions into (v)^2 blocks
 - Distributing each block with (k,c)^2 transitions to blocks of processors
 Parallelizing calculation with blocks and pools:
 - Number of transitions per block: 1600
 - Number of MPI ranks per block: 100
 - Number of transitions per MPI rank: 4

 Memory available: 40747.8 MB per PE
 Memory required for execution: 35698.9 MB per PE
 Extra memory required for vcoul: 162.2 MB per PE

 Started reading wavefunctions (WFN_co) with 80 state(s) at 10:16:34.
 [ 10:16:49 |   0% ] state  1 / 80.
 [ 10:16:49 |   3% ] state  3 / 80, remaining: 5 s.
 [ 10:16:49 |   9% ] state  8 / 80, remaining: 5 s.
 [ 10:16:50 |  19% ] state 16 / 80, remaining: 4 s.
 [ 10:16:50 |  29% ] state 24 / 80, remaining: 4 s.
 [ 10:16:51 |  39% ] state 32 / 80, remaining: 3 s.
 [ 10:16:51 |  49% ] state 40 / 80, remaining: 3 s.
 [ 10:18:32 |  59% ] state 48 / 80, remaining: 74 s.
 [ 10:18:33 |  69% ] state 56 / 80, remaining: 48 s.
 [ 10:18:33 |  79% ] state 64 / 80, remaining: 29 s.
 [ 10:18:33 |  89% ] state 72 / 80, remaining: 13 s.
 [ 10:18:34 |  99% ] state 80 / 80, remaining: 1 s.
 Finished reading wavefunctions (WFN_co) at 10:18:34.
 Elapsed time: 119 s.


 Crystal wavefunctions read from file WFN_co:
 - Number of k-points in WFN_co: 2
 - Number of k-points in the full BZ of WFN_co: 2

 GPU acceleration is : DISABLED

 Algorithms used:
 - calc_charge_matrix: CPU_ALGO
 - g_sum             : CPU_ALGO
 - w_sum             : CPU_ALGO

 Calculation parameters:
 - This is a Bethe-Salpeter-equation calculation.
 - Cutoff of the bare Coulomb interaction (Ry): 60.00
 - Cutoff of the screened Coulomb interaction (Ry): 12.00
 - Number of G-vectors up to the bare int. cutoff: 1381955
 - Number of G-vectors up to the screened int. cutoff: 123471
 - Number of valence bands: 20
 - Number of conduction bands: 20
 - Number of spins: 1

 Epsilon matrix for q->0 read from eps0mat.h5:
 - Number of q-points: 1
 - Dielectric cutoff (Ry): 12.00

 Epsilon matrix for q/=0 read from epsmat.h5:
 - Number of q-points: 1
 - Dielectric cutoff (Ry): 12.00

 Calculating Coulomb potential.
 Note: for G=0: setting q0 =  0.000000  0.000000  0.001000

 Started calculation of matrix elements with 4 blocked transition(s) at 10:23:24.
 [ 10:23:24 |   0% ] blocked transition 1 / 4.
 [ 19:26:41 |  25% ] blocked transition 2 / 4.
 [ 19:37:52 |  50% ] blocked transition 3 / 4, remaining: 1342 s.
 [ 19:48:54 |  75% ] blocked transition 4 / 4, remaining: 666 s.
 Finished calculation of matrix elements at 19:59:58.
 Elapsed time: 34594 s.

 Expected size of the BSE matrices:
   bsemat.h5: 39.848 MB


 Frobenius norm of the matrices per spin:
 - Head :  3.590191646681E+0001
 - Wing :  3.025418263204E+0003
 - Body :  8.212018361550E+0003
 - X    :  3.428873140111E+0003


********************************************************************************
*                                                                              *
* Your calculation employed methods and algorithms published in peer-reviewed  *
* papers. Please, cite the following references to give proper credit to their *
*          authors and help support future development of BerkeleyGW.          *
*                                                                              *
********************************************************************************

 J. Deslippe, G. Samsonidze, D. A. Strubbe, M. Jain, M. L. Cohen, and S. G.
 Louie, BerkeleyGW: A Massively Parallel Computer Package for the Calculation
 of the Quasiparticle and Optical Properties of Materials and Nanostructures,
 Computer Physics Communications 183, 1269 (2012).

 M. Rohlfing and S. G. Louie, Electron-Hole Excitations and Optical Spectra
 from First Principles, Phys. Rev. B 62, 4927 (2000).

 S. Ismail-Beigi, Truncation of Periodic Image Interactions for Confined
 Systems, Phys. Rev. B 73, 233103 (2006).

********************************************************************************


                             CPU (s)        WALL (s)          #

 INPUT:          (min.)      120.950         121.142          1
                 (PE 0)      120.950         121.150
                 (max.)      121.151         121.163
 EPSCOPY:        (min.)      272.014         289.762          1
                 (PE 0)      272.014         289.772
                 (max.)      289.703         289.776
 GENWF:          (min.)        0.000           0.000          4
                 (PE 0)        8.152           8.160
                 (max.)       12.038          12.040
 EXCWF:          (min.)        0.000           0.000          0
                 (PE 0)        0.000           0.000
                 (max.)        0.000           0.000
 MTXEL:          (min.)    34527.707       34530.449          4
                 (PE 0)    62344.423       34585.377
                 (max.)    67105.693       34589.934
 FULLBZ:         (min.)        0.000           0.000          2
                 (PE 0)        0.000           0.000
                 (max.)        0.002           0.004
 BSEWRITE:       (min.)        1.022           1.510          1
                 (PE 0)        1.175           1.512
                 (max.)        1.493           1.512
 MTXEL Setup:    (min.)        0.000           0.000          2
                 (PE 0)        2.935           2.936
                 (max.)        3.544           3.545
 MTXEL Vcoul:    (min.)        0.000           0.000          5
                 (PE 0)        0.031           0.015
                 (max.)        0.041           0.024
 MTXEL W:        (min.)        0.000           0.000     123471
                 (PE 0)      209.836         106.054
                 (max.)      917.561         461.154
 MTXEL W-Sum:    (min.)        0.000           0.000     123475
                 (PE 0)    53787.158       26919.888
                 (max.)    62903.530       31460.469
 MTXEL FFT Dir:  (min.)        0.000           0.000          4
                 (PE 0)      832.307         418.362
                 (max.)      864.917         434.923
 MTXEL High G:   (min.)        0.000           0.000          1
                 (PE 0)        3.637           3.639
                 (max.)        5.580           5.581
 MTXEL FFT X:    (min.)        0.000           0.000          4
                 (PE 0)      490.070         246.149
                 (max.)      513.646         257.824
 MTXEL BSEX:     (min.)        0.000           0.000          4
                 (PE 0)        1.754           0.991
                 (max.)        2.072           1.174
 MTXEL INDEX:    (min.)        0.000           0.000          1
                 (PE 0)        0.090           0.090
                 (max.)        0.131           0.131
 MTXEL EPSHEAD:  (min.)        0.000           0.000          1
                 (PE 0)        0.000           0.000
                 (max.)        0.000           0.001
 MTXEL EPSREAD:  (min.)        0.000           0.000     123668
                 (PE 0)      239.161         120.615
                 (max.)      278.857         141.723
 MTXEL EPSOPEN:  (min.)        0.000           0.000          0
                 (PE 0)        0.000           0.000
                 (max.)        0.000           0.000
 MTXEL G SUM:    (min.)        0.000           0.000          4
                 (PE 0)       16.043           8.079
                 (max.)       18.164           9.111
 MTXEL COMM:     (min.)     2029.613        2026.718       1608
                 (PE 0)     6726.662        6726.656
                 (max.)    34225.259       34227.754
 BSEWRITE COMM:  (min.)        0.135           0.135          1
                 (PE 0)        0.143           0.161
                 (max.)        0.165           0.165
 BSEWRITE I/O:   (min.)        0.877           1.344          1
                 (PE 0)        1.029           1.348
                 (max.)        1.331           1.349
 MTXEL FFT CC:   (min.)        0.000           0.000          4
                 (PE 0)       13.591           6.818
                 (max.)       15.153           7.610
 MTXEL FFT VV:   (min.)        0.000           0.000          4
                 (PE 0)      818.716         411.544
                 (max.)      850.365         427.583
 MTXEL FIND:     (min.)        0.000           0.000          4
                 (PE 0)        0.242           0.241
                 (max.)        0.777           0.778
 MTXEL ALLOC:    (min.)        0.000           0.000          4
                 (PE 0)        0.000           0.000
                 (max.)        0.001           0.001
 MTXEL FFTBOX:   (min.)        0.000           0.000          4
                 (PE 0)        0.000           0.000
                 (max.)        0.000           0.002
 MTXEL FFT VC:   (min.)        0.000           0.000          4
                 (PE 0)      490.070         246.149
                 (max.)      513.646         257.824

 TOTAL:          (min.)    35007.853       35011.184
                 (PE 0)    62751.977       35011.186
                 (max.)    67529.811       35011.186

