
 BerkeleyGW version 3.0
 Epsilon code, Complex version, run on 03-May-2024 at 08:26:03 -0700

                                                                 ..o.          
                                                                .oxxo.         
                                                               .oxxxxo...      
                                                               oxxxxxxo.       
                                                              .oxxxxxxx.       
                                                              .ooooooxxo..     
                                                              .oooooooxo..     
                                                              .oooooxxo...     
                                                       .........oxooo......    
                                                 ............................  
                                             ................................. 
                                          .................................... 
           .          ..oo. ....  .................................oooxxxxxxxo.
     .............oxxxx@ox@@@x@x.....................o...........ooooooooooxx. 
    .o.........oox@x.oo........xxx@@............ooxxxxo..........ooooxxxxxoxo  
    .x........x@xxo...............o@xxo........oxxx@@@xoooooooooooooooxxxo...  
    .o......ox@@o..................oox@o.....ooxxx@xoooxxxxxxxoooooooooooo.... 
    o..ooooo@@xoooo....ooo...........x@o.....ooxxxxo   .oxxxxxxxxxxooooooo.... 
    . .oooo@@@@@@@@@@@@@@@@@@@@@@@@@@@@@@....ooooox.     .oxx@@@@@xxoo........ 
      .ooooxxxxxxxooooooxooooooooooooooxo...oooooxx.        ..ox@xxxoo.........
      .ooooooxxxx@xoooooooooooooxxoooooooooooxxxxx.            .oxxooooooooxxo.
     .oooooxxxxx@@@xxxxxxxxxxxxxxxxxxxxxxxxoxxxxo.                .oxxxxxxxxo. 
   ....oooxxxxx@@@xo..oxxx@@@@@@xxxxoxxoooooooxx.                  .oxxxoo..   
  .....ooxxxx@@xo.       ........    .ooooooooxxo                              
  ..oooxxxx@@@o                       .oooooooxoo.                             
  ....oxooxxxxx.                       .ooo..oooo.                             
  .....o.ooxxxxxo.                     .oooooooxo.                             
 ......ooooxxxxxxo.                     .ooooooxoo..                           
........ooxxxxxxxo..                     .o....oxoo...                         
.......ooooxxxxxxxo.                     ........oooo.                         
.ooooooo..ooxxxxoooo.                    .........ooo...                       
..oxo...ooooxxxoooo..                    .ooo......oooo...                     
  .ooooo....o.                            .oxxxoo....ooo....                   
    .oooooo...                              ...ooooo...ooo..                   
       ...                                     .oo.......                      
                                               ....ooo...                      
                      __              __                                       
 ______              [  |            [  |                 ._____  _          _ 
|_   _ \              | |  _          | |                /  ___ \| |        | |
  | |_) | .---.  _. _.| | / |  .---.  | | .---.  _    _ / /    \_|\ \  /\  / / 
  |  __'./ /__\\[ /`\_| '' <  / /__\\ | |/ /__\\| \  | | |   _____ \ \/  \/ /  
 _| |__| | \__. | |   | |`\ \ | \___. | || \___. \ \/ / \ \.___| |  \  /\  /   
|_______/ \.__./[_]  [__|  \_] \.__./[___]\.__./  \  /   \.____./    \/  \/    
                                                  / /                          
                                                 /_/                           
 --------------------------------------------------------------------------------
 Please cite the main BerkeleyGW paper when using results from this calculation:

 Jack Deslippe, Georgy Samsonidze, David A. Strubbe, Manish Jain, Marvin L.
 Cohen, and Steven G. Louie, "BerkeleyGW: A Massively Parallel Computer Package
 for the Calculation of the Quasiparticle and Optical Properties of Materials
 and Nanostructures," Comput. Phys. Commun. 183, 1269 (2012)

 Aditionally, PLEASE CITE ALL PAPERS REPORTED AT THE END OF THIS CALCULATION.
 --------------------------------------------------------------------------------

 Running MPI version (parallel)
 Running with 128 MPI task(s)
 Using OpenMP. Number of threads per MPI task: 8

 Compilation flags:
 - Compiler: GNU
 - Para. flags: MPI, OMP
 - Math  flags: USESCALAPACK, UNPACKED, USEFFTW3, HDF5
 - Debug flags: 

 Running with verbosity level 1 (default).

 We will start a new calculation from scratch.


 We`ll perform a uniform sampling of the full BZ.

 Computing the static inverse dielectric matrix

 We are using matrix communication scheme

 We are communicating via MPI

 We are using a truncated Coulomb interaction: cell wire
 Reading header of WFN
 Highest occupied band (unshifted grid) = 728
 Valence max    (unshifted grid) = -3.335213 eV
 Conduction min (unshifted grid) = -2.421328 eV
 Middle energy  (unshifted grid) = -2.878271 eV
 Fermi  energy  (unshifted grid) = -2.878271 eV

 Reading header of WFNq
 Highest occupied band (shifted grid) = 728

 Calculation parameters:
 - Cutoff of the dielectric matrix (Ry): 12.00
 - Total number of bands in the calculation: 4824
 - Number of fully occupied valence bands: 728
 - Number of partially occ. conduction bands: 0
 - Monkhorst-Pack q-grid for epsilon(q): 1 1 2

 Running with 4 valence pools
 Number of conduction bands per processor: 128
 Number of valence bands per processor: 182

 Memory available: 245368.8 MB per PE
 Memory required for execution: 120683.4 MB per PE
 Memory required for vcoul: 162.2 MB per PE

 Number of electrons per unit cell (from ifmax) = 1456.000000
 Number of electrons per unit cell (from occupations) = 1456.000000
 Plasma Frequency = .644770 Ry


 Started reading wavefunctions (WFN) with 9648 state(s) at 08:26:05.
 [ 08:26:05 |   0% ] state    1 / 9648.
 [ 08:26:05 |   0% ] state    3 / 9648, remaining: 164 s.
 [ 08:26:23 |  10% ] state  965 / 9648, remaining: 162 s.
 [ 08:26:41 |  20% ] state 1930 / 9648, remaining: 142 s.
 [ 08:26:58 |  30% ] state 2895 / 9648, remaining: 124 s.
 [ 08:27:16 |  40% ] state 3860 / 9648, remaining: 106 s.
 [ 08:27:33 |  50% ] state 4824 / 9648, remaining: 89 s.
 [ 08:27:55 |  60% ] state 5789 / 9648, remaining: 73 s.
 [ 08:28:15 |  70% ] state 6754 / 9648, remaining: 56 s.
 [ 08:28:36 |  80% ] state 7719 / 9648, remaining: 38 s.
 [ 08:28:56 |  90% ] state 8684 / 9648, remaining: 19 s.
 [ 08:29:16 | 100% ] state 9648 / 9648, remaining: 0 s.
 Finished reading wavefunctions (WFN) at 08:29:16.
 Elapsed time: 191 s.

 Initializing eps0mat.h5
 Initializing epsmat.h5
 - Screened Coulomb cutoff: 12.000 Ry
 - Total number of bands: 4824
 - Number of q-points: 2

 Scissors parameters:
 - Valence:    es =   0.0000 eV, e0 =   0.0000 eV, edel =   0.0000
 - Conduction: es =   0.0000 eV, e0 =   0.0000 eV, edel =   0.0000

 Q0 and |Q0| =  0.000000  0.000000  0.001000  0.000082
 Q  and |Q|  =  0.000000  0.000000  0.500000  0.041099

 GPU acceleration is : DISABLED

 Algorithms used:
 - mtxel         : CPU_ALGO
 - chi_summation : CPU_ALGO

 You have a slightly shifted q0 vector and a semiconductor.
 So, reading from WFNq.
 Reading header of WFNq
 Highest occupied band (shifted grid) = 728

 Started reading wavefunctions (WFNq) with 1456 state(s) at 08:29:17.
 [ 08:29:17 |   0% ] state    1 / 1456.
 [ 08:29:17 |   0% ] state    3 / 1456, remaining: 36 s.
 [ 08:29:22 |  10% ] state  146 / 1456, remaining: 41 s.
 [ 08:29:25 |  20% ] state  292 / 1456, remaining: 32 s.
 [ 08:29:28 |  30% ] state  437 / 1456, remaining: 26 s.
 [ 08:29:31 |  40% ] state  583 / 1456, remaining: 21 s.
 [ 08:29:34 |  50% ] state  728 / 1456, remaining: 17 s.
 [ 08:29:39 |  60% ] state  874 / 1456, remaining: 15 s.
 [ 08:29:42 |  70% ] state 1020 / 1456, remaining: 11 s.
 [ 08:29:45 |  80% ] state 1165 / 1456, remaining: 7 s.
 [ 08:29:47 |  90% ] state 1311 / 1456, remaining: 3 s.
 [ 08:29:50 | 100% ] state 1456 / 1456, remaining: 0 s.
 Finished reading wavefunctions (WFNq) at 08:29:50.
 Elapsed time: 34 s.

 Summary of the WFN files:
 - Number of k-points in WFN: 2
 - Number of k-points in WFNq: 2
 - Number of k-points in the full BZ of WFN: 2

================================================================================
 08:29:50   Dealing with q =  0.000000  0.000000  0.001000                 1 / 2
================================================================================

 This is the special q->0 point.
 Rank of the polarizability matrix (nmtx): 123471

 BLACS processor grid:   8 x  16; BLOCKSIZE =   32

 Number of k-points in the irreducible BZ(q) (nrk): 2

 Started calculation of matrix elements with 364 transition(s) at 08:29:53.
 [ 08:29:53 |   0% ] transition   1 / 364.
 [ 08:30:13 |   1% ] transition   3 / 364, remaining: 3321 s.
 [ 08:35:21 |  10% ] transition  37 / 364, remaining: 2970 s.
 [ 08:40:47 |  20% ] transition  73 / 364, remaining: 2644 s.
 [ 08:46:22 |  30% ] transition 110 / 364, remaining: 2309 s.
 [ 08:51:48 |  40% ] transition 146 / 364, remaining: 1984 s.
 [ 08:57:14 |  50% ] transition 182 / 364, remaining: 1657 s.
 [ 09:03:08 |  60% ] transition 219 / 364, remaining: 1335 s.
 [ 09:10:39 |  70% ] transition 255 / 364, remaining: 1059 s.
 [ 09:18:07 |  80% ] transition 292 / 364, remaining: 726 s.
 [ 09:24:53 |  90% ] transition 328 / 364, remaining: 373 s.
 [ 09:31:48 | 100% ] transition 364 / 364, remaining: 10 s.
 Finished calculation of matrix elements at 09:31:57.
 Elapsed time: 3724 s.

 Preparing simple convergence tests with 4096 unoccupied bands.

 Started building polarizability matrix with 128 processor(s) at 09:40:39.
 [ 09:40:39 |   0% ] processor   1 / 128.
 [ 09:45:21 |   2% ] processor   3 / 128, remaining: 17701 s.
 [ 10:08:39 |   9% ] processor  13 / 128, remaining: 16224 s.
 [ 10:39:11 |  20% ] processor  26 / 128, remaining: 14464 s.
 [ 11:09:30 |  30% ] processor  39 / 128, remaining: 12623 s.
 [ 11:39:53 |  40% ] processor  52 / 128, remaining: 10800 s.
 [ 12:10:18 |  50% ] processor  65 / 128, remaining: 8978 s.
 [ 12:38:25 |  59% ] processor  77 / 128, remaining: 7297 s.
 [ 13:08:50 |  70% ] processor  90 / 128, remaining: 5473 s.
 [ 13:39:15 |  80% ] processor 103 / 128, remaining: 3649 s.
 [ 14:09:39 |  90% ] processor 116 / 128, remaining: 1824 s.
 Finished building polarizability matrix at 14:39:54.
 Elapsed time: 17956 s.

 q-pt      1: Head of Epsilon         =    1.000044259969832E+000   0.000000000000000E+000
 q-pt      1: Epsilon(2,2)            =    2.405361484193579E+000   0.000000000000000E+000
 q-pt      1: Head of Epsilon Inverse =    9.999566655650614E-001   4.993426421176587E-024
 q-pt      1: Epsilon Inverse(2,2)    =    6.720964550772867E-001   8.673961487018858E-018

 For q0 points, you should check the symmetry (eps(G,G') = eps*(-G,-G')) by
 using the eps0sym code. Wavefunction convergence, as well as a finite q-shift
 may cause this property of eps(G,G') to be broken.

 Writing dielectric matrix to file
 Ok

================================================================================
 16:40:05   Dealing with q =  0.000000  0.000000  0.500000                 2 / 2
================================================================================

 This is a regular non-zero q-point.
 Rank of the polarizability matrix (nmtx): 123668

 BLACS processor grid:   8 x  16; BLOCKSIZE =   32

 Number of k-points in the irreducible BZ(q) (nrk): 2

 Started calculation of matrix elements with 364 transition(s) at 16:40:08.
 [ 16:40:08 |   0% ] transition   1 / 364.
 [ 16:40:29 |   1% ] transition   3 / 364, remaining: 3257 s.
 [ 16:45:34 |  10% ] transition  37 / 364, remaining: 2949 s.
 [ 16:50:58 |  20% ] transition  73 / 364, remaining: 2626 s.
 [ 16:56:31 |  30% ] transition 110 / 364, remaining: 2293 s.
 [ 17:01:55 |  40% ] transition 146 / 364, remaining: 1970 s.
 [ 17:07:19 |  50% ] transition 182 / 364, remaining: 1646 s.
 [ 17:13:04 |  60% ] transition 219 / 364, remaining: 1322 s.
 [ 17:18:37 |  70% ] transition 255 / 364, remaining: 999 s.
 [ 17:24:18 |  80% ] transition 292 / 364, remaining: 664 s.
 [ 17:30:47 |  90% ] transition 328 / 364, remaining: 344 s.
 [ 17:38:16 | 100% ] transition 364 / 364, remaining: 10 s.
 Finished calculation of matrix elements at 17:38:25.
 Elapsed time: 3498 s.

 Preparing simple convergence tests with 4096 unoccupied bands.

 Started building polarizability matrix with 128 processor(s) at 17:49:57.
 [ 17:49:57 |   0% ] processor   1 / 128.
 [ 17:54:39 |   2% ] processor   3 / 128, remaining: 17677 s.
 [ 18:17:52 |   9% ] processor  13 / 128, remaining: 16174 s.
 [ 18:48:16 |  20% ] processor  26 / 128, remaining: 14410 s.
 [ 19:18:49 |  30% ] processor  39 / 128, remaining: 12626 s.
 [ 19:49:15 |  40% ] processor  52 / 128, remaining: 10806 s.
 [ 20:19:30 |  50% ] processor  65 / 128, remaining: 8972 s.
 [ 20:47:34 |  59% ] processor  77 / 128, remaining: 7291 s.
 [ 21:18:00 |  70% ] processor  90 / 128, remaining: 5470 s.
 [ 21:48:21 |  80% ] processor 103 / 128, remaining: 3646 s.
 [ 22:18:49 |  90% ] processor 116 / 128, remaining: 1823 s.
 Finished building polarizability matrix at 22:49:13.
 Elapsed time: 17955 s.

 q-pt      2: Head of Epsilon         =    2.013512915417446E+000   0.000000000000000E+000
 q-pt      2: Epsilon(2,2)            =    2.013512915417437E+000   0.000000000000000E+000
 q-pt      2: Head of Epsilon Inverse =    6.378983002970561E-001  -5.454581987587987E-019
 q-pt      2: Epsilon Inverse(2,2)    =    6.378983002970591E-001  -4.421856091802270E-018

 Writing dielectric matrix to file
 Ok


********************************************************************************
*                                                                              *
* Your calculation employed methods and algorithms published in peer-reviewed  *
* papers. Please, cite the following references to give proper credit to their *
*          authors and help support future development of BerkeleyGW.          *
*                                                                              *
********************************************************************************

 J. Deslippe, G. Samsonidze, D. A. Strubbe, M. Jain, M. L. Cohen, and S. G.
 Louie, BerkeleyGW: A Massively Parallel Computer Package for the Calculation
 of the Quasiparticle and Optical Properties of Materials and Nanostructures,
 Computer Physics Communications 183, 1269 (2012).

 M. S. Hybertsen and S. G. Louie, Electron Correlation in Semiconductors and
 Insulators: Band Gaps and Quasiparticle Energies, Phys. Rev. B 34, 5390
 (1986).

 S. Ismail-Beigi, Truncation of Periodic Image Interactions for Confined
 Systems, Phys. Rev. B 73, 233103 (2006).

********************************************************************************

 
 Timing information
 
                                CPU time (s)          WALL time (s)       Number
 Routine                       min        max        min        max     of calls
 -------------------------  ---------  ---------  ---------  ---------  --------
 - Eps (I/O) Comm                0.90       1.99       1.48       2.44         2
 - Eps (I/O) IO              13212.00   13221.52   13222.04   13222.28         2
 - Input I/O                     7.28     106.78       7.20     114.21     11798
 - Input Comm                   78.86     215.68      82.60     215.79     11798
 - FFT Zero                   4855.60    6811.28     607.65     851.09     93912
 - FFT Put                    2564.04    3051.57     320.37     381.40     93912
 - FFT Plan                   1280.63    1356.09     162.17     169.22    187098
 - FFT Exec                  37941.26   43174.12    4744.30    5398.33    187098
 - FFT Mltply                 8625.78   12081.71    1079.33    1511.29     93184
 - FFT Conjg                    38.18      52.01       4.87       6.56       728
 - FFT Get                     362.34     465.78      44.65      57.74     93184
 - INPUT                       182.44     193.74     193.72     193.74         1
 - INPUT_Q                      32.74      33.51      33.50      33.53         1
 - FULLBZ                        0.00       0.00       0.00       0.00         1
 - GVEC                          1.07       1.17       1.07       1.25         2
 - SUBGRP                        0.00       0.00      -0.00       0.00         2
 - IRRBZ                         0.00       0.00      -0.00       0.00         2
 - GENWF                        28.22      55.97      21.59      29.94       728
 - MTXEL                     56029.38   67183.89    7008.00    8405.20       728
 - RQSTAR                        0.00       0.00      -0.00       0.02         4
 - GMAP                          0.19       0.23       0.09       0.10         4
 - EPSINV (TOTAL)            22059.53   22477.88   14469.01   14498.86         2
 - CHI SUM (COMM)                0.00    2835.83       0.00    2825.48       256
 - CHI SUM (TOTAL)          262196.54  272089.03   35891.06   35920.46         2
 - GENWF (VAL)                  20.51      46.50      14.67      21.07       728
 - GENWF (COND)                  6.58      11.03       6.58      11.03         4
 - EPSINV (VCOUL)                1.14      31.11       1.14      30.99         2
 - JOB SETUP                     0.00       0.04       0.00       0.00         1
 - Q LOOP SETUP                  1.10       1.19       1.10       1.28         2
 - INIT CUTOFF                   0.00       0.00      -0.00       0.00         2
 - INIT SCALAPACK                0.19       0.45       0.27       0.45         2
 - INIT ARRAYS                  20.29      31.65       2.82       4.46         2
 - CONVERGE TESTS                0.03    1403.00       0.03    1403.13         2
 - MTXEL (DENOM)                 1.01       2.02       0.10       0.18     93184
 - MTXEL (FFT)               56029.38   67183.89    7008.00    8405.20       728
 - GENWF (Ekin)                  0.11       0.20       0.11       0.20         8
 - GENWF (Sort)                  5.03       6.62       5.04       6.62         8
 - CHI SUM (zGEMM)          254629.99  265871.71   31833.86   33239.67       256
 - CHI SUM (PREP)             3482.34    3795.38     442.60     484.17       256
 - CHI SUM (ARRAY ALLOC)         0.00     248.14       0.00      31.49       256
 - EPSINV (I/O)              13213.76   13223.60   13224.41   13224.59         2
 - EPSINV (INVERT)            8813.69    9220.21    1227.28    1227.37         2
 - CHI SUM (BAR)                 0.00       0.09       0.00       0.04         2
 - FFT MLTPLY                  102.01     137.42      12.88      16.70     93184
 - TOTAL                    344846.58  360992.02   59064.48   59064.48         1
 
 Job Done
 
